Component: ARM Compiler 5.06 update 2 (build 183) Tool: armlink [4d35b7]

==============================================================================

Section Cross References

    stm32f3xx_hal_pwr_ex.o(i.HAL_PWR_PVD_IRQHandler) refers to stm32f3xx_hal_pwr_ex.o(i.HAL_PWR_PVDCallback) for HAL_PWR_PVDCallback
    stm32f3xx_hal_cortex.o(i.HAL_NVIC_SetPriority) refers to stm32f3xx_hal_cortex.o(i.NVIC_SetPriority) for NVIC_SetPriority
    stm32f3xx_hal_cortex.o(i.HAL_SYSTICK_Config) refers to stm32f3xx_hal_cortex.o(i.NVIC_SetPriority) for NVIC_SetPriority
    stm32f3xx_hal_cortex.o(i.HAL_SYSTICK_IRQHandler) refers to stm32f3xx_hal_cortex.o(i.HAL_SYSTICK_Callback) for HAL_SYSTICK_Callback
    stm32f3xx_hal_uart.o(i.HAL_HalfDuplex_Init) refers to stm32f3xx_hal_msp.o(i.HAL_UART_MspInit) for HAL_UART_MspInit
    stm32f3xx_hal_uart.o(i.HAL_HalfDuplex_Init) refers to stm32f3xx_hal_uart.o(i.UART_SetConfig) for UART_SetConfig
    stm32f3xx_hal_uart.o(i.HAL_HalfDuplex_Init) refers to stm32f3xx_hal_uart.o(i.UART_AdvFeatureConfig) for UART_AdvFeatureConfig
    stm32f3xx_hal_uart.o(i.HAL_HalfDuplex_Init) refers to stm32f3xx_hal_uart.o(i.UART_CheckIdleState) for UART_CheckIdleState
    stm32f3xx_hal_uart.o(i.HAL_LIN_Init) refers to stm32f3xx_hal_msp.o(i.HAL_UART_MspInit) for HAL_UART_MspInit
    stm32f3xx_hal_uart.o(i.HAL_LIN_Init) refers to stm32f3xx_hal_uart.o(i.UART_SetConfig) for UART_SetConfig
    stm32f3xx_hal_uart.o(i.HAL_LIN_Init) refers to stm32f3xx_hal_uart.o(i.UART_AdvFeatureConfig) for UART_AdvFeatureConfig
    stm32f3xx_hal_uart.o(i.HAL_LIN_Init) refers to stm32f3xx_hal_uart.o(i.UART_CheckIdleState) for UART_CheckIdleState
    stm32f3xx_hal_uart.o(i.HAL_MultiProcessor_DisableMuteMode) refers to stm32f3xx_hal_uart.o(i.UART_CheckIdleState) for UART_CheckIdleState
    stm32f3xx_hal_uart.o(i.HAL_MultiProcessor_EnableMuteMode) refers to stm32f3xx_hal_uart.o(i.UART_CheckIdleState) for UART_CheckIdleState
    stm32f3xx_hal_uart.o(i.HAL_MultiProcessor_Init) refers to stm32f3xx_hal_msp.o(i.HAL_UART_MspInit) for HAL_UART_MspInit
    stm32f3xx_hal_uart.o(i.HAL_MultiProcessor_Init) refers to stm32f3xx_hal_uart.o(i.UART_SetConfig) for UART_SetConfig
    stm32f3xx_hal_uart.o(i.HAL_MultiProcessor_Init) refers to stm32f3xx_hal_uart.o(i.UART_AdvFeatureConfig) for UART_AdvFeatureConfig
    stm32f3xx_hal_uart.o(i.HAL_MultiProcessor_Init) refers to stm32f3xx_hal_uart.o(i.UART_CheckIdleState) for UART_CheckIdleState
    stm32f3xx_hal_uart.o(i.HAL_UART_DMAStop) refers to stm32f3xx_hal_dma.o(i.HAL_DMA_Abort) for HAL_DMA_Abort
    stm32f3xx_hal_uart.o(i.HAL_UART_DeInit) refers to stm32f3xx_hal_msp.o(i.HAL_UART_MspDeInit) for HAL_UART_MspDeInit
    stm32f3xx_hal_uart.o(i.HAL_UART_IRQHandler) refers to stm32f3xx_hal_uart_ex.o(i.HAL_UARTEx_WakeupCallback) for HAL_UARTEx_WakeupCallback
    stm32f3xx_hal_uart.o(i.HAL_UART_IRQHandler) refers to stm32f3xx_hal_uart.o(i.UART_Receive_IT) for UART_Receive_IT
    stm32f3xx_hal_uart.o(i.HAL_UART_IRQHandler) refers to stm32f3xx_hal_uart.o(i.UART_Transmit_IT) for UART_Transmit_IT
    stm32f3xx_hal_uart.o(i.HAL_UART_IRQHandler) refers to stm32f3xx_hal_uart.o(i.UART_EndTransmit_IT) for UART_EndTransmit_IT
    stm32f3xx_hal_uart.o(i.HAL_UART_IRQHandler) refers to stm32f3xx_hal_uart.o(i.HAL_UART_ErrorCallback) for HAL_UART_ErrorCallback
    stm32f3xx_hal_uart.o(i.HAL_UART_Init) refers to stm32f3xx_hal_msp.o(i.HAL_UART_MspInit) for HAL_UART_MspInit
    stm32f3xx_hal_uart.o(i.HAL_UART_Init) refers to stm32f3xx_hal_uart.o(i.UART_SetConfig) for UART_SetConfig
    stm32f3xx_hal_uart.o(i.HAL_UART_Init) refers to stm32f3xx_hal_uart.o(i.UART_AdvFeatureConfig) for UART_AdvFeatureConfig
    stm32f3xx_hal_uart.o(i.HAL_UART_Init) refers to stm32f3xx_hal_uart.o(i.UART_CheckIdleState) for UART_CheckIdleState
    stm32f3xx_hal_uart.o(i.HAL_UART_Receive) refers to stm32f3xx_hal_uart.o(i.UART_WaitOnFlagUntilTimeout) for UART_WaitOnFlagUntilTimeout
    stm32f3xx_hal_uart.o(i.HAL_UART_Receive_DMA) refers to stm32f3xx_hal_dma.o(i.HAL_DMA_Start_IT) for HAL_DMA_Start_IT
    stm32f3xx_hal_uart.o(i.HAL_UART_Receive_DMA) refers to stm32f3xx_hal_uart.o(i.UART_DMAReceiveCplt) for UART_DMAReceiveCplt
    stm32f3xx_hal_uart.o(i.HAL_UART_Receive_DMA) refers to stm32f3xx_hal_uart.o(i.UART_DMARxHalfCplt) for UART_DMARxHalfCplt
    stm32f3xx_hal_uart.o(i.HAL_UART_Receive_DMA) refers to stm32f3xx_hal_uart.o(i.UART_DMAError) for UART_DMAError
    stm32f3xx_hal_uart.o(i.HAL_UART_Transmit) refers to stm32f3xx_hal_uart.o(i.UART_WaitOnFlagUntilTimeout) for UART_WaitOnFlagUntilTimeout
    stm32f3xx_hal_uart.o(i.HAL_UART_Transmit_DMA) refers to stm32f3xx_hal_dma.o(i.HAL_DMA_Start_IT) for HAL_DMA_Start_IT
    stm32f3xx_hal_uart.o(i.HAL_UART_Transmit_DMA) refers to stm32f3xx_hal_uart.o(i.UART_DMATransmitCplt) for UART_DMATransmitCplt
    stm32f3xx_hal_uart.o(i.HAL_UART_Transmit_DMA) refers to stm32f3xx_hal_uart.o(i.UART_DMATxHalfCplt) for UART_DMATxHalfCplt
[...]
    i.modConfigLoadConfig                    0x08005924   Section        0  modconfig.o(i.modConfigLoadConfig)
    i.modDelayInit                           0x080059f0   Section        0  moddelay.o(i.modDelayInit)
    i.modDelayTick100ms                      0x08005a18   Section        0  moddelay.o(i.modDelayTick100ms)
    i.modDelayTick1ms                        0x08005a4c   Section        0  moddelay.o(i.modDelayTick1ms)
    i.modDisplayInit                         0x08005a6c   Section        0  moddisplay.o(i.modDisplayInit)
    i.modDisplayShowInfo                     0x08005aa4   Section        0  moddisplay.o(i.modDisplayShowInfo)
    i.modDisplayTask                         0x08005c38   Section        0  moddisplay.o(i.modDisplayTask)
    i.modEffectChangeState                   0x08005c3c   Section        0  modeffect.o(i.modEffectChangeState)
    i.modEffectInit                          0x08005c64   Section        0  modeffect.o(i.modEffectInit)
    i.modEffectTask                          0x08005c74   Section        0  modeffect.o(i.modEffectTask)
    i.modEffectTaskBlinkLong                 0x08005cd0   Section        0  modeffect.o(i.modEffectTaskBlinkLong)
    i.modEffectTaskBlinkShort                0x08005d1c   Section        0  modeffect.o(i.modEffectTaskBlinkShort)
    i.modEffectTaskFlash                     0x08005d68   Section        0  modeffect.o(i.modEffectTaskFlash)
    i.modEffectTaskFlashFast                 0x08005d8c   Section        0  modeffect.o(i.modEffectTaskFlashFast)
    i.modOperationalStateHandleChargerDisconnect 0x08005db0   Section        0  modoperationalstate.o(i.modOperationalStateHandleChargerDisconnect)
    i.modOperationalStateInit                0x08005df0   Section        0  modoperationalstate.o(i.modOperationalStateInit)
    i.modOperationalStateSetAllStates        0x08005e18   Section        0  modoperationalstate.o(i.modOperationalStateSetAllStates)
    i.modOperationalStateTask                0x08005e28   Section        0  modoperationalstate.o(i.modOperationalStateTask)
    i.modOperationalStateUpdateStates        0x08006090   Section        0  modoperationalstate.o(i.modOperationalStateUpdateStates)
    i.modPowerElectronicsCalculateCellStats  0x080060a0   Section        0  modpowerelectronics.o(i.modPowerElectronicsCalculateCellStats)
    i.modPowerElectronicsDisableAll          0x08006128   Section        0  modpowerelectronics.o(i.modPowerElectronicsDisableAll)
    i.modPowerElectronicsInit                0x08006154   Section        0  modpowerelectronics.o(i.modPowerElectronicsInit)
    i.modPowerElectronicsSetCharge           0x0800620c   Section        0  modpowerelectronics.o(i.modPowerElectronicsSetCharge)
    i.modPowerElectronicsSetDisCharge        0x08006238   Section        0  modpowerelectronics.o(i.modPowerElectronicsSetDisCharge)
    i.modPowerElectronicsSetPreCharge        0x08006284   Section        0  modpowerelectronics.o(i.modPowerElectronicsSetPreCharge)
    i.modPowerElectronicsSortCells           0x080062b0   Section        0  modpowerelectronics.o(i.modPowerElectronicsSortCells)
    i.modPowerElectronicsSubTaskBalaning     0x080062f8   Section        0  modpowerelectronics.o(i.modPowerElectronicsSubTaskBalaning)
    i.modPowerElectronicsSubTaskVoltageWatch 0x080063c0   Section        0  modpowerelectronics.o(i.modPowerElectronicsSubTaskVoltageWatch)
    i.modPowerElectronicsTask                0x08006520   Section        0  modpowerelectronics.o(i.modPowerElectronicsTask)
    i.modPowerElectronicsUpdateSwitches      0x08006594   Section        0  modpowerelectronics.o(i.modPowerElectronicsUpdateSwitches)
    i.modPowerStateButtonPressedOnTurnon     0x080065f0   Section        0  modpowerstate.o(i.modPowerStateButtonPressedOnTurnon)
    i.modPowerStateChargerDetected           0x080065fc   Section        0  modpowerstate.o(i.modPowerStateChargerDetected)
    i.modPowerStateInit                      0x08006604   Section        0  modpowerstate.o(i.modPowerStateInit)
    i.modPowerStatePowerdownRequest          0x08006630   Section        0  modpowerstate.o(i.modPowerStatePowerdownRequest)
    i.modPowerStateSetState                  0x0800663c   Section        0  modpowerstate.o(i.modPowerStateSetState)
    i.modPowerStateTask                      0x08006644   Section        0  modpowerstate.o(i.modPowerStateTask)
    .constdata                               0x0800669c   Section       32  stm32f3xx_hal_rcc.o(.constdata)
    .constdata                               0x080066bc   Section       24  driverhwadc.o(.constdata)
    .constdata                               0x080066d4   Section       48  driverhwi2c1.o(.constdata)
    .constdata                               0x08006704   Section       72  driverhwi2c2.o(.constdata)
    .constdata                               0x0800674c   Section       60  driverhwpowerstate.o(.constdata)
    .constdata                               0x08006788   Section       36  driverhwstatus.o(.constdata)
    .constdata                               0x080067ac   Section       80  driverhwswitches.o(.constdata)
    .constdata                               0x080067fc   Section     1280  libglcdfont.o(.constdata)
    .constdata                               0x08006cfc   Section     6144  liblogos.o(.constdata)
    .constdata                               0x080084fc   Section       16  system_stm32f3xx_1.o(.constdata)
    .constdata                               0x0800850c   Section        8  system_stm32f3xx_1.o(.constdata)
    .data                                    0x20000000   Section        4  stm32f3xx_hal.o(.data)
    .data                                    0x20000004   Section        8  driverhwadc.o(.data)
    .data                                    0x2000000c   Section        4  driverhwuart2.o(.data)
    bufferTail                               0x2000000c   Data           4  driverhwuart2.o(.data)
    .data                                    0x20000010   Section        5  driverswltc6803.o(.data)
    data_pec                                 0x20000011   Data           1  driverswltc6803.o(.data)
    received_pec                             0x20000012   Data           1  driverswltc6803.o(.data)
    data_pec                                 0x20000013   Data           1  driverswltc6803.o(.data)
    received_pec                             0x20000014   Data           1  driverswltc6803.o(.data)
    .data                                    0x20000016   Section        6  driverswssd1306.o(.data)
    pixelByte                                0x20000018   Data           2  driverswssd1306.o(.data)
    pixelByte                                0x2000001a   Data           2  driverswssd1306.o(.data)
    .data                                    0x2000001c   Section       12  driverswuart2.o(.data)
    .data                                    0x20000028   Section        8  moddelay.o(.data)
    hmsCnt                                   0x20000028   Data           4  moddelay.o(.data)
    msTicks                                  0x2000002c   Data           4  moddelay.o(.data)
    .data                                    0x20000030   Section       12  moddisplay.o(.data)
    .data                                    0x2000003c   Section       44  modeffect.o(.data)
    LEDOnState                               0x2000003c   Data           1  modeffect.o(.data)
    LEDOnState                               0x2000003d   Data           1  modeffect.o(.data)
    LEDOnState                               0x2000003e   Data           1  modeffect.o(.data)
    LEDOnState                               0x2000003f   Data           1  modeffect.o(.data)
    lastTick                                 0x20000040   Data           4  modeffect.o(.data)
    lastTick                                 0x20000044   Data           4  modeffect.o(.data)
    lastTick                                 0x20000048   Data           4  modeffect.o(.data)
    lastTick                                 0x2000004c   Data           4  modeffect.o(.data)
    .data                                    0x20000068   Section       36  modoperationalstate.o(.data)
    .data                                    0x2000008c   Section       40  modpowerelectronics.o(.data)
    preChargeLastState                       0x2000008c   Data           1  modpowerelectronics.o(.data)
    dischargeLastState                       0x2000008d   Data           1  modpowerelectronics.o(.data)
    chargeLastState                          0x2000008e   Data           1  modpowerelectronics.o(.data)
    delaytoggle                              0x2000008f   Data           1  modpowerelectronics.o(.data)
    lastDischargeAllowed                     0x20000090   Data           1  modpowerelectronics.o(.data)
    lastChargeAllowed                        0x20000091   Data           1  modpowerelectronics.o(.data)
    lastCellBalanceRegister                  0x20000094   Data           2  modpowerelectronics.o(.data)
    delayTimeHolder                          0x20000098   Data           4  modpowerelectronics.o(.data)
    .data                                    0x200000b4   Section       12  modpowerstate.o(.data)
    .data                                    0x200000c0   Section       24  libgraphics.o(.data)
    .data                                    0x200000d8   Section        4  system_stm32f3xx_1.o(.data)
    .data                                    0x200000dc   Section        8  main.o(.data)
    .data                                    0x200000e4   Section        4  mvars.o(.data)
    .data                                    0x200000e8   Section        4  mvars.o(.data)
    .bss                                     0x200000ec   Section       84  driverhwadc.o(.bss)
    .bss                                     0x20000140   Section       76  driverhwi2c1.o(.bss)
    .bss                                     0x2000018c   Section       76  driverhwi2c2.o(.bss)
    .bss                                     0x200001d8   Section      100  driverhwspi1.o(.bss)
    .bss                                     0x2000023c   Section      236  driverhwuart2.o(.bss)
    .bss                                     0x20000328   Section       20  driverswltc6803.o(.bss)
    .bss                                     0x2000033c   Section     2082  driverswssd1306.o(.bss)
    writeData                                0x2000033c   Data          17  driverswssd1306.o(.bss)
    writeData                                0x2000034d   Data          17  driverswssd1306.o(.bss)
    displayBufferReal                        0x2000035e   Data        1024  driverswssd1306.o(.bss)
    displayBufferDesired                     0x2000075e   Data        1024  driverswssd1306.o(.bss)
    .bss                                     0x20000b60   Section       96  modconfig.o(.bss)
    .bss                                     0x20000bc0   Section       68  modpowerelectronics.o(.bss)
    .bss                                     0x20000c04   Section      196  main.o(.bss)
    HEAP                                     0x20000cc8   Section      512  startup_stm32f303xc.o(HEAP)
    STACK                                    0x20000ec8   Section     1024  startup_stm32f303xc.o(STACK)

    Global Symbols

    Symbol Name                              Value     Ov Type        Size  Object(Section)

    BuildAttributes$$THM_ISAv4$E$P$D$K$B$S$7EM$VFPi3$EXTD16$VFPS$VFMA$PE$A:L22UL41UL21$X:L11$S22US41US21$IEEE1$IW$USESV6$~STKCKD$USESV7$~SHL$OTIME$ROPI$EBA8$MICROLIB$REQ8$PRES8$EABIv2 0x00000000   Number         0  anon$$obj.o ABSOLUTE
    __ARM_use_no_argv                        0x00000000   Number         0  main.o ABSOLUTE
    _printf_a                                0x00000000   Number         0  stubs.o ABSOLUTE
    _printf_c                                0x00000000   Number         0  stubs.o ABSOLUTE
    _printf_charcount                        0x00000000   Number         0  stubs.o ABSOLUTE
    _printf_d                                0x00000000   Number         0  stubs.o ABSOLUTE
    _printf_e                                0x00000000   Number         0  stubs.o ABSOLUTE
    _printf_f                                0x00000000   Number         0  stubs.o ABSOLUTE
    _printf_flags                            0x00000000   Number         0  stubs.o ABSOLUTE
    _printf_fp_dec                           0x00000000   Number         0  stubs.o ABSOLUTE
    _printf_fp_hex                           0x00000000   Number         0  stubs.o ABSOLUTE
    _printf_g                                0x00000000   Number         0  stubs.o ABSOLUTE
    _printf_i                                0x00000000   Number         0  stubs.o ABSOLUTE
    _printf_int_dec                          0x00000000   Number         0  stubs.o ABSOLUTE
    _printf_l                                0x00000000   Number         0  stubs.o ABSOLUTE
    _printf_lc                               0x00000000   Number         0  stubs.o ABSOLUTE
    _printf_ll                               0x00000000   Number         0  stubs.o ABSOLUTE
    _printf_lld                              0x00000000   Number         0  stubs.o ABSOLUTE
    _printf_lli                              0x00000000   Number         0  stubs.o ABSOLUTE
    _printf_llo                              0x00000000   Number         0  stubs.o ABSOLUTE
    _printf_llu                              0x00000000   Number         0  stubs.o ABSOLUTE
    _printf_llx                              0x00000000   Number         0  stubs.o ABSOLUTE
    _printf_longlong_dec                     0x00000000   Number         0  stubs.o ABSOLUTE
    _printf_longlong_hex                     0x00000000   Number         0  stubs.o ABSOLUTE
    _printf_longlong_oct                     0x00000000   Number         0  stubs.o ABSOLUTE
    _printf_ls                               0x00000000   Number         0  stubs.o ABSOLUTE
    _printf_mbtowc                           0x00000000   Number         0  stubs.o ABSOLUTE
    _printf_n                                0x00000000   Number         0  stubs.o ABSOLUTE
    _printf_o                                0x00000000   Number         0  stubs.o ABSOLUTE
    _printf_p                                0x00000000   Number         0  stubs.o ABSOLUTE
    _printf_percent                          0x00000000   Number         0  stubs.o ABSOLUTE
    _printf_pre_padding                      0x00000000   Number         0  stubs.o ABSOLUTE
    _printf_return_value                     0x00000000   Number         0  stubs.o ABSOLUTE
    _printf_s                                0x00000000   Number         0  stubs.o ABSOLUTE
    _printf_sizespec                         0x00000000   Number         0  stubs.o ABSOLUTE
    _printf_str                              0x00000000   Number         0  stubs.o ABSOLUTE
    _printf_truncate_signed                  0x00000000   Number         0  stubs.o ABSOLUTE
    _printf_truncate_unsigned                0x00000000   Number         0  stubs.o ABSOLUTE
    _printf_u                                0x00000000   Number         0  stubs.o ABSOLUTE
    _printf_wc                               0x00000000   Number         0  stubs.o ABSOLUTE
    _printf_wctomb                           0x00000000   Number         0  stubs.o ABSOLUTE
    _printf_widthprec                        0x00000000   Number         0  stubs.o ABSOLUTE
    _printf_x                                0x00000000   Number         0  stubs.o ABSOLUTE
    __cpp_initialize__aeabi_                  - Undefined Weak Reference
    __cxa_finalize                            - Undefined Weak Reference
    __decompress                              - Undefined Weak Reference
    _clock_init                               - Undefined Weak Reference
    _microlib_exit                            - Undefined Weak Reference
    __Vectors_Size                           0x00000188   Number         0  startup_stm32f303xc.o ABSOLUTE
    __Vectors                                0x08000000   Data           4  startup_stm32f303xc.o(RESET)
    __Vectors_End                            0x08000188   Data           0  startup_stm32f303xc.o(RESET)
    __main                                   0x08000189   Thumb Code     0  entry.o(.ARM.Collect$$$$00000000)
    _main_stk                                0x08000189   Thumb Code     0  entry2.o(.ARM.Collect$$$$00000001)
    _main_scatterload                        0x0800018d   Thumb Code     0  entry5.o(.ARM.Collect$$$$00000004)
    __main_after_scatterload                 0x08000191   Thumb Code     0  entry5.o(.ARM.Collect$$$$00000004)
    _main_clock                              0x08000191   Thumb Code     0  entry7b.o(.ARM.Collect$$$$00000008)
    _main_cpp_init                           0x08000191   Thumb Code     0  entry8b.o(.ARM.Collect$$$$0000000A)
    _main_init                               0x08000191   Thumb Code     0  entry9a.o(.ARM.Collect$$$$0000000B)
    __rt_final_cpp                           0x08000199   Thumb Code     0  entry10a.o(.ARM.Collect$$$$0000000D)
    __rt_final_exit                          0x08000199   Thumb Code     0  entry11a.o(.ARM.Collect$$$$0000000F)
    Reset_Handler                            0x0800019d   Thumb Code     8  startup_stm32f303xc.o(.text)
    NMI_Handler                              0x080001a5   Thumb Code     2  startup_stm32f303xc.o(.text)
    HardFault_Handler                        0x080001a7   Thumb Code     2  startup_stm32f303xc.o(.text)
    MemManage_Handler                        0x080001a9   Thumb Code     2  startup_stm32f303xc.o(.text)
    BusFault_Handler                         0x080001ab   Thumb Code     2  startup_stm32f303xc.o(.text)
    UsageFault_Handler                       0x080001ad   Thumb Code     2  startup_stm32f303xc.o(.text)
    DebugMon_Handler                         0x080001b1   Thumb Code     2  startup_stm32f303xc.o(.text)
    ADC1_2_IRQHandler                        0x080001b7   Thumb Code     0  startup_stm32f303xc.o(.text)
    ADC3_IRQHandler                          0x080001b7   Thumb Code     0  startup_stm32f303xc.o(.text)
    ADC4_IRQHandler                          0x080001b7   Thumb Code     0  startup_stm32f303xc.o(.text)
    CAN_RX1_IRQHandler                       0x080001b7   Thumb Code     0  startup_stm32f303xc.o(.text)
    CAN_SCE_IRQHandler                       0x080001b7   Thumb Code     0  startup_stm32f303xc.o(.text)
    COMP1_2_3_IRQHandler                     0x080001b7   Thumb Code     0  startup_stm32f303xc.o(.text)
    COMP4_5_6_IRQHandler                     0x080001b7   Thumb Code     0  startup_stm32f303xc.o(.text)
    COMP7_IRQHandler                         0x080001b7   Thumb Code     0  startup_stm32f303xc.o(.text)
    DMA1_Channel1_IRQHandler                 0x080001b7   Thumb Code     0  startup_stm32f303xc.o(.text)
    DMA1_Channel2_IRQHandler                 0x080001b7   Thumb Code     0  startup_stm32f303xc.o(.text)
    DMA1_Channel3_IRQHandler                 0x080001b7   Thumb Code     0  startup_stm32f303xc.o(.text)
    DMA1_Channel4_IRQHandler                 0x080001b7   Thumb Code     0  startup_stm32f303xc.o(.text)
    DMA1_Channel5_IRQHandler                 0x080001b7   Thumb Code     0  startup_stm32f303xc.o(.text)
    DMA1_Channel7_IRQHandler                 0x080001b7   Thumb Code     0  startup_stm32f303xc.o(.text)
    DMA2_Channel1_IRQHandler                 0x080001b7   Thumb Code     0  startup_stm32f303xc.o(.text)
    DMA2_Channel2_IRQHandler                 0x080001b7   Thumb Code     0  startup_stm32f303xc.o(.text)
    DMA2_Channel3_IRQHandler                 0x080001b7   Thumb Code     0  startup_stm32f303xc.o(.text)
    DMA2_Channel4_IRQHandler                 0x080001b7   Thumb Code     0  startup_stm32f303xc.o(.text)
    DMA2_Channel5_IRQHandler                 0x080001b7   Thumb Code     0  startup_stm32f303xc.o(.text)
    EXTI0_IRQHandler                         0x080001b7   Thumb Code     0  startup_stm32f303xc.o(.text)
    EXTI15_10_IRQHandler                     0x080001b7   Thumb Code     0  startup_stm32f303xc.o(.text)
    EXTI1_IRQHandler                         0x080001b7   Thumb Code     0  startup_stm32f303xc.o(.text)
    EXTI2_TSC_IRQHandler                     0x080001b7   Thumb Code     0  startup_stm32f303xc.o(.text)
    EXTI3_IRQHandler                         0x080001b7   Thumb Code     0  startup_stm32f303xc.o(.text)
    EXTI4_IRQHandler                         0x080001b7   Thumb Code     0  startup_stm32f303xc.o(.text)
    EXTI9_5_IRQHandler                       0x080001b7   Thumb Code     0  startup_stm32f303xc.o(.text)
    FLASH_IRQHandler                         0x080001b7   Thumb Code     0  startup_stm32f303xc.o(.text)
    FPU_IRQHandler                           0x080001b7   Thumb Code     0  startup_stm32f303xc.o(.text)
    I2C1_ER_IRQHandler                       0x080001b7   Thumb Code     0  startup_stm32f303xc.o(.text)
    I2C1_EV_IRQHandler                       0x080001b7   Thumb Code     0  startup_stm32f303xc.o(.text)
    I2C2_ER_IRQHandler                       0x080001b7   Thumb Code     0  startup_stm32f303xc.o(.text)
    I2C2_EV_IRQHandler                       0x080001b7   Thumb Code     0  startup_stm32f303xc.o(.text)
    PVD_IRQHandler                           0x080001b7   Thumb Code     0  startup_stm32f303xc.o(.text)
    RCC_IRQHandler                           0x080001b7   Thumb Code     0  startup_stm32f303xc.o(.text)
    RTC_Alarm_IRQHandler                     0x080001b7   Thumb Code     0  startup_stm32f303xc.o(.text)
    RTC_WKUP_IRQHandler                      0x080001b7   Thumb Code     0  startup_stm32f303xc.o(.text)
    SPI1_IRQHandler                          0x080001b7   Thumb Code     0  startup_stm32f303xc.o(.text)
    SPI2_IRQHandler                          0x080001b7   Thumb Code     0  startup_stm32f303xc.o(.text)
    SPI3_IRQHandler                          0x080001b7   Thumb Code     0  startup_stm32f303xc.o(.text)
    TAMP_STAMP_IRQHandler                    0x080001b7   Thumb Code     0  startup_stm32f303xc.o(.text)
    TIM1_BRK_TIM15_IRQHandler                0x080001b7   Thumb Code     0  startup_stm32f303xc.o(.text)
    TIM1_CC_IRQHandler                       0x080001b7   Thumb Code     0  startup_stm32f303xc.o(.text)
    TIM1_TRG_COM_TIM17_IRQHandler            0x080001b7   Thumb Code     0  startup_stm32f303xc.o(.text)
    TIM1_UP_TIM16_IRQHandler                 0x080001b7   Thumb Code     0  startup_stm32f303xc.o(.text)
    TIM2_IRQHandler                          0x080001b7   Thumb Code     0  startup_stm32f303xc.o(.text)
    TIM3_IRQHandler                          0x080001b7   Thumb Code     0  startup_stm32f303xc.o(.text)
    TIM4_IRQHandler                          0x080001b7   Thumb Code     0  startup_stm32f303xc.o(.text)
    TIM6_DAC_IRQHandler                      0x080001b7   Thumb Code     0  startup_stm32f303xc.o(.text)
    TIM7_IRQHandler                          0x080001b7   Thumb Code     0  startup_stm32f303xc.o(.text)
    TIM8_BRK_IRQHandler                      0x080001b7   Thumb Code     0  startup_stm32f303xc.o(.text)
    TIM8_CC_IRQHandler                       0x080001b7   Thumb Code     0  startup_stm32f303xc.o(.text)
    TIM8_TRG_COM_IRQHandler                  0x080001b7   Thumb Code     0  startup_stm32f303xc.o(.text)
    TIM8_UP_IRQHandler                       0x080001b7   Thumb Code     0  startup_stm32f303xc.o(.text)
    UART4_IRQHandler                         0x080001b7   Thumb Code     0  startup_stm32f303xc.o(.text)
    UART5_IRQHandler                         0x080001b7   Thumb Code     0  startup_stm32f303xc.o(.text)
    USART1_IRQHandler                        0x080001b7   Thumb Code     0  startup_stm32f303xc.o(.text)
    USART2_IRQHandler                        0x080001b7   Thumb Code     0  startup_stm32f303xc.o(.text)
    USART3_IRQHandler                        0x080001b7   Thumb Code     0  startup_stm32f303xc.o(.text)
    USBWakeUp_IRQHandler                     0x080001b7   Thumb Code     0  startup_stm32f303xc.o(.text)
    USBWakeUp_RMP_IRQHandler                 0x080001b7   Thumb Code     0  startup_stm32f303xc.o(.text)
    USB_HP_CAN_TX_IRQHandler                 0x080001b7   Thumb Code     0  startup_stm32f303xc.o(.text)
    USB_HP_IRQHandler                        0x080001b7   Thumb Code     0  startup_stm32f303xc.o(.text)
    USB_LP_CAN_RX0_IRQHandler                0x080001b7   Thumb Code     0  startup_stm32f303xc.o(.text)
    USB_LP_IRQHandler                        0x080001b7   Thumb Code     0  startup_stm32f303xc.o(.text)
    WWDG_IRQHandler                          0x080001b7   Thumb Code     0  startup_stm32f303xc.o(.text)
    __aeabi_llsr                             0x080001c1   Thumb Code    32  llushr.o(.text)
    _ll_ushift_r                             0x080001c1   Thumb Code     0  llushr.o(.text)
    __aeabi_memcpy                           0x080001e1   Thumb Code    36  memcpya.o(.text)
    __aeabi_memcpy4                          0x080001e1   Thumb Code     0  memcpya.o(.text)
    __aeabi_memcpy8                          0x080001e1   Thumb Code     0  memcpya.o(.text)
    __aeabi_memset                           0x08000205   Thumb Code    14  memseta.o(.text)
    __aeabi_memset4                          0x08000205   Thumb Code     0  memseta.o(.text)
    __aeabi_memset8                          0x08000205   Thumb Code     0  memseta.o(.text)
    __aeabi_memclr                           0x08000213   Thumb Code     4  memseta.o(.text)
    __aeabi_memclr4                          0x08000213   Thumb Code     0  memseta.o(.text)
    __aeabi_memclr8                          0x08000213   Thumb Code     0  memseta.o(.text)
    _memset$wrapper                          0x08000217   Thumb Code    18  memseta.o(.text)
    memcmp                                   0x08000229   Thumb Code    26  memcmp.o(.text)
    __aeabi_dmul                             0x08000243   Thumb Code   228  dmul.o(.text)
    __aeabi_ddiv                             0x08000327   Thumb Code   222  ddiv.o(.text)
    __aeabi_i2d                              0x08000405   Thumb Code    34  dflti.o(.text)
    __aeabi_ui2d                             0x08000427   Thumb Code    26  dfltui.o(.text)
    __aeabi_d2uiz                            0x08000441   Thumb Code    50  dfixui.o(.text)
    __aeabi_f2d                              0x08000473   Thumb Code    38  f2d.o(.text)
    __aeabi_cdcmpeq                          0x08000499   Thumb Code     0  cdcmple.o(.text)
    __aeabi_cdcmple                          0x08000499   Thumb Code    48  cdcmple.o(.text)
    __aeabi_d2f                              0x080004c9   Thumb Code    56  d2f.o(.text)
    __aeabi_uidiv                            0x08000501   Thumb Code     0  uidiv.o(.text)
    __aeabi_uidivmod                         0x08000501   Thumb Code    44  uidiv.o(.text)
    __aeabi_uldivmod                         0x0800052d   Thumb Code    98  uldiv.o(.text)
    __I$use$fp                               0x0800058f   Thumb Code     0  iusefp.o(.text)
    _float_round                             0x0800058f   Thumb Code    18  fepilogue.o(.text)
    _float_epilogue                          0x080005a1   Thumb Code    92  fepilogue.o(.text)
    _double_round                            0x080005fd   Thumb Code    30  depilogue.o(.text)
    _double_epilogue                         0x0800061b   Thumb Code   156  depilogue.o(.text)
    __aeabi_dadd                             0x080006b7   Thumb Code   322  dadd.o(.text)
    __aeabi_dsub                             0x080007f9   Thumb Code     6  dadd.o(.text)
    __aeabi_drsub                            0x080007ff   Thumb Code     6  dadd.o(.text)
    __aeabi_d2ulz                            0x08000805   Thumb Code    48  dfixul.o(.text)
    __aeabi_cdrcmple                         0x08000835   Thumb Code    48  cdrcmple.o(.text)
    __scatterload                            0x08000865   Thumb Code    28  init.o(.text)
    __scatterload_rt2                        0x08000865   Thumb Code     0  init.o(.text)
    __aeabi_llsl                             0x08000889   Thumb Code    30  llshl.o(.text)
    _ll_shift_l                              0x08000889   Thumb Code     0  llshl.o(.text)
    __aeabi_lasr                             0x080008a7   Thumb Code    36  llsshr.o(.text)
    _ll_sshift_r                             0x080008a7   Thumb Code     0  llsshr.o(.text)
    DMA1_Channel6_IRQHandler                 0x08000991   Thumb Code     6  driverhwuart2.o(i.DMA1_Channel6_IRQHandler)
    HAL_ADC_ConfigChannel                    0x080009bd   Thumb Code   884  stm32f3xx_hal_adc_ex.o(i.HAL_ADC_ConfigChannel)
    HAL_ADC_GetValue                         0x08000d51   Thumb Code     6  stm32f3xx_hal_adc_ex.o(i.HAL_ADC_GetValue)
    HAL_ADC_Init                             0x08000d59   Thumb Code   548  stm32f3xx_hal_adc_ex.o(i.HAL_ADC_Init)
    HAL_ADC_MspInit                          0x08000fa1   Thumb Code    56  stm32f3xx_hal_msp.o(i.HAL_ADC_MspInit)
    HAL_ADC_Start                            0x08000fdd   Thumb Code   322  stm32f3xx_hal_adc_ex.o(i.HAL_ADC_Start)
    HAL_CAN_Init                             0x0800112d   Thumb Code   330  stm32f3xx_hal_can.o(i.HAL_CAN_Init)
    HAL_CAN_MspInit                          0x08001279   Thumb Code    64  stm32f3xx_hal_msp.o(i.HAL_CAN_MspInit)
    HAL_DMA_IRQHandler                       0x080012c1   Thumb Code  1198  stm32f3xx_hal_dma.o(i.HAL_DMA_IRQHandler)
    HAL_DMA_Init                             0x08001779   Thumb Code    80  stm32f3xx_hal_dma.o(i.HAL_DMA_Init)
    HAL_DMA_Start_IT                         0x080017c9   Thumb Code    88  stm32f3xx_hal_dma.o(i.HAL_DMA_Start_IT)
    HAL_GPIO_Init                            0x08001821   Thumb Code   364  stm32f3xx_hal_gpio.o(i.HAL_GPIO_Init)
    HAL_GPIO_ReadPin                         0x080019a9   Thumb Code    10  stm32f3xx_hal_gpio.o(i.HAL_GPIO_ReadPin)
    HAL_GPIO_WritePin                        0x080019b3   Thumb Code    10  stm32f3xx_hal_gpio.o(i.HAL_GPIO_WritePin)
    HAL_GetTick                              0x080019bd   Thumb Code     6  stm32f3xx_hal.o(i.HAL_GetTick)
    HAL_I2CEx_ConfigAnalogFilter             0x080019c9   Thumb Code    86  stm32f3xx_hal_i2c_ex.o(i.HAL_I2CEx_ConfigAnalogFilter)
    HAL_I2C_Init                             0x08001a21   Thumb Code   170  stm32f3xx_hal_i2c.o(i.HAL_I2C_Init)
    HAL_I2C_Master_Receive                   0x08001ad1   Thumb Code   298  stm32f3xx_hal_i2c.o(i.HAL_I2C_Master_Receive)
    HAL_I2C_Master_Transmit                  0x08001c01   Thumb Code   292  stm32f3xx_hal_i2c.o(i.HAL_I2C_Master_Transmit)
    HAL_I2C_MspInit                          0x08001d29   Thumb Code    96  stm32f3xx_hal_msp.o(i.HAL_I2C_MspInit)
    HAL_IncTick                              0x08001d99   Thumb Code    10  stm32f3xx_hal.o(i.HAL_IncTick)
    HAL_Init                                 0x08001da9   Thumb Code    32  stm32f3xx_hal.o(i.HAL_Init)
    HAL_InitTick                             0x08001dcd   Thumb Code    34  stm32f3xx_hal.o(i.HAL_InitTick)
    HAL_MspInit                              0x08001df5   Thumb Code   106  stm32f3xx_hal_msp.o(i.HAL_MspInit)
    HAL_NVIC_EnableIRQ                       0x08001e65   Thumb Code    22  stm32f3xx_hal_cortex.o(i.HAL_NVIC_EnableIRQ)
    HAL_NVIC_SetPriority                     0x08001e7d   Thumb Code    60  stm32f3xx_hal_cortex.o(i.HAL_NVIC_SetPriority)
    HAL_NVIC_SetPriorityGrouping             0x08001ebd   Thumb Code    26  stm32f3xx_hal_cortex.o(i.HAL_NVIC_SetPriorityGrouping)
    HAL_RCCEx_PeriphCLKConfig                0x08001ee1   Thumb Code   522  stm32f3xx_hal_rcc_ex.o(i.HAL_RCCEx_PeriphCLKConfig)
    HAL_RCC_ClockConfig                      0x080020f9   Thumb Code   374  stm32f3xx_hal_rcc.o(i.HAL_RCC_ClockConfig)
    HAL_RCC_GetHCLKFreq                      0x08002281   Thumb Code     6  stm32f3xx_hal_rcc.o(i.HAL_RCC_GetHCLKFreq)
    HAL_RCC_GetPCLK1Freq                     0x0800228d   Thumb Code    34  stm32f3xx_hal_rcc.o(i.HAL_RCC_GetPCLK1Freq)
    HAL_RCC_GetPCLK2Freq                     0x080022bd   Thumb Code    34  stm32f3xx_hal_rcc.o(i.HAL_RCC_GetPCLK2Freq)
    HAL_RCC_GetSysClockFreq                  0x080022ed   Thumb Code    84  stm32f3xx_hal_rcc.o(i.HAL_RCC_GetSysClockFreq)
    HAL_RCC_OscConfig                        0x08002351   Thumb Code  1452  stm32f3xx_hal_rcc.o(i.HAL_RCC_OscConfig)
    HAL_SPI_Init                             0x080028fd   Thumb Code   192  stm32f3xx_hal_spi.o(i.HAL_SPI_Init)
    HAL_SPI_MspInit                          0x080029bd   Thumb Code   138  stm32f3xx_hal_msp.o(i.HAL_SPI_MspInit)
    HAL_SPI_TransmitReceive                  0x08002a59   Thumb Code   690  stm32f3xx_hal_spi.o(i.HAL_SPI_TransmitReceive)
    HAL_SYSTICK_CLKSourceConfig              0x08002d0b   Thumb Code    24  stm32f3xx_hal_cortex.o(i.HAL_SYSTICK_CLKSourceConfig)
    HAL_SYSTICK_Callback                     0x08002d23   Thumb Code     2  stm32f3xx_hal_cortex.o(i.HAL_SYSTICK_Callback)
    HAL_SYSTICK_Config                       0x08002d25   Thumb Code    40  stm32f3xx_hal_cortex.o(i.HAL_SYSTICK_Config)
    HAL_SYSTICK_IRQHandler                   0x08002d4d   Thumb Code     8  stm32f3xx_hal_cortex.o(i.HAL_SYSTICK_IRQHandler)
    HAL_UART_ErrorCallback                   0x08002d55   Thumb Code     2  stm32f3xx_hal_uart.o(i.HAL_UART_ErrorCallback)
    HAL_UART_Init                            0x08002d57   Thumb Code   106  stm32f3xx_hal_uart.o(i.HAL_UART_Init)
    HAL_UART_MspInit                         0x08002dc1   Thumb Code    64  stm32f3xx_hal_msp.o(i.HAL_UART_MspInit)
    HAL_UART_Receive_DMA                     0x08002e09   Thumb Code   114  stm32f3xx_hal_uart.o(i.HAL_UART_Receive_DMA)
    HAL_UART_RxCpltCallback                  0x08002e89   Thumb Code     2  stm32f3xx_hal_uart.o(i.HAL_UART_RxCpltCallback)
    HAL_UART_RxHalfCpltCallback              0x08002e8b   Thumb Code     2  stm32f3xx_hal_uart.o(i.HAL_UART_RxHalfCpltCallback)
    HAL_UART_Transmit                        0x08002e8d   Thumb Code   164  stm32f3xx_hal_uart.o(i.HAL_UART_Transmit)
    PendSV_Handler                           0x08003271   Thumb Code     2  stm32f3xx_it.o(i.PendSV_Handler)
    SVC_Handler                              0x080033d3   Thumb Code     2  stm32f3xx_it.o(i.SVC_Handler)
    SysTick_Handler                          0x080033d5   Thumb Code    14  stm32f3xx_it.o(i.SysTick_Handler)
    SystemClock_Config                       0x080033e3   Thumb Code   140  main.o(i.SystemClock_Config)
    SystemCoreClockUpdate                    0x08003471   Thumb Code    90  system_stm32f3xx_1.o(i.SystemCoreClockUpdate)
    SystemInit                               0x080034e1   Thumb Code    82  system_stm32f3xx_1.o(i.SystemInit)
    UART_AdvFeatureConfig                    0x08003549   Thumb Code   200  stm32f3xx_hal_uart.o(i.UART_AdvFeatureConfig)
    UART_CheckIdleState                      0x08003611   Thumb Code    82  stm32f3xx_hal_uart.o(i.UART_CheckIdleState)
    UART_SetConfig                           0x080036bd   Thumb Code   434  stm32f3xx_hal_uart.o(i.UART_SetConfig)
    UART_WaitOnFlagUntilTimeout              0x08003891   Thumb Code   150  stm32f3xx_hal_uart.o(i.UART_WaitOnFlagUntilTimeout)
    __0fprintf                               0x08003929   Thumb Code    22  printfa.o(i.__0fprintf)
    __1fprintf                               0x08003929   Thumb Code     0  printfa.o(i.__0fprintf)
    __2fprintf                               0x08003929   Thumb Code     0  printfa.o(i.__0fprintf)
    __c89fprintf                             0x08003929   Thumb Code     0  printfa.o(i.__0fprintf)
    fprintf                                  0x08003929   Thumb Code     0  printfa.o(i.__0fprintf)
    __scatterload_copy                       0x08003945   Thumb Code    14  handlers.o(i.__scatterload_copy)
    __scatterload_null                       0x08003953   Thumb Code     2  handlers.o(i.__scatterload_null)
    __scatterload_zeroinit                   0x08003955   Thumb Code    14  handlers.o(i.__scatterload_zeroinit)
    driverHWADCGetLoadVoltage                0x080041f9   Thumb Code    76  driverhwadc.o(i.driverHWADCGetLoadVoltage)
    driverHWADCInit                          0x08004251   Thumb Code   196  driverhwadc.o(i.driverHWADCInit)
    driverHWI2C1Init                         0x08004325   Thumb Code   134  driverhwi2c1.o(i.driverHWI2C1Init)
    driverHWI2C1Write                        0x080043c1   Thumb Code    22  driverhwi2c1.o(i.driverHWI2C1Write)
    driverHWI2C2Init                         0x080043dd   Thumb Code   134  driverhwi2c2.o(i.driverHWI2C2Init)
    driverHWI2C2Read                         0x08004479   Thumb Code    30  driverhwi2c2.o(i.driverHWI2C2Read)
    driverHWI2C2Write                        0x0800449d   Thumb Code    22  driverhwi2c2.o(i.driverHWI2C2Write)
    driverHWPowerStateInit                   0x080044b9   Thumb Code    64  driverhwpowerstate.o(i.driverHWPowerStateInit)
    driverHWPowerStateReadInput              0x08004501   Thumb Code    32  driverhwpowerstate.o(i.driverHWPowerStateReadInput)
    driverHWPowerStateSetOutput              0x08004525   Thumb Code    24  driverhwpowerstate.o(i.driverHWPowerStateSetOutput)
    driverHWSPI1Init                         0x08004541   Thumb Code    78  driverhwspi1.o(i.driverHWSPI1Init)
    driverHWSPI1Write                        0x08004599   Thumb Code    82  driverhwspi1.o(i.driverHWSPI1Write)
    driverHWSPI1WriteRead                    0x080045f1   Thumb Code   136  driverhwspi1.o(i.driverHWSPI1WriteRead)
    driverHWSetOutput                        0x0800467d   Thumb Code    24  driverhwstatus.o(i.driverHWSetOutput)
    driverHWStatusInit                       0x08004699   Thumb Code    74  driverhwstatus.o(i.driverHWStatusInit)
    driverHWSwitchesDisableAll               0x080046ed   Thumb Code    40  driverhwswitches.o(i.driverHWSwitchesDisableAll)
    driverHWSwitchesInit                     0x08004719   Thumb Code    64  driverhwswitches.o(i.driverHWSwitchesInit)
    driverHWSwitchesSetSwitchState           0x08004761   Thumb Code    24  driverhwswitches.o(i.driverHWSwitchesSetSwitchState)
    driverHWUART2GetChar                     0x0800477d   Thumb Code    42  driverhwuart2.o(i.driverHWUART2GetChar)
    driverHWUART2Init                        0x080047b1   Thumb Code   148  driverhwuart2.o(i.driverHWUART2Init)
    driverHWUART2SendChar                    0x08004855   Thumb Code    16  driverhwuart2.o(i.driverHWUART2SendChar)
    driverSWISL28022GetBusCurrent            0x08004869   Thumb Code    72  driverswisl28022.o(i.driverSWISL28022GetBusCurrent)
    driverSWISL28022GetBusVoltage            0x080048b9   Thumb Code    70  driverswisl28022.o(i.driverSWISL28022GetBusVoltage)
    driverSWISL28022Init                     0x08004909   Thumb Code    26  driverswisl28022.o(i.driverSWISL28022Init)
    driverSWLTC6803CalcPEC                   0x08004929   Thumb Code    50  driverswltc6803.o(i.driverSWLTC6803CalcPEC)
    driverSWLTC6803EnableBalanceResistors    0x0800495d   Thumb Code    20  driverswltc6803.o(i.driverSWLTC6803EnableBalanceResistors)
    driverSWLTC6803Init                      0x08004975   Thumb Code    42  driverswltc6803.o(i.driverSWLTC6803Init)
    driverSWLTC6803ReInit                    0x080049a9   Thumb Code    16  driverswltc6803.o(i.driverSWLTC6803ReInit)
    driverSWLTC6803ReadCellVoltages          0x080049bd   Thumb Code   246  driverswltc6803.o(i.driverSWLTC6803ReadCellVoltages)
    driverSWLTC6803ReadConfig                0x08004ac5   Thumb Code   164  driverswltc6803.o(i.driverSWLTC6803ReadConfig)
    driverSWLTC6803ReadConfigRegisters       0x08004b75   Thumb Code   158  driverswltc6803.o(i.driverSWLTC6803ReadConfigRegisters)
    driverSWLTC6803ReadFlagRegisters         0x08004c19   Thumb Code   154  driverswltc6803.o(i.driverSWLTC6803ReadFlagRegisters)
    driverSWLTC6803ReadVoltageFlags          0x08004cb9   Thumb Code   126  driverswltc6803.o(i.driverSWLTC6803ReadVoltageFlags)
    driverSWLTC6803ResetCellVoltageRegisters 0x08004d41   Thumb Code     6  driverswltc6803.o(i.driverSWLTC6803ResetCellVoltageRegisters)
    driverSWLTC6803SendCommand               0x08004d47   Thumb Code    34  driverswltc6803.o(i.driverSWLTC6803SendCommand)
    driverSWLTC6803StartCellVoltageConversion 0x08004d69   Thumb Code     8  driverswltc6803.o(i.driverSWLTC6803StartCellVoltageConversion)
    driverSWLTC6803Write                     0x08004d75   Thumb Code     4  driverswltc6803.o(i.driverSWLTC6803Write)
    driverSWLTC6803WriteConfig               0x08004d79   Thumb Code   164  driverswltc6803.o(i.driverSWLTC6803WriteConfig)
    driverSWLTC6803WriteConfigRegisters      0x08004e2d   Thumb Code   114  driverswltc6803.o(i.driverSWLTC6803WriteConfigRegisters)
    driverSWLTC6803WriteRead                 0x08004e9f   Thumb Code     4  driverswltc6803.o(i.driverSWLTC6803WriteRead)
    driverSWSSD1306ClearDisplay              0x08004ea5   Thumb Code    28  driverswssd1306.o(i.driverSWSSD1306ClearDisplay)
    driverSWSSD1306Command                   0x08004ec9   Thumb Code    28  driverswssd1306.o(i.driverSWSSD1306Command)
    driverSWSSD1306DisplayAsyncEfficient     0x08004ee9   Thumb Code   130  driverswssd1306.o(i.driverSWSSD1306DisplayAsyncEfficient)
    driverSWSSD1306DrawPixel                 0x08004f79   Thumb Code   202  driverswssd1306.o(i.driverSWSSD1306DrawPixel)
    driverSWSSD1306FillBuffer                0x08005049   Thumb Code    10  driverswssd1306.o(i.driverSWSSD1306FillBuffer)
    driverSWSSD1306Init                      0x08005059   Thumb Code   208  driverswssd1306.o(i.driverSWSSD1306Init)
    driverSWUART2Init                        0x0800512d   Thumb Code    34  driverswuart2.o(i.driverSWUART2Init)
    driverSWUART2PutCharInOutputBuffer       0x08005159   Thumb Code    24  driverswuart2.o(i.driverSWUART2PutCharInOutputBuffer)
    driverSWUART2Task                        0x08005175   Thumb Code    52  driverswuart2.o(i.driverSWUART2Task)
    fputc                                    0x080051ad   Thumb Code    22  libfilestream.o(i.fputc)
    free                                     0x080051c5   Thumb Code    76  malloc.o(i.free)
    libGraphicsDrawChar                      0x08005215   Thumb Code   382  libgraphics.o(i.libGraphicsDrawChar)
    libGraphicsDrawFastVLine                 0x0800539d   Thumb Code    18  libgraphics.o(i.libGraphicsDrawFastVLine)
    libGraphicsDrawLine                      0x080053af   Thumb Code   160  libgraphics.o(i.libGraphicsDrawLine)
    libGraphicsDrawPixel                     0x0800544f   Thumb Code     4  libgraphics.o(i.libGraphicsDrawPixel)
    libGraphicsFillRect                      0x08005453   Thumb Code    40  libgraphics.o(i.libGraphicsFillRect)
    libGraphicsGetRotation                   0x0800547d   Thumb Code     6  libgraphics.o(i.libGraphicsGetRotation)
    libGraphicsHeight                        0x08005489   Thumb Code     8  libgraphics.o(i.libGraphicsHeight)
    libGraphicsInit                          0x08005495   Thumb Code    38  libgraphics.o(i.libGraphicsInit)
    libGraphicsSetCursor                     0x080054c1   Thumb Code     8  libgraphics.o(i.libGraphicsSetCursor)
    libGraphicsSetTextColor_0                0x080054cd   Thumb Code     8  libgraphics.o(i.libGraphicsSetTextColor_0)
    libGraphicsSetTextSize                   0x080054d9   Thumb Code    10  libgraphics.o(i.libGraphicsSetTextSize)
    libGraphicsWidth                         0x080054e9   Thumb Code     8  libgraphics.o(i.libGraphicsWidth)
    libGraphicsWrite                         0x080054f5   Thumb Code   278  libgraphics.o(i.libGraphicsWrite)
    libRingBufferAdd                         0x08005611   Thumb Code    52  libringbuffer.o(i.libRingBufferAdd)
    libRingBufferIncrEnd                     0x08005645   Thumb Code    20  libringbuffer.o(i.libRingBufferIncrEnd)
    libRingBufferIncrStart                   0x08005659   Thumb Code    20  libringbuffer.o(i.libRingBufferIncrStart)
    libRingBufferInit                        0x0800566d   Thumb Code    90  libringbuffer.o(i.libRingBufferInit)
    libRingBufferIsEmpty                     0x080056ed   Thumb Code    12  libringbuffer.o(i.libRingBufferIsEmpty)
    libRingBufferIsFull                      0x080056f9   Thumb Code    16  libringbuffer.o(i.libRingBufferIsFull)
    libRingBufferNew                         0x08005709   Thumb Code    46  libringbuffer.o(i.libRingBufferNew)
    libRingBufferNextEndIndex                0x08005737   Thumb Code    42  libringbuffer.o(i.libRingBufferNextEndIndex)
    libRingBufferNumElements                 0x08005761   Thumb Code     4  libringbuffer.o(i.libRingBufferNumElements)
    libRingBufferPeek                        0x08005765   Thumb Code    48  libringbuffer.o(i.libRingBufferPeek)
    libRingBufferPull                        0x08005795   Thumb Code    56  libringbuffer.o(i.libRingBufferPull)
    main                                     0x080057cd   Thumb Code   160  main.o(i.main)
    malloc                                   0x080058a9   Thumb Code    92  malloc.o(i.malloc)
    modConfigInit                            0x08005915   Thumb Code    10  modconfig.o(i.modConfigInit)
    modConfigLoadConfig                      0x08005925   Thumb Code   160  modconfig.o(i.modConfigLoadConfig)
    modDelayInit                             0x080059f1   Thumb Code    32  moddelay.o(i.modDelayInit)
    modDelayTick100ms                        0x08005a19   Thumb Code    46  moddelay.o(i.modDelayTick100ms)
    modDelayTick1ms                          0x08005a4d   Thumb Code    32  moddelay.o(i.modDelayTick1ms)
    modDisplayInit                           0x08005a6d   Thumb Code    52  moddisplay.o(i.modDisplayInit)
    modDisplayShowInfo                       0x08005aa5   Thumb Code   374  moddisplay.o(i.modDisplayShowInfo)
    modDisplayTask                           0x08005c39   Thumb Code     4  moddisplay.o(i.modDisplayTask)
    modEffectChangeState                     0x08005c3d   Thumb Code    34  modeffect.o(i.modEffectChangeState)
    modEffectInit                            0x08005c65   Thumb Code    14  modeffect.o(i.modEffectInit)
    modEffectTask                            0x08005c75   Thumb Code    88  modeffect.o(i.modEffectTask)
    modEffectTaskBlinkLong                   0x08005cd1   Thumb Code    72  modeffect.o(i.modEffectTaskBlinkLong)
    modEffectTaskBlinkShort                  0x08005d1d   Thumb Code    72  modeffect.o(i.modEffectTaskBlinkShort)
    modEffectTaskFlash                       0x08005d69   Thumb Code    32  modeffect.o(i.modEffectTaskFlash)
    modEffectTaskFlashFast                   0x08005d8d   Thumb Code    32  modeffect.o(i.modEffectTaskFlashFast)
    modOperationalStateHandleChargerDisconnect 0x08005db1   Thumb Code    60  modoperationalstate.o(i.modOperationalStateHandleChargerDisconnect)
    modOperationalStateInit                  0x08005df1   Thumb Code    34  modoperationalstate.o(i.modOperationalStateInit)
    modOperationalStateSetAllStates          0x08005e19   Thumb Code    10  modoperationalstate.o(i.modOperationalStateSetAllStates)
    modOperationalStateTask                  0x08005e29   Thumb Code   610  modoperationalstate.o(i.modOperationalStateTask)
    modOperationalStateUpdateStates          0x08006091   Thumb Code    12  modoperationalstate.o(i.modOperationalStateUpdateStates)
    modPowerElectronicsCalculateCellStats    0x080060a1   Thumb Code   126  modpowerelectronics.o(i.modPowerElectronicsCalculateCellStats)
    modPowerElectronicsDisableAll            0x08006129   Thumb Code    40  modpowerelectronics.o(i.modPowerElectronicsDisableAll)
    modPowerElectronicsInit                  0x08006155   Thumb Code   176  modpowerelectronics.o(i.modPowerElectronicsInit)
    modPowerElectronicsSetCharge             0x0800620d   Thumb Code    40  modpowerelectronics.o(i.modPowerElectronicsSetCharge)
    modPowerElectronicsSetDisCharge          0x08006239   Thumb Code    70  modpowerelectronics.o(i.modPowerElectronicsSetDisCharge)
    modPowerElectronicsSetPreCharge          0x08006285   Thumb Code    40  modpowerelectronics.o(i.modPowerElectronicsSetPreCharge)
    modPowerElectronicsSortCells             0x080062b1   Thumb Code    70  modpowerelectronics.o(i.modPowerElectronicsSortCells)
    modPowerElectronicsSubTaskBalaning       0x080062f9   Thumb Code   192  modpowerelectronics.o(i.modPowerElectronicsSubTaskBalaning)
    modPowerElectronicsSubTaskVoltageWatch   0x080063c1   Thumb Code   348  modpowerelectronics.o(i.modPowerElectronicsSubTaskVoltageWatch)
    modPowerElectronicsTask                  0x08006521   Thumb Code   106  modpowerelectronics.o(i.modPowerElectronicsTask)
    modPowerElectronicsUpdateSwitches        0x08006595   Thumb Code    86  modpowerelectronics.o(i.modPowerElectronicsUpdateSwitches)
    modPowerStateButtonPressedOnTurnon       0x080065f1   Thumb Code     6  modpowerstate.o(i.modPowerStateButtonPressedOnTurnon)
    modPowerStateChargerDetected             0x080065fd   Thumb Code     6  modpowerstate.o(i.modPowerStateChargerDetected)
    modPowerStateInit                        0x08006605   Thumb Code    40  modpowerstate.o(i.modPowerStateInit)
    modPowerStatePowerdownRequest            0x08006631   Thumb Code     6  modpowerstate.o(i.modPowerStatePowerdownRequest)
    modPowerStateSetState                    0x0800663d   Thumb Code     8  modpowerstate.o(i.modPowerStateSetState)
    modPowerStateTask                        0x08006645   Thumb Code    84  modpowerstate.o(i.modPowerStateTask)
    aPLLMULFactorTable                       0x0800669c   Data          16  stm32f3xx_hal_rcc.o(.constdata)
    aPredivFactorTable                       0x080066ac   Data          16  stm32f3xx_hal_rcc.o(.constdata)
    driverHWADCPorts                         0x080066bc   Data          24  driverhwadc.o(.constdata)
    driverHWI2C1Ports                        0x080066d4   Data          48  driverhwi2c1.o(.constdata)
    driverHWI2C2Ports                        0x08006704   Data          72  driverhwi2c2.o(.constdata)
    driverHWPorts                            0x0800674c   Data          60  driverhwpowerstate.o(.constdata)
    STATPorts                                0x08006788   Data          36  driverhwstatus.o(.constdata)
    driverHWSwitchesPorts                    0x080067ac   Data          80  driverhwswitches.o(.constdata)
    font                                     0x080067fc   Data        1280  libglcdfont.o(.constdata)
    libLogos                                 0x08006cfc   Data        6144  liblogos.o(.constdata)
    AHBPrescTable                            0x080084fc   Data          16  system_stm32f3xx_1.o(.constdata)
    APBPrescTable                            0x0800850c   Data           8  system_stm32f3xx_1.o(.constdata)
    Region$$Table$$Base                      0x08008514   Number         0  anon$$obj.o(Region$$Table)
    Region$$Table$$Limit                     0x08008534   Number         0  anon$$obj.o(Region$$Table)
    uwTick                                   0x20000000   Data           4  stm32f3xx_hal.o(.data)
    driverHWADCAverageCount                  0x20000004   Data           1  driverhwadc.o(.data)
    driverHWADCAverageSum                    0x20000008   Data           4  driverhwadc.o(.data)
    driverSWLTC6803TotalNumerOfICs           0x20000010   Data           1  driverswltc6803.o(.data)
    _i2caddr                                 0x20000016   Data           1  driverswssd1306.o(.data)
    _vccstate                                0x20000017   Data           1  driverswssd1306.o(.data)
    driverSWUART2OutputBuffer                0x2000001c   Data           4  driverswuart2.o(.data)
    driverSWUART2IOStream                    0x20000020   Data           8  driverswuart2.o(.data)
    modDisplayCurrentState                   0x20000030   Data           1  moddisplay.o(.data)
    modDisplayLastRefresh                    0x20000034   Data           4  moddisplay.o(.data)
    modDisplayStartupDelay                   0x20000038   Data           4  moddisplay.o(.data)
    STATStatuses                             0x20000050   Data          24  modeffect.o(.data)
    modOperationalStateLastState             0x20000068   Data           1  modoperationalstate.o(.data)
    modOperationalStateCurrentState          0x20000069   Data           1  modoperationalstate.o(.data)
    modOperationalStateNewState              0x2000006a   Data           1  modoperationalstate.o(.data)
    packStateOperationalStatehandle          0x2000006c   Data           4  modoperationalstate.o(.data)
    modOperationalStateGeneralConfigHandle   0x20000070   Data           4  modoperationalstate.o(.data)
    modOperationalStateChargerTimout         0x20000074   Data           4  modoperationalstate.o(.data)
    modOperationalStateChargedTimout         0x20000078   Data           4  modoperationalstate.o(.data)
    modOperationalStatePreChargeTimout       0x2000007c   Data           4  modoperationalstate.o(.data)
    modOperationalStateStartupDelay          0x20000080   Data           4  modoperationalstate.o(.data)
    modOperationalStateChargerDisconnectDetectDelay 0x20000084   Data           4  modoperationalstate.o(.data)
    modOperationalStateBatteryDeadDisplayTime 0x20000088   Data           4  modoperationalstate.o(.data)
    modPowerElectronicsUnderAndOverVoltageErrorCount 0x20000092   Data           1  modpowerelectronics.o(.data)
    balanceResistorMask                      0x20000096   Data           2  modpowerelectronics.o(.data)
    modPowerElectronicsPackStateHandle       0x2000009c   Data           4  modpowerelectronics.o(.data)
    modPowerElectronicsGeneralConfigHandle   0x200000a0   Data           4  modpowerelectronics.o(.data)
    modPowerElectronicsISLIntervalLastTick   0x200000a4   Data           4  modpowerelectronics.o(.data)
    modPowerElectronicsChargeRetryLastTick   0x200000a8   Data           4  modpowerelectronics.o(.data)
    modPowerElectronicsDisChargeRetryLastTick 0x200000ac   Data           4  modpowerelectronics.o(.data)
    modPowerElectronicsCellBalanceUpdateLastTick 0x200000b0   Data           4  modpowerelectronics.o(.data)
    modPowerStatePowerDownDesired            0x200000b4   Data           1  modpowerstate.o(.data)
    modPowerStateButtonPressedVar            0x200000b5   Data           1  modpowerstate.o(.data)
    modPowerStateLastButtonPressedVar        0x200000b6   Data           1  modpowerstate.o(.data)
    modPowerStateLastButtonFirstPress        0x200000b7   Data           1  modpowerstate.o(.data)
    modPowerStateButtonPressedDuration       0x200000b8   Data           4  modpowerstate.o(.data)
    modPowerStateButtonPressedTimeStamp      0x200000bc   Data           4  modpowerstate.o(.data)
    textsize                                 0x200000c0   Data           1  libgraphics.o(.data)
    rotation                                 0x200000c1   Data           1  libgraphics.o(.data)
    wrap                                     0x200000c2   Data           1  libgraphics.o(.data)
    _cp437                                   0x200000c3   Data           1  libgraphics.o(.data)
    WIDTH                                    0x200000c4   Data           2  libgraphics.o(.data)
    HEIGHT                                   0x200000c6   Data           2  libgraphics.o(.data)
    _width                                   0x200000c8   Data           2  libgraphics.o(.data)
    _height                                  0x200000ca   Data           2  libgraphics.o(.data)
    cursor_x                                 0x200000cc   Data           2  libgraphics.o(.data)
    cursor_y                                 0x200000ce   Data           2  libgraphics.o(.data)
    textcolor                                0x200000d0   Data           2  libgraphics.o(.data)
    textbgcolor                              0x200000d2   Data           2  libgraphics.o(.data)
    gfxFont                                  0x200000d4   Data           4  libgraphics.o(.data)
    SystemCoreClock                          0x200000d8   Data           4  system_stm32f3xx_1.o(.data)
    generalConfig                            0x200000dc   Data           4  main.o(.data)
    consoleStatusLastTick                    0x200000e0   Data           4  main.o(.data)
    __microlib_freelist                      0x200000e4   Data           4  mvars.o(.data)
    __microlib_freelist_initialised          0x200000e8   Data           4  mvars.o(.data)
    hadc1                                    0x200000ec   Data          84  driverhwadc.o(.bss)
    driverHWI2C1                             0x20000140   Data          76  driverhwi2c1.o(.bss)
    driverHWI2C2                             0x2000018c   Data          76  driverhwi2c2.o(.bss)
    driverHWSPI1Handle                       0x200001d8   Data         100  driverhwspi1.o(.bss)
    driverHWUART2Handle                      0x2000023c   Data         112  driverhwuart2.o(.bss)
    driverHWUART2HDMAHandleRX                0x200002ac   Data          60  driverhwuart2.o(.bss)
    driverHWUART2ReceiveBuffer               0x200002e8   Data          64  driverhwuart2.o(.bss)
    driverSWLTC6803ConfigStruct              0x20000328   Data          20  driverswltc6803.o(.bss)
    modConfigGeneralConfig                   0x20000b60   Data          96  modconfig.o(.bss)
    configStruct                             0x20000bc0   Data          20  modpowerelectronics.o(.bss)
    cellVoltagesTemp                         0x20000bd4   Data          48  modpowerelectronics.o(.bss)
    hcan                                     0x20000c04   Data          64  main.o(.bss)
    packState                                0x20000c44   Data         132  main.o(.bss)
    __heap_base                              0x20000cc8   Data           0  startup_stm32f303xc.o(HEAP)
    __heap_limit                             0x20000ec8   Data           0  startup_stm32f303xc.o(HEAP)
    __initial_sp                             0x200012c8   Data           0  startup_stm32f303xc.o(STACK)



==============================================================================

Memory Map of the image

  Image Entry point : 0x08000189

  Load Region LR_IROM1 (Base: 0x08000000, Size: 0x00008620, Max: 0x00040000, ABSOLUTE)

    Execution Region ER_IROM1 (Base: 0x08000000, Size: 0x00008534, Max: 0x00040000, ABSOLUTE)

    Base Addr    Size         Type   Attr      Idx    E Section Name        Object

    0x08000000   0x00000188   Data   RO         4282    RESET               startup_stm32f303xc.o
    0x08000188   0x00000000   Code   RO         4512  * .ARM.Collect$$$$00000000  mc_w.l(entry.o)
    0x08000188   0x00000004   Code   RO         4830    .ARM.Collect$$$$00000001  mc_w.l(entry2.o)
    0x0800018c   0x00000004   Code   RO         4833    .ARM.Collect$$$$00000004  mc_w.l(entry5.o)
    0x08000190   0x00000000   Code   RO         4835    .ARM.Collect$$$$00000008  mc_w.l(entry7b.o)
    0x08000190   0x00000000   Code   RO         4837    .ARM.Collect$$$$0000000A  mc_w.l(entry8b.o)
    0x08000190   0x00000008   Code   RO         4838    .ARM.Collect$$$$0000000B  mc_w.l(entry9a.o)
    0x08000198   0x00000000   Code   RO         4840    .ARM.Collect$$$$0000000D  mc_w.l(entry10a.o)
    0x08000198   0x00000000   Code   RO         4842    .ARM.Collect$$$$0000000F  mc_w.l(entry11a.o)
    0x08000198   0x00000004   Code   RO         4831    .ARM.Collect$$$$00002712  mc_w.l(entry2.o)
    0x0800019c   0x00000024   Code   RO         4283    .text               startup_stm32f303xc.o
    0x080001c0   0x00000020   Code   RO         4515    .text               mc_w.l(llushr.o)
    0x080001e0   0x00000024   Code   RO         4517    .text               mc_w.l(memcpya.o)
    0x08000204   0x00000024   Code   RO         4519    .text               mc_w.l(memseta.o)
    0x08000228   0x0000001a   Code   RO         4521    .text               mc_w.l(memcmp.o)
    0x08000242   0x000000e4   Code   RO         4814    .text               mf_w.l(dmul.o)
    0x08000326   0x000000de   Code   RO         4816    .text               mf_w.l(ddiv.o)
    0x08000404   0x00000022   Code   RO         4818    .text               mf_w.l(dflti.o)
    0x08000426   0x0000001a   Code   RO         4820    .text               mf_w.l(dfltui.o)
    0x08000440   0x00000032   Code   RO         4822    .text               mf_w.l(dfixui.o)
    0x08000472   0x00000026   Code   RO         4824    .text               mf_w.l(f2d.o)
    0x08000498   0x00000030   Code   RO         4826    .text               mf_w.l(cdcmple.o)
    0x080004c8   0x00000038   Code   RO         4828    .text               mf_w.l(d2f.o)
    0x08000500   0x0000002c   Code   RO         4845    .text               mc_w.l(uidiv.o)
    0x0800052c   0x00000062   Code   RO         4847    .text               mc_w.l(uldiv.o)
    0x0800058e   0x00000000   Code   RO         4851    .text               mc_w.l(iusefp.o)
    0x0800058e   0x0000006e   Code   RO         4852    .text               mf_w.l(fepilogue.o)
    0x080005fc   0x000000ba   Code   RO         4854    .text               mf_w.l(depilogue.o)
    0x080006b6   0x0000014e   Code   RO         4856    .text               mf_w.l(dadd.o)
    0x08000804   0x00000030   Code   RO         4858    .text               mf_w.l(dfixul.o)
    0x08000834   0x00000030   Code   RO         4860    .text               mf_w.l(cdrcmple.o)
    0x08000864   0x00000024   Code   RO         4862    .text               mc_w.l(init.o)
    0x08000888   0x0000001e   Code   RO         4864    .text               mc_w.l(llshl.o)
    0x080008a6   0x00000024   Code   RO         4866    .text               mc_w.l(llsshr.o)
    0x080008ca   0x00000002   PAD
    0x080008cc   0x00000062   Code   RO          745    i.ADC_Disable       stm32f3xx_hal_adc_ex.o
    0x0800092e   0x00000002   PAD
    0x08000930   0x00000060   Code   RO          746    i.ADC_Enable        stm32f3xx_hal_adc_ex.o
    0x08000990   0x0000000c   Code   RO         3020    i.DMA1_Channel6_IRQHandler  driverhwuart2.o
    0x0800099c   0x0000001e   Code   RO         2627    i.DMA_SetConfig     stm32f3xx_hal_dma.o
    0x080009ba   0x00000002   PAD
    0x080009bc   0x00000394   Code   RO          770    i.HAL_ADC_ConfigChannel  stm32f3xx_hal_adc_ex.o
    0x08000d50   0x00000006   Code   RO          772    i.HAL_ADC_GetValue  stm32f3xx_hal_adc_ex.o
    0x08000d56   0x00000002   PAD
    0x08000d58   0x00000248   Code   RO          774    i.HAL_ADC_Init      stm32f3xx_hal_adc_ex.o
    0x08000fa0   0x0000003c   Code   RO         4291    i.HAL_ADC_MspInit   stm32f3xx_hal_msp.o
    0x08000fdc   0x00000150   Code   RO          777    i.HAL_ADC_Start     stm32f3xx_hal_adc_ex.o
    0x0800112c   0x0000014a   Code   RO          619    i.HAL_CAN_Init      stm32f3xx_hal_can.o
    0x08001276   0x00000002   PAD
    0x08001278   0x00000048   Code   RO         4293    i.HAL_CAN_MspInit   stm32f3xx_hal_msp.o
    0x080012c0   0x000004b8   Code   RO         2633    i.HAL_DMA_IRQHandler  stm32f3xx_hal_dma.o
    0x08001778   0x00000050   Code   RO         2634    i.HAL_DMA_Init      stm32f3xx_hal_dma.o
    0x080017c8   0x00000058   Code   RO         2637    i.HAL_DMA_Start_IT  stm32f3xx_hal_dma.o
    0x08001820   0x00000188   Code   RO         2564    i.HAL_GPIO_Init     stm32f3xx_hal_gpio.o
    0x080019a8   0x0000000a   Code   RO         2566    i.HAL_GPIO_ReadPin  stm32f3xx_hal_gpio.o
    0x080019b2   0x0000000a   Code   RO         2568    i.HAL_GPIO_WritePin  stm32f3xx_hal_gpio.o
    0x080019bc   0x0000000c   Code   RO         1934    i.HAL_GetTick       stm32f3xx_hal.o
    0x080019c8   0x00000056   Code   RO         1869    i.HAL_I2CEx_ConfigAnalogFilter  stm32f3xx_hal_i2c_ex.o
    0x08001a1e   0x00000002   PAD
    0x08001a20   0x000000b0   Code   RO         1428    i.HAL_I2C_Init      stm32f3xx_hal_i2c.o
    0x08001ad0   0x00000130   Code   RO         1434    i.HAL_I2C_Master_Receive  stm32f3xx_hal_i2c.o
    0x08001c00   0x00000128   Code   RO         1439    i.HAL_I2C_Master_Transmit  stm32f3xx_hal_i2c.o
    0x08001d28   0x00000070   Code   RO         4295    i.HAL_I2C_MspInit   stm32f3xx_hal_msp.o
    0x08001d98   0x00000010   Code   RO         1935    i.HAL_IncTick       stm32f3xx_hal.o
    0x08001da8   0x00000024   Code   RO         1936    i.HAL_Init          stm32f3xx_hal.o
    0x08001dcc   0x00000028   Code   RO         1937    i.HAL_InitTick      stm32f3xx_hal.o
    0x08001df4   0x00000070   Code   RO         4296    i.HAL_MspInit       stm32f3xx_hal_msp.o
    0x08001e64   0x00000016   Code   RO          166    i.HAL_NVIC_EnableIRQ  stm32f3xx_hal_cortex.o
    0x08001e7a   0x00000002   PAD
    0x08001e7c   0x00000040   Code   RO          172    i.HAL_NVIC_SetPriority  stm32f3xx_hal_cortex.o
    0x08001ebc   0x00000024   Code   RO          173    i.HAL_NVIC_SetPriorityGrouping  stm32f3xx_hal_cortex.o
    0x08001ee0   0x00000218   Code   RO         2060    i.HAL_RCCEx_PeriphCLKConfig  stm32f3xx_hal_rcc_ex.o
    0x080020f8   0x00000188   Code   RO         2186    i.HAL_RCC_ClockConfig  stm32f3xx_hal_rcc.o
    0x08002280   0x0000000c   Code   RO         2191    i.HAL_RCC_GetHCLKFreq  stm32f3xx_hal_rcc.o
    0x0800228c   0x00000030   Code   RO         2193    i.HAL_RCC_GetPCLK1Freq  stm32f3xx_hal_rcc.o
    0x080022bc   0x00000030   Code   RO         2194    i.HAL_RCC_GetPCLK2Freq  stm32f3xx_hal_rcc.o
    0x080022ec   0x00000064   Code   RO         2195    i.HAL_RCC_GetSysClockFreq  stm32f3xx_hal_rcc.o
    0x08002350   0x000005ac   Code   RO         2198    i.HAL_RCC_OscConfig  stm32f3xx_hal_rcc.o
    0x080028fc   0x000000c0   Code   RO         1121    i.HAL_SPI_Init      stm32f3xx_hal_spi.o
    0x080029bc   0x0000009c   Code   RO         4298    i.HAL_SPI_MspInit   stm32f3xx_hal_msp.o
    0x08002a58   0x000002b2   Code   RO         1130    i.HAL_SPI_TransmitReceive  stm32f3xx_hal_spi.o
    0x08002d0a   0x00000018   Code   RO          175    i.HAL_SYSTICK_CLKSourceConfig  stm32f3xx_hal_cortex.o
    0x08002d22   0x00000002   Code   RO          176    i.HAL_SYSTICK_Callback  stm32f3xx_hal_cortex.o
    0x08002d24   0x00000028   Code   RO          177    i.HAL_SYSTICK_Config  stm32f3xx_hal_cortex.o
    0x08002d4c   0x00000008   Code   RO          178    i.HAL_SYSTICK_IRQHandler  stm32f3xx_hal_cortex.o
    0x08002d54   0x00000002   Code   RO          299    i.HAL_UART_ErrorCallback  stm32f3xx_hal_uart.o
    0x08002d56   0x0000006a   Code   RO          303    i.HAL_UART_Init     stm32f3xx_hal_uart.o
    0x08002dc0   0x00000048   Code   RO         4300    i.HAL_UART_MspInit  stm32f3xx_hal_msp.o
    0x08002e08   0x00000080   Code   RO          307    i.HAL_UART_Receive_DMA  stm32f3xx_hal_uart.o
    0x08002e88   0x00000002   Code   RO          309    i.HAL_UART_RxCpltCallback  stm32f3xx_hal_uart.o
    0x08002e8a   0x00000002   Code   RO          310    i.HAL_UART_RxHalfCpltCallback  stm32f3xx_hal_uart.o
    0x08002e8c   0x000000a4   Code   RO          311    i.HAL_UART_Transmit  stm32f3xx_hal_uart.o
    0x08002f30   0x00000022   Code   RO         1470    i.I2C_Flush_TXDR    stm32f3xx_hal_i2c.o
    0x08002f52   0x00000002   PAD
    0x08002f54   0x0000007c   Code   RO         1478    i.I2C_IsAcknowledgeFailed  stm32f3xx_hal_i2c.o
    0x08002fd0   0x00000024   Code   RO         1485    i.I2C_TransferConfig  stm32f3xx_hal_i2c.o
    0x08002ff4   0x00000052   Code   RO         1486    i.I2C_WaitOnFlagUntilTimeout  stm32f3xx_hal_i2c.o
    0x08003046   0x00000002   PAD
    0x08003048   0x00000080   Code   RO         1487    i.I2C_WaitOnRXNEFlagUntilTimeout  stm32f3xx_hal_i2c.o
    0x080030c8   0x0000004e   Code   RO         1488    i.I2C_WaitOnSTOPFlagUntilTimeout  stm32f3xx_hal_i2c.o
    0x08003116   0x00000052   Code   RO         1489    i.I2C_WaitOnTXISFlagUntilTimeout  stm32f3xx_hal_i2c.o
    0x08003168   0x00000038   Code   RO         4453    i.MX_CAN_Init       main.o
    0x080031a0   0x000000b0   Code   RO         4454    i.MX_GPIO_Init      main.o
    0x08003250   0x00000020   Code   RO          179    i.NVIC_SetPriority  stm32f3xx_hal_cortex.o
    0x08003270   0x00000002   Code   RO         4375    i.PendSV_Handler    stm32f3xx_it.o
    0x08003272   0x00000030   Code   RO         1156    i.SPI_EndRxTxTransaction  stm32f3xx_hal_spi.o
    0x080032a2   0x000000a2   Code   RO         1163    i.SPI_WaitFifoStateUntilTimeout  stm32f3xx_hal_spi.o
    0x08003344   0x0000008e   Code   RO         1164    i.SPI_WaitFlagStateUntilTimeout  stm32f3xx_hal_spi.o
    0x080033d2   0x00000002   Code   RO         4376    i.SVC_Handler       stm32f3xx_it.o
    0x080033d4   0x0000000e   Code   RO         4377    i.SysTick_Handler   stm32f3xx_it.o
    0x080033e2   0x0000008c   Code   RO         4455    i.SystemClock_Config  main.o
    0x0800346e   0x00000002   PAD
    0x08003470   0x00000070   Code   RO         4414    i.SystemCoreClockUpdate  system_stm32f3xx_1.o
    0x080034e0   0x00000068   Code   RO         4415    i.SystemInit        system_stm32f3xx_1.o
    0x08003548   0x000000c8   Code   RO          316    i.UART_AdvFeatureConfig  stm32f3xx_hal_uart.o
    0x08003610   0x00000052   Code   RO          317    i.UART_CheckIdleState  stm32f3xx_hal_uart.o
    0x08003662   0x00000026   Code   RO          318    i.UART_DMAError     stm32f3xx_hal_uart.o
    0x08003688   0x0000002a   Code   RO          319    i.UART_DMAReceiveCplt  stm32f3xx_hal_uart.o
    0x080036b2   0x0000000a   Code   RO          320    i.UART_DMARxHalfCplt  stm32f3xx_hal_uart.o
    0x080036bc   0x000001d4   Code   RO          325    i.UART_SetConfig    stm32f3xx_hal_uart.o
    0x08003890   0x00000096   Code   RO          327    i.UART_WaitOnFlagUntilTimeout  stm32f3xx_hal_uart.o
    0x08003926   0x00000002   PAD
    0x08003928   0x0000001c   Code   RO         4757    i.__0fprintf        mc_w.l(printfa.o)
    0x08003944   0x0000000e   Code   RO         4870    i.__scatterload_copy  mc_w.l(handlers.o)
    0x08003952   0x00000002   Code   RO         4871    i.__scatterload_null  mc_w.l(handlers.o)
    0x08003954   0x0000000e   Code   RO         4872    i.__scatterload_zeroinit  mc_w.l(handlers.o)
    0x08003962   0x00000002   PAD
    0x08003964   0x00000164   Code   RO         4765    i._fp_digits        mc_w.l(printfa.o)
    0x08003ac8   0x000006dc   Code   RO         4766    i._printf_core      mc_w.l(printfa.o)
    0x080041a4   0x00000024   Code   RO         4767    i._printf_post_padding  mc_w.l(printfa.o)
    0x080041c8   0x0000002e   Code   RO         4768    i._printf_pre_padding  mc_w.l(printfa.o)
    0x080041f6   0x00000002   PAD
    0x080041f8   0x00000058   Code   RO         2710    i.driverHWADCGetLoadVoltage  driverhwadc.o
    0x08004250   0x000000d4   Code   RO         2711    i.driverHWADCInit   driverhwadc.o
    0x08004324   0x0000009c   Code   RO         2751    i.driverHWI2C1Init  driverhwi2c1.o
    0x080043c0   0x0000001c   Code   RO         2753    i.driverHWI2C1Write  driverhwi2c1.o
    0x080043dc   0x0000009c   Code   RO         2794    i.driverHWI2C2Init  driverhwi2c2.o
    0x08004478   0x00000024   Code   RO         2795    i.driverHWI2C2Read  driverhwi2c2.o
    0x0800449c   0x0000001c   Code   RO         2796    i.driverHWI2C2Write  driverhwi2c2.o
    0x080044b8   0x00000048   Code   RO         2837    i.driverHWPowerStateInit  driverhwpowerstate.o
    0x08004500   0x00000024   Code   RO         2838    i.driverHWPowerStateReadInput  driverhwpowerstate.o
    0x08004524   0x0000001c   Code   RO         2839    i.driverHWPowerStateSetOutput  driverhwpowerstate.o
    0x08004540   0x00000058   Code   RO         2879    i.driverHWSPI1Init  driverhwspi1.o
    0x08004598   0x00000058   Code   RO         2880    i.driverHWSPI1Write  driverhwspi1.o
    0x080045f0   0x0000008c   Code   RO         2881    i.driverHWSPI1WriteRead  driverhwspi1.o
    0x0800467c   0x0000001c   Code   RO         2927    i.driverHWSetOutput  driverhwstatus.o
    0x08004698   0x00000054   Code   RO         2928    i.driverHWStatusInit  driverhwstatus.o
    0x080046ec   0x0000002c   Code   RO         2966    i.driverHWSwitchesDisableAll  driverhwswitches.o
    0x08004718   0x00000048   Code   RO         2969    i.driverHWSwitchesInit  driverhwswitches.o
    0x08004760   0x0000001c   Code   RO         2970    i.driverHWSwitchesSetSwitchState  driverhwswitches.o
    0x0800477c   0x00000034   Code   RO         3021    i.driverHWUART2GetChar  driverhwuart2.o
    0x080047b0   0x000000a4   Code   RO         3022    i.driverHWUART2Init  driverhwuart2.o
    0x08004854   0x00000014   Code   RO         3023    i.driverHWUART2SendChar  driverhwuart2.o
    0x08004868   0x00000050   Code   RO         3071    i.driverSWISL28022GetBusCurrent  driverswisl28022.o
    0x080048b8   0x00000050   Code   RO         3072    i.driverSWISL28022GetBusVoltage  driverswisl28022.o
    0x08004908   0x00000020   Code   RO         3073    i.driverSWISL28022Init  driverswisl28022.o
    0x08004928   0x00000032   Code   RO         3110    i.driverSWLTC6803CalcPEC  driverswltc6803.o
    0x0800495a   0x00000002   PAD
    0x0800495c   0x00000018   Code   RO         3111    i.driverSWLTC6803EnableBalanceResistors  driverswltc6803.o
    0x08004974   0x00000034   Code   RO         3112    i.driverSWLTC6803Init  driverswltc6803.o
    0x080049a8   0x00000014   Code   RO         3113    i.driverSWLTC6803ReInit  driverswltc6803.o
    0x080049bc   0x00000108   Code   RO         3114    i.driverSWLTC6803ReadCellVoltages  driverswltc6803.o
    0x08004ac4   0x000000b0   Code   RO         3116    i.driverSWLTC6803ReadConfig  driverswltc6803.o
    0x08004b74   0x000000a4   Code   RO         3117    i.driverSWLTC6803ReadConfigRegisters  driverswltc6803.o
    0x08004c18   0x000000a0   Code   RO         3118    i.driverSWLTC6803ReadFlagRegisters  driverswltc6803.o
    0x08004cb8   0x00000088   Code   RO         3121    i.driverSWLTC6803ReadVoltageFlags  driverswltc6803.o
    0x08004d40   0x00000006   Code   RO         3122    i.driverSWLTC6803ResetCellVoltageRegisters  driverswltc6803.o
    0x08004d46   0x00000022   Code   RO         3123    i.driverSWLTC6803SendCommand  driverswltc6803.o
    0x08004d68   0x0000000c   Code   RO         3124    i.driverSWLTC6803StartCellVoltageConversion  driverswltc6803.o
    0x08004d74   0x00000004   Code   RO         3126    i.driverSWLTC6803Write  driverswltc6803.o
    0x08004d78   0x000000b4   Code   RO         3127    i.driverSWLTC6803WriteConfig  driverswltc6803.o
    0x08004e2c   0x00000072   Code   RO         3128    i.driverSWLTC6803WriteConfigRegisters  driverswltc6803.o
    0x08004e9e   0x00000004   Code   RO         3129    i.driverSWLTC6803WriteRead  driverswltc6803.o
    0x08004ea2   0x00000002   PAD
    0x08004ea4   0x00000024   Code   RO         3253    i.driverSWSSD1306ClearDisplay  driverswssd1306.o
    0x08004ec8   0x00000020   Code   RO         3254    i.driverSWSSD1306Command  driverswssd1306.o
    0x08004ee8   0x00000090   Code   RO         3258    i.driverSWSSD1306DisplayAsyncEfficient  driverswssd1306.o
    0x08004f78   0x000000d0   Code   RO         3261    i.driverSWSSD1306DrawPixel  driverswssd1306.o
    0x08005048   0x00000010   Code   RO         3262    i.driverSWSSD1306FillBuffer  driverswssd1306.o
    0x08005058   0x000000d4   Code   RO         3263    i.driverSWSSD1306Init  driverswssd1306.o
    0x0800512c   0x0000002c   Code   RO         3406    i.driverSWUART2Init  driverswuart2.o
    0x08005158   0x0000001c   Code   RO         3407    i.driverSWUART2PutCharInOutputBuffer  driverswuart2.o
    0x08005174   0x00000038   Code   RO         3408    i.driverSWUART2Task  driverswuart2.o
    0x080051ac   0x00000016   Code   RO         3891    i.fputc             libfilestream.o
    0x080051c2   0x00000002   PAD
    0x080051c4   0x00000050   Code   RO         4786    i.free              mc_w.l(malloc.o)
    0x08005214   0x00000188   Code   RO         3933    i.libGraphicsDrawChar  libgraphics.o
    0x0800539c   0x00000012   Code   RO         3937    i.libGraphicsDrawFastVLine  libgraphics.o
    0x080053ae   0x000000a0   Code   RO         3938    i.libGraphicsDrawLine  libgraphics.o
    0x0800544e   0x00000004   Code   RO         3939    i.libGraphicsDrawPixel  libgraphics.o
    0x08005452   0x00000028   Code   RO         3946    i.libGraphicsFillRect  libgraphics.o
    0x0800547a   0x00000002   PAD
    0x0800547c   0x0000000c   Code   RO         3952    i.libGraphicsGetRotation  libgraphics.o
    0x08005488   0x0000000c   Code   RO         3954    i.libGraphicsHeight  libgraphics.o
    0x08005494   0x0000002c   Code   RO         3955    i.libGraphicsInit   libgraphics.o
    0x080054c0   0x0000000c   Code   RO         3957    i.libGraphicsSetCursor  libgraphics.o
    0x080054cc   0x0000000c   Code   RO         3960    i.libGraphicsSetTextColor_0  libgraphics.o
    0x080054d8   0x00000010   Code   RO         3962    i.libGraphicsSetTextSize  libgraphics.o
    0x080054e8   0x0000000c   Code   RO         3964    i.libGraphicsWidth  libgraphics.o
    0x080054f4   0x0000011c   Code   RO         3965    i.libGraphicsWrite  libgraphics.o
    0x08005610   0x00000034   Code   RO         4199    i.libRingBufferAdd  libringbuffer.o
    0x08005644   0x00000014   Code   RO         4201    i.libRingBufferIncrEnd  libringbuffer.o
    0x08005658   0x00000014   Code   RO         4202    i.libRingBufferIncrStart  libringbuffer.o
    0x0800566c   0x00000080   Code   RO         4203    i.libRingBufferInit  libringbuffer.o
    0x080056ec   0x0000000c   Code   RO         4204    i.libRingBufferIsEmpty  libringbuffer.o
    0x080056f8   0x00000010   Code   RO         4205    i.libRingBufferIsFull  libringbuffer.o
    0x08005708   0x0000002e   Code   RO         4206    i.libRingBufferNew  libringbuffer.o
    0x08005736   0x0000002a   Code   RO         4207    i.libRingBufferNextEndIndex  libringbuffer.o
    0x08005760   0x00000004   Code   RO         4208    i.libRingBufferNumElements  libringbuffer.o
    0x08005764   0x00000030   Code   RO         4209    i.libRingBufferPeek  libringbuffer.o
    0x08005794   0x00000038   Code   RO         4210    i.libRingBufferPull  libringbuffer.o
    0x080057cc   0x000000dc   Code   RO         4456    i.main              main.o
    0x080058a8   0x0000006c   Code   RO         4787    i.malloc            mc_w.l(malloc.o)
    0x08005914   0x00000010   Code   RO         3461    i.modConfigInit     modconfig.o
    0x08005924   0x000000cc   Code   RO         3462    i.modConfigLoadConfig  modconfig.o
    0x080059f0   0x00000028   Code   RO         3494    i.modDelayInit      moddelay.o
    0x08005a18   0x00000034   Code   RO         3495    i.modDelayTick100ms  moddelay.o
    0x08005a4c   0x00000020   Code   RO         3496    i.modDelayTick1ms   moddelay.o
    0x08005a6c   0x00000038   Code   RO         3536    i.modDisplayInit    moddisplay.o
    0x08005aa4   0x00000194   Code   RO         3537    i.modDisplayShowInfo  moddisplay.o
    0x08005c38   0x00000004   Code   RO         3538    i.modDisplayTask    moddisplay.o
    0x08005c3c   0x00000028   Code   RO         3589    i.modEffectChangeState  modeffect.o
    0x08005c64   0x0000000e   Code   RO         3590    i.modEffectInit     modeffect.o
    0x08005c72   0x00000002   PAD
    0x08005c74   0x0000005c   Code   RO         3591    i.modEffectTask     modeffect.o
    0x08005cd0   0x0000004c   Code   RO         3592    i.modEffectTaskBlinkLong  modeffect.o
    0x08005d1c   0x0000004c   Code   RO         3593    i.modEffectTaskBlinkShort  modeffect.o
    0x08005d68   0x00000024   Code   RO         3594    i.modEffectTaskFlash  modeffect.o
    0x08005d8c   0x00000024   Code   RO         3595    i.modEffectTaskFlashFast  modeffect.o
    0x08005db0   0x00000040   Code   RO         3662    i.modOperationalStateHandleChargerDisconnect  modoperationalstate.o
    0x08005df0   0x00000028   Code   RO         3663    i.modOperationalStateInit  modoperationalstate.o
    0x08005e18   0x00000010   Code   RO         3664    i.modOperationalStateSetAllStates  modoperationalstate.o
    0x08005e28   0x00000268   Code   RO         3666    i.modOperationalStateTask  modoperationalstate.o
    0x08006090   0x00000010   Code   RO         3667    i.modOperationalStateUpdateStates  modoperationalstate.o
    0x080060a0   0x00000088   Code   RO         3740    i.modPowerElectronicsCalculateCellStats  modpowerelectronics.o
    0x08006128   0x0000002c   Code   RO         3741    i.modPowerElectronicsDisableAll  modpowerelectronics.o
    0x08006154   0x000000b8   Code   RO         3742    i.modPowerElectronicsInit  modpowerelectronics.o
    0x0800620c   0x0000002c   Code   RO         3743    i.modPowerElectronicsSetCharge  modpowerelectronics.o
    0x08006238   0x0000004c   Code   RO         3744    i.modPowerElectronicsSetDisCharge  modpowerelectronics.o
    0x08006284   0x0000002c   Code   RO         3745    i.modPowerElectronicsSetPreCharge  modpowerelectronics.o
    0x080062b0   0x00000046   Code   RO         3746    i.modPowerElectronicsSortCells  modpowerelectronics.o
    0x080062f6   0x00000002   PAD
    0x080062f8   0x000000c8   Code   RO         3747    i.modPowerElectronicsSubTaskBalaning  modpowerelectronics.o
    0x080063c0   0x00000160   Code   RO         3748    i.modPowerElectronicsSubTaskVoltageWatch  modpowerelectronics.o
    0x08006520   0x00000074   Code   RO         3749    i.modPowerElectronicsTask  modpowerelectronics.o
    0x08006594   0x0000005c   Code   RO         3750    i.modPowerElectronicsUpdateSwitches  modpowerelectronics.o
    0x080065f0   0x0000000c   Code   RO         3832    i.modPowerStateButtonPressedOnTurnon  modpowerstate.o
    0x080065fc   0x00000006   Code   RO         3833    i.modPowerStateChargerDetected  modpowerstate.o
    0x08006602   0x00000002   PAD
    0x08006604   0x0000002c   Code   RO         3834    i.modPowerStateInit  modpowerstate.o
    0x08006630   0x0000000c   Code   RO         3835    i.modPowerStatePowerdownRequest  modpowerstate.o
    0x0800663c   0x00000008   Code   RO         3836    i.modPowerStateSetState  modpowerstate.o
    0x08006644   0x00000058   Code   RO         3837    i.modPowerStateTask  modpowerstate.o
    0x0800669c   0x00000020   Data   RO         2199    .constdata          stm32f3xx_hal_rcc.o
    0x080066bc   0x00000018   Data   RO         2713    .constdata          driverhwadc.o
    0x080066d4   0x00000030   Data   RO         2755    .constdata          driverhwi2c1.o
    0x08006704   0x00000048   Data   RO         2798    .constdata          driverhwi2c2.o
    0x0800674c   0x0000003c   Data   RO         2840    .constdata          driverhwpowerstate.o
    0x08006788   0x00000024   Data   RO         2929    .constdata          driverhwstatus.o
    0x080067ac   0x00000050   Data   RO         2971    .constdata          driverhwswitches.o
    0x080067fc   0x00000500   Data   RO         3910    .constdata          libglcdfont.o
    0x08006cfc   0x00001800   Data   RO         4184    .constdata          liblogos.o
    0x080084fc   0x00000010   Data   RO         4416    .constdata          system_stm32f3xx_1.o
    0x0800850c   0x00000008   Data   RO         4417    .constdata          system_stm32f3xx_1.o
    0x08008514   0x00000020   Data   RO         4868    Region$$Table       anon$$obj.o


    Execution Region RW_IRAM1 (Base: 0x20000000, Size: 0x000012c8, Max: 0x0000c000, ABSOLUTE)

    Base Addr    Size         Type   Attr      Idx    E Section Name        Object

    0x20000000   0x00000004   Data   RW         1942    .data               stm32f3xx_hal.o
    0x20000004   0x00000008   Data   RW         2714    .data               driverhwadc.o
    0x2000000c   0x00000004   Data   RW         3025    .data               driverhwuart2.o
    0x20000010   0x00000005   Data   RW         3131    .data               driverswltc6803.o
    0x20000015   0x00000001   PAD
    0x20000016   0x00000006   Data   RW         3271    .data               driverswssd1306.o
    0x2000001c   0x0000000c   Data   RW         3409    .data               driverswuart2.o
    0x20000028   0x00000008   Data   RW         3497    .data               moddelay.o
    0x20000030   0x0000000c   Data   RW         3539    .data               moddisplay.o
    0x2000003c   0x0000002c   Data   RW         3596    .data               modeffect.o
    0x20000068   0x00000024   Data   RW         3668    .data               modoperationalstate.o
    0x2000008c   0x00000028   Data   RW         3752    .data               modpowerelectronics.o
    0x200000b4   0x0000000c   Data   RW         3838    .data               modpowerstate.o
    0x200000c0   0x00000018   Data   RW         3966    .data               libgraphics.o
    0x200000d8   0x00000004   Data   RW         4418    .data               system_stm32f3xx_1.o
    0x200000dc   0x00000008   Data   RW         4458    .data               main.o
    0x200000e4   0x00000004   Data   RW         4849    .data               mc_w.l(mvars.o)
    0x200000e8   0x00000004   Data   RW         4850    .data               mc_w.l(mvars.o)
    0x200000ec   0x00000054   Zero   RW         2712    .bss                driverhwadc.o
    0x20000140   0x0000004c   Zero   RW         2754    .bss                driverhwi2c1.o
    0x2000018c   0x0000004c   Zero   RW         2797    .bss                driverhwi2c2.o
    0x200001d8   0x00000064   Zero   RW         2882    .bss                driverhwspi1.o
    0x2000023c   0x000000ec   Zero   RW         3024    .bss                driverhwuart2.o
    0x20000328   0x00000014   Zero   RW         3130    .bss                driverswltc6803.o
    0x2000033c   0x00000822   Zero   RW         3270    .bss                driverswssd1306.o
    0x20000b5e   0x00000002   PAD
    0x20000b60   0x00000060   Zero   RW         3464    .bss                modconfig.o
    0x20000bc0   0x00000044   Zero   RW         3751    .bss                modpowerelectronics.o
    0x20000c04   0x000000c4   Zero   RW         4457    .bss                main.o
    0x20000cc8   0x00000200   Zero   RW         4281    HEAP                startup_stm32f303xc.o
    0x20000ec8   0x00000400   Zero   RW         4280    STACK               startup_stm32f303xc.o


==============================================================================

Image component sizes


      Code (inc. data)   RO Data    RW Data    ZI Data      Debug   Object Name

       300         28         24          8         84       2849   driverhwadc.o
       184         28         48          0         76       2700   driverhwi2c1.o
       220         34         72          0         76       3419   driverhwi2c2.o
       136         16         60          0          0       3317   driverhwpowerstate.o
       316         20          0          0        100       3044   driverhwspi1.o
       112         14         36          0          0       2761   driverhwstatus.o
       144         16         80          0          0       3281   driverhwswitches.o
       248         36          0          4        236       3315   driverhwuart2.o
       192         24          0          0          0       3559   driverswisl28022.o
      1400         90          0          5         20      17953   driverswltc6803.o
       648         42          0          6       2082       5592   driverswssd1306.o
       128         18          0         12          0       5619   driverswuart2.o
        22          0          0          0          0       2312   libfilestream.o
         0          0       1280          0          0        559   libglcdfont.o
      1018         50          0         24          0      11234   libgraphics.o
         0          0       6144          0          0        535   liblogos.o
       444         38          0          0          0       8130   libringbuffer.o
       592         80          0          8        196       3421   main.o
       220         50          0          0         96       2843   modconfig.o
       124         14          0          8          0      29152   moddelay.o
       464         44          0         12          0       3572   moddisplay.o
       370         34          0         44          0       5959   modeffect.o
       752         36          0         36          0       8031   modoperationalstate.o
      1358         64          0         40         68       9632   modpowerelectronics.o
       170         20          0         12          0       4433   modpowerstate.o
        36          8        392          0       1536        836   startup_stm32f303xc.o
       104         22          0          4          0       3251   stm32f3xx_hal.o
      2036         86          0          0          0       6690   stm32f3xx_hal_adc_ex.o
       330          0          0          0          0       1463   stm32f3xx_hal_can.o
       228         14          0          0          0      32233   stm32f3xx_hal_cortex.o
      1406         20          0          0          0       3907   stm32f3xx_hal_dma.o
       412         28          0          0          0       3151   stm32f3xx_hal_gpio.o
      1340         34          0          0          0      10942   stm32f3xx_hal_i2c.o
        86          0          0          0          0       1155   stm32f3xx_hal_i2c_ex.o
       584         60          0          0          0       4554   stm32f3xx_hal_msp.o
         0          0          0          0          0     605916   stm32f3xx_hal_pwr_ex.o
      2052         80         32          0          0       6388   stm32f3xx_hal_rcc.o
       536         14          0          0          0       1616   stm32f3xx_hal_rcc_ex.o
      1234          0          0          0          0       5469   stm32f3xx_hal_spi.o
      1394         68          0          0          0      10391   stm32f3xx_hal_uart.o
        18          0          0          0          0       1437   stm32f3xx_it.o
       216         44         24          4          0       2203   system_stm32f3xx_1.o

    ----------------------------------------------------------------------
     21608       1274       8224        228       4572     848824   Object Totals
         0          0         32          0          0          0   (incl. Generated)
        34          0          0          1          2          0   (incl. Padding)

    ----------------------------------------------------------------------

      Code (inc. data)   RO Data    RW Data    ZI Data      Debug   Library Member Name

         0          0          0          0          0          0   entry.o
         0          0          0          0          0          0   entry10a.o
         0          0          0          0          0          0   entry11a.o
         8          4          0          0          0          0   entry2.o
         4          0          0          0          0          0   entry5.o
         0          0          0          0          0          0   entry7b.o
         0          0          0          0          0          0   entry8b.o
         8          4          0          0          0          0   entry9a.o
        30          0          0          0          0          0   handlers.o
        36          8          0          0          0         68   init.o
         0          0          0          0          0          0   iusefp.o
        30          0          0          0          0         68   llshl.o
        36          0          0          0          0         68   llsshr.o
        32          0          0          0          0         68   llushr.o
       188         20          0          0          0        160   malloc.o
        26          0          0          0          0         80   memcmp.o
        36          0          0          0          0         68   memcpya.o
        36          0          0          0          0        108   memseta.o
         0          0          0          8          0          0   mvars.o
      2222         86          0          0          0        444   printfa.o
        44          0          0          0          0         80   uidiv.o
        98          0          0          0          0         92   uldiv.o
        48          0          0          0          0         68   cdcmple.o
        48          0          0          0          0         68   cdrcmple.o
        56          0          0          0          0         88   d2f.o
       334          0          0          0          0        148   dadd.o
       222          0          0          0          0        100   ddiv.o
       186          0          0          0          0        176   depilogue.o
        50          0          0          0          0         76   dfixui.o
        48          0          0          0          0         68   dfixul.o
        34          0          0          0          0         76   dflti.o
        26          0          0          0          0         76   dfltui.o
       228          0          0          0          0         96   dmul.o
        38          0          0          0          0         68   f2d.o
       110          0          0          0          0        168   fepilogue.o

    ----------------------------------------------------------------------
      4268        122          0          8          0       2580   Library Totals
         6          0          0          0          0          0   (incl. Padding)

    ----------------------------------------------------------------------

      Code (inc. data)   RO Data    RW Data    ZI Data      Debug   Library Name

      2834        122          0          8          0       1304   mc_w.l
      1428          0          0          0          0       1276   mf_w.l

    ----------------------------------------------------------------------
      4268        122          0          8          0       2580   Library Totals

    ----------------------------------------------------------------------

==============================================================================


      Code (inc. data)   RO Data    RW Data    ZI Data      Debug   

     25876       1396       8224        236       4572     832456   Grand Totals
     25876       1396       8224        236       4572     832456   ELF Image Totals
     25876       1396       8224        236          0          0   ROM Totals

==============================================================================

    Total RO  Size (Code + RO Data)                34100 (  33.30kB)
    Total RW  Size (RW Data + ZI Data)              4808 (   4.70kB)
    Total ROM Size (Code + RO Data + RW Data)      34336 (  33.53kB)

==============================================================================

