Component: ARM Compiler 5.06 update 2 (build 183) Tool: armlink [4d35b7]

==============================================================================

Section Cross References

    stm32f3xx_hal_pwr_ex.o(i.HAL_PWR_PVD_IRQHandler) refers to stm32f3xx_hal_pwr_ex.o(i.HAL_PWR_PVDCallback) for HAL_PWR_PVDCallback
    stm32f3xx_hal_cortex.o(i.HAL_NVIC_SetPriority) refers to stm32f3xx_hal_cortex.o(i.NVIC_SetPriority) for NVIC_SetPriority
    stm32f3xx_hal_cortex.o(i.HAL_SYSTICK_Config) refers to stm32f3xx_hal_cortex.o(i.NVIC_SetPriority) for NVIC_SetPriority
    stm32f3xx_hal_cortex.o(i.HAL_SYSTICK_IRQHandler) refers to stm32f3xx_hal_cortex.o(i.HAL_SYSTICK_Callback) for HAL_SYSTICK_Callback
    stm32f3xx_hal_uart.o(i.HAL_HalfDuplex_Init) refers to stm32f3xx_hal_msp.o(i.HAL_UART_MspInit) for HAL_UART_MspInit
    stm32f3xx_hal_uart.o(i.HAL_HalfDuplex_Init) refers to stm32f3xx_hal_uart.o(i.UART_SetConfig) for UART_SetConfig
    stm32f3xx_hal_uart.o(i.HAL_HalfDuplex_Init) refers to stm32f3xx_hal_uart.o(i.UART_AdvFeatureConfig) for UART_AdvFeatureConfig
    stm32f3xx_hal_uart.o(i.HAL_HalfDuplex_Init) refers to stm32f3xx_hal_uart.o(i.UART_CheckIdleState) for UART_CheckIdleState
    stm32f3xx_hal_uart.o(i.HAL_LIN_Init) refers to stm32f3xx_hal_msp.o(i.HAL_UART_MspInit) for HAL_UART_MspInit
    stm32f3xx_hal_uart.o(i.HAL_LIN_Init) refers to stm32f3xx_hal_uart.o(i.UART_SetConfig) for UART_SetConfig
    stm32f3xx_hal_uart.o(i.HAL_LIN_Init) refers to stm32f3xx_hal_uart.o(i.UART_AdvFeatureConfig) for UART_AdvFeatureConfig
    stm32f3xx_hal_uart.o(i.HAL_LIN_Init) refers to stm32f3xx_hal_uart.o(i.UART_CheckIdleState) for UART_CheckIdleState
    stm32f3xx_hal_uart.o(i.HAL_MultiProcessor_DisableMuteMode) refers to stm32f3xx_hal_uart.o(i.UART_CheckIdleState) for UART_CheckIdleState
    stm32f3xx_hal_uart.o(i.HAL_MultiProcessor_EnableMuteMode) refers to stm32f3xx_hal_uart.o(i.UART_CheckIdleState) for UART_CheckIdleState
    stm32f3xx_hal_uart.o(i.HAL_MultiProcessor_Init) refers to stm32f3xx_hal_msp.o(i.HAL_UART_MspInit) for HAL_UART_MspInit
    stm32f3xx_hal_uart.o(i.HAL_MultiProcessor_Init) refers to stm32f3xx_hal_uart.o(i.UART_SetConfig) for UART_SetConfig
    stm32f3xx_hal_uart.o(i.HAL_MultiProcessor_Init) refers to stm32f3xx_hal_uart.o(i.UART_AdvFeatureConfig) for UART_AdvFeatureConfig
    stm32f3xx_hal_uart.o(i.HAL_MultiProcessor_Init) refers to stm32f3xx_hal_uart.o(i.UART_CheckIdleState) for UART_CheckIdleState
    stm32f3xx_hal_uart.o(i.HAL_UART_DMAStop) refers to stm32f3xx_hal_dma.o(i.HAL_DMA_Abort) for HAL_DMA_Abort
    stm32f3xx_hal_uart.o(i.HAL_UART_DeInit) refers to stm32f3xx_hal_msp.o(i.HAL_UART_MspDeInit) for HAL_UART_MspDeInit
    stm32f3xx_hal_uart.o(i.HAL_UART_IRQHandler) refers to stm32f3xx_hal_uart_ex.o(i.HAL_UARTEx_WakeupCallback) for HAL_UARTEx_WakeupCallback
    stm32f3xx_hal_uart.o(i.HAL_UART_IRQHandler) refers to stm32f3xx_hal_uart.o(i.UART_Receive_IT) for UART_Receive_IT
    stm32f3xx_hal_uart.o(i.HAL_UART_IRQHandler) refers to stm32f3xx_hal_uart.o(i.UART_Transmit_IT) for UART_Transmit_IT
    stm32f3xx_hal_uart.o(i.HAL_UART_IRQHandler) refers to stm32f3xx_hal_uart.o(i.UART_EndTransmit_IT) for UART_EndTransmit_IT
    stm32f3xx_hal_uart.o(i.HAL_UART_IRQHandler) refers to stm32f3xx_hal_uart.o(i.HAL_UART_ErrorCallback) for HAL_UART_ErrorCallback
    stm32f3xx_hal_uart.o(i.HAL_UART_Init) refers to stm32f3xx_hal_msp.o(i.HAL_UART_MspInit) for HAL_UART_MspInit
    stm32f3xx_hal_uart.o(i.HAL_UART_Init) refers to stm32f3xx_hal_uart.o(i.UART_SetConfig) for UART_SetConfig
    stm32f3xx_hal_uart.o(i.HAL_UART_Init) refers to stm32f3xx_hal_uart.o(i.UART_AdvFeatureConfig) for UART_AdvFeatureConfig
    stm32f3xx_hal_uart.o(i.HAL_UART_Init) refers to stm32f3xx_hal_uart.o(i.UART_CheckIdleState) for UART_CheckIdleState
    stm32f3xx_hal_uart.o(i.HAL_UART_Receive) refers to stm32f3xx_hal_uart.o(i.UART_WaitOnFlagUntilTimeout) for UART_WaitOnFlagUntilTimeout
    stm32f3xx_hal_uart.o(i.HAL_UART_Receive_DMA) refers to stm32f3xx_hal_dma.o(i.HAL_DMA_Start_IT) for HAL_DMA_Start_IT
    stm32f3xx_hal_uart.o(i.HAL_UART_Receive_DMA) refers to stm32f3xx_hal_uart.o(i.UART_DMAReceiveCplt) for UART_DMAReceiveCplt
    stm32f3xx_hal_uart.o(i.HAL_UART_Receive_DMA) refers to stm32f3xx_hal_uart.o(i.UART_DMARxHalfCplt) for UART_DMARxHalfCplt
    stm32f3xx_hal_uart.o(i.HAL_UART_Receive_DMA) refers to stm32f3xx_hal_uart.o(i.UART_DMAError) for UART_DMAError
    stm32f3xx_hal_uart.o(i.HAL_UART_Transmit) refers to stm32f3xx_hal_uart.o(i.UART_WaitOnFlagUntilTimeout) for UART_WaitOnFlagUntilTimeout
    stm32f3xx_hal_uart.o(i.HAL_UART_Transmit_DMA) refers to stm32f3xx_hal_dma.o(i.HAL_DMA_Start_IT) for HAL_DMA_Start_IT
    stm32f3xx_hal_uart.o(i.HAL_UART_Transmit_DMA) refers to stm32f3xx_hal_uart.o(i.UART_DMATransmitCplt) for UART_DMATransmitCplt
    stm32f3xx_hal_uart.o(i.HAL_UART_Transmit_DMA) refers to stm32f3xx_hal_uart.o(i.UART_DMATxHalfCplt) for UART_DMATxHalfCplt
[...]
    modOperationalStateSetAllStates          0x0800d1dd   Thumb Code    14  modoperationalstate.o(i.modOperationalStateSetAllStates)
    modOperationalStateTask                  0x0800d1f1   Thumb Code  1288  modoperationalstate.o(i.modOperationalStateTask)
    modOperationalStateTerminateOperation    0x0800d6fd   Thumb Code    16  modoperationalstate.o(i.modOperationalStateTerminateOperation)
    modOperationalStateUpdateStates          0x0800d70d   Thumb Code    16  modoperationalstate.o(i.modOperationalStateUpdateStates)
    modPowerElectronicsAllowForcedOn         0x0800d721   Thumb Code     6  modpowerelectronics.o(i.modPowerElectronicsAllowForcedOn)
    modPowerElectronicsCalcPackCurrent       0x0800d72d   Thumb Code    54  modpowerelectronics.o(i.modPowerElectronicsCalcPackCurrent)
    modPowerElectronicsCalcTempStats         0x0800d76d   Thumb Code   254  modpowerelectronics.o(i.modPowerElectronicsCalcTempStats)
    modPowerElectronicsCalcThrottle          0x0800d87d   Thumb Code   242  modpowerelectronics.o(i.modPowerElectronicsCalcThrottle)
    modPowerElectronicsCalculateCellStats    0x0800d981   Thumb Code   126  modpowerelectronics.o(i.modPowerElectronicsCalculateCellStats)
    modPowerElectronicsCellMonitorsCheckAndSolveInitState 0x0800da09   Thumb Code    20  modpowerelectronics.o(i.modPowerElectronicsCellMonitorsCheckAndSolveInitState)
    modPowerElectronicsCellMonitorsCheckConfigAndReadAnalogData 0x0800da21   Thumb Code   168  modpowerelectronics.o(i.modPowerElectronicsCellMonitorsCheckConfigAndReadAnalogData)
    modPowerElectronicsCellMonitorsEnableBalanceResistors 0x0800dacd   Thumb Code    46  modpowerelectronics.o(i.modPowerElectronicsCellMonitorsEnableBalanceResistors)
    modPowerElectronicsCellMonitorsInit      0x0800db01   Thumb Code   178  modpowerelectronics.o(i.modPowerElectronicsCellMonitorsInit)
    modPowerElectronicsCellMonitorsReadVoltageFlags 0x0800dbb9   Thumb Code    52  modpowerelectronics.o(i.modPowerElectronicsCellMonitorsReadVoltageFlags)
    modPowerElectronicsCellMonitorsStartCellConversion 0x0800dbf1   Thumb Code    54  modpowerelectronics.o(i.modPowerElectronicsCellMonitorsStartCellConversion)
    modPowerElectronicsCellMonitorsStartLoadedCellConversion 0x0800dc2d   Thumb Code    66  modpowerelectronics.o(i.modPowerElectronicsCellMonitorsStartLoadedCellConversion)
    modPowerElectronicsCellMonitorsStartTemperatureConversion 0x0800dc75   Thumb Code    28  modpowerelectronics.o(i.modPowerElectronicsCellMonitorsStartTemperatureConversion)
    modPowerElectronicsCheckWaterSensors     0x0800dc95   Thumb Code   134  modpowerelectronics.o(i.modPowerElectronicsCheckWaterSensors)
    modPowerElectronicsDisableAll            0x0800dd21   Thumb Code    40  modpowerelectronics.o(i.modPowerElectronicsDisableAll)
    modPowerElectronicsHCSafetyCANAndPowerButtonCheck 0x0800dd4d   Thumb Code    38  modpowerelectronics.o(i.modPowerElectronicsHCSafetyCANAndPowerButtonCheck)
    modPowerElectronicsInit                  0x0800dd79   Thumb Code   312  modpowerelectronics.o(i.modPowerElectronicsInit)
    modPowerElectronicsInitISL               0x0800deed   Thumb Code    32  modpowerelectronics.o(i.modPowerElectronicsInitISL)
    modPowerElectronicsMapVariableFloat      0x0800df0d   Thumb Code    54  modpowerelectronics.o(i.modPowerElectronicsMapVariableFloat)
    modPowerElectronicsResetBalanceModeActiveTimeout 0x0800df45   Thumb Code    12  modpowerelectronics.o(i.modPowerElectronicsResetBalanceModeActiveTimeout)
    modPowerElectronicsSetCharge             0x0800df55   Thumb Code    40  modpowerelectronics.o(i.modPowerElectronicsSetCharge)
    modPowerElectronicsSetDisCharge          0x0800df81   Thumb Code    78  modpowerelectronics.o(i.modPowerElectronicsSetDisCharge)
    modPowerElectronicsSetPreCharge          0x0800dfd5   Thumb Code    40  modpowerelectronics.o(i.modPowerElectronicsSetPreCharge)
    modPowerElectronicsSortCells             0x0800e001   Thumb Code    80  modpowerelectronics.o(i.modPowerElectronicsSortCells)
    modPowerElectronicsSubTaskBalaning       0x0800e051   Thumb Code   236  modpowerelectronics.o(i.modPowerElectronicsSubTaskBalaning)
    modPowerElectronicsSubTaskBuzzer         0x0800e141   Thumb Code   100  modpowerelectronics.o(i.modPowerElectronicsSubTaskBuzzer)
    modPowerElectronicsSubTaskVoltageWatch   0x0800e1a9   Thumb Code   432  modpowerelectronics.o(i.modPowerElectronicsSubTaskVoltageWatch)
    modPowerElectronicsTask                  0x0800e35d   Thumb Code   478  modpowerelectronics.o(i.modPowerElectronicsTask)
    modPowerElectronicsTerminalCellConnectionTest 0x0800e551   Thumb Code  1744  modpowerelectronics.o(i.modPowerElectronicsTerminalCellConnectionTest)
    modPowerElectronicsUpdateSwitches        0x0800ec75   Thumb Code    94  modpowerelectronics.o(i.modPowerElectronicsUpdateSwitches)
    modPowerStateButtonPressedOnTurnon       0x0800ecd9   Thumb Code     6  modpowerstate.o(i.modPowerStateButtonPressedOnTurnon)
    modPowerStateChargerDetected             0x0800ece5   Thumb Code    14  modpowerstate.o(i.modPowerStateChargerDetected)
    modPowerStateForceOnRequest              0x0800ecf9   Thumb Code    24  modpowerstate.o(i.modPowerStateForceOnRequest)
    modPowerStateGetButtonPressedState       0x0800ed15   Thumb Code     6  modpowerstate.o(i.modPowerStateGetButtonPressedState)
    modPowerStateGetLongButtonPressState     0x0800ed21   Thumb Code     6  modpowerstate.o(i.modPowerStateGetLongButtonPressState)
    modPowerStateInit                        0x0800ed2d   Thumb Code    94  modpowerstate.o(i.modPowerStateInit)
    modPowerStatePowerdownRequest            0x0800ed91   Thumb Code    32  modpowerstate.o(i.modPowerStatePowerdownRequest)
    modPowerStateSetConfigHandle             0x0800edb5   Thumb Code    26  modpowerstate.o(i.modPowerStateSetConfigHandle)
    modPowerStateSetState                    0x0800edd5   Thumb Code     8  modpowerstate.o(i.modPowerStateSetState)
    modPowerStateTask                        0x0800eddd   Thumb Code   146  modpowerstate.o(i.modPowerStateTask)
    modStateOfChargeInit                     0x0800ee75   Thumb Code    30  modstateofcharge.o(i.modStateOfChargeInit)
    modStateOfChargeLoadStateOfCharge        0x0800eea1   Thumb Code     8  modstateofcharge.o(i.modStateOfChargeLoadStateOfCharge)
    modStateOfChargePowerDownSave            0x0800eead   Thumb Code    24  modstateofcharge.o(i.modStateOfChargePowerDownSave)
    modStateOfChargeProcess                  0x0800eec9   Thumb Code   218  modstateofcharge.o(i.modStateOfChargeProcess)
    modStateOfChargeStoreAndLoadDefaultStateOfCharge 0x0800efbd   Thumb Code    74  modstateofcharge.o(i.modStateOfChargeStoreAndLoadDefaultStateOfCharge)
    modStateOfChargeStoreStateOfCharge       0x0800f019   Thumb Code     8  modstateofcharge.o(i.modStateOfChargeStoreStateOfCharge)
    modStateOfChargeVoltageEvent             0x0800f025   Thumb Code    20  modstateofcharge.o(i.modStateOfChargeVoltageEvent)
    modTerminalProcessString                 0x0800f041   Thumb Code  6206  modterminal.o(i.modTerminalProcessString)
    modTerminalRegisterCommandCallBack       0x080108c1   Thumb Code    86  modterminal.o(i.modTerminalRegisterCommandCallBack)
    modUARTInit                              0x08010921   Thumb Code    24  moduart.o(i.modUARTInit)
    modUARTProcessPacket                     0x08010941   Thumb Code    24  moduart.o(i.modUARTProcessPacket)
    modUARTSendPacket                        0x0801095d   Thumb Code    24  moduart.o(i.modUARTSendPacket)
    modUARTSendPacketWrapper                 0x08010975   Thumb Code     6  moduart.o(i.modUARTSendPacketWrapper)
    modUARTTask                              0x0801097d   Thumb Code    34  moduart.o(i.modUARTTask)
    modconfigHardwareLimitsApply             0x0801099f   Thumb Code    56  modconfig.o(i.modconfigHardwareLimitsApply)
    aPLLMULFactorTable                       0x080109d6   Data          16  stm32f3xx_hal_rcc.o(.constdata)
    aPredivFactorTable                       0x080109e6   Data          16  stm32f3xx_hal_rcc.o(.constdata)
    driverHWADCPorts                         0x080109f8   Data          48  driverhwadc.o(.constdata)
    driverHWI2C1Ports                        0x08010a28   Data          48  driverhwi2c1.o(.constdata)
    driverHWI2C2Ports                        0x08010a58   Data          48  driverhwi2c2.o(.constdata)
    driverHWPorts                            0x08010a88   Data          60  driverhwpowerstate.o(.constdata)
    STATPorts                                0x08010ac4   Data          36  driverhwstatus.o(.constdata)
    driverHWSwitchesPorts                    0x08010ae8   Data         120  driverhwswitches.o(.constdata)
    libCRCLookupTable                        0x080110f0   Data         512  libcrc.o(.constdata)
    font                                     0x080112f0   Data        1280  libglcdfont.o(.constdata)
    libLogos                                 0x080117f0   Data        7168  liblogos.o(.constdata)
    AHBPrescTable                            0x080133f0   Data          16  system_stm32f3xx.o(.constdata)
    APBPrescTable                            0x08013400   Data           8  system_stm32f3xx.o(.constdata)
    __mathlib_zero                           0x08013440   Data           8  qnan.o(.constdata)
    __ctype_categories                       0x08013448   Data          64  ctype_c.o(.constdata)
    uwTick                                   0x20000000   Data           4  stm32f3xx_hal.o(.data)
    DataVar                                  0x2000000c   Data           2  driverhweeprom.o(.data)
    driverHWEEPROMNumberOfVars               0x2000000e   Data           2  driverhweeprom.o(.data)
    driverSWADC128StartupDelayLastTick       0x20000020   Data           4  driverswadc128d818.o(.data)
    driverSWDCDCEnabledState                 0x20000024   Data           1  driverswdcdc.o(.data)
    driverSWDCDCEnabledPinState              0x20000025   Data           1  driverswdcdc.o(.data)
    driverSWDCDCEnabledDesiredState          0x20000026   Data           1  driverswdcdc.o(.data)
    driverSWDCDCEnabledTurnOnDelayLastTick   0x20000028   Data           4  driverswdcdc.o(.data)
    driverSWDCDCPackStateHandle              0x2000002c   Data           4  driverswdcdc.o(.data)
    driverSWDCDCGeneralConfigHandle          0x20000030   Data           4  driverswdcdc.o(.data)
    driverSWEMC2305MinimalDutyCycle          0x20000034   Data           1  driverswemc2305.o(.data)
    driverSWEMC2305DutyCyle                  0x20000035   Data           4  driverswemc2305.o(.data)
    driverSWLTC6803TotalNumerOfICs           0x2000003c   Data           1  driverswltc6803.o(.data)
    driverSWLTC6804TotalNumerOfICs           0x2000004c   Data           1  driverswltc6804.o(.data)
    returnPEC                                0x2000004d   Data           1  driverswltc6804.o(.data)
    voltageUnder                             0x2000004e   Data           2  driverswltc6804.o(.data)
    voltageOver                              0x20000050   Data           2  driverswltc6804.o(.data)
    voltageLimitReg                          0x20000054   Data           4  driverswltc6804.o(.data)
    rxConfig                                 0x20000058   Data           8  driverswltc6804.o(.data)
    driverSWSHT21LastMeasureType             0x20000064   Data           1  driverswsht21.o(.data)
    driverSWSHT21LastMeasureStart            0x20000068   Data           4  driverswsht21.o(.data)
    driverSWSHT21LastTemperature             0x2000006c   Data           4  driverswsht21.o(.data)
    driverSWSHT21LastHumidity                0x20000070   Data           4  driverswsht21.o(.data)
    _i2caddr                                 0x20000074   Data           1  driverswssd1306.o(.data)
    _vccstate                                0x20000075   Data           1  driverswssd1306.o(.data)
    driverSWStorageManagerConfigEmpty        0x20000078   Data           1  driverswstoragemanager.o(.data)
    driverSWStorageManagerStateOfChargeEmpty 0x20000079   Data           1  driverswstoragemanager.o(.data)
    driverSWStorageManagerDataSize           0x2000007a   Data           2  driverswstoragemanager.o(.data)
    driverSWStorageManagerConfigStructSize   0x2000007c   Data           2  driverswstoragemanager.o(.data)
    driverSWStorageManagerStateOfChargeStructSize 0x2000007e   Data           2  driverswstoragemanager.o(.data)
    driverHWEEPROMVirtAddVarTab              0x20000080   Data           4  driverswstoragemanager.o(.data)
    driverSWUART2OutputBuffer                0x20000084   Data           4  driverswuart2.o(.data)
    chargerOpState                           0x20000088   Data           1  modcan.o(.data)
    chargerOpStateNew                        0x20000089   Data           1  modcan.o(.data)
    modCANChargerPresentOnBus                0x20000090   Data           1  modcan.o(.data)
    modCANChargerCANOpenState                0x20000091   Data           1  modcan.o(.data)
    modCANChargerChargingState               0x20000092   Data           1  modcan.o(.data)
    modCANErrorLastTick                      0x200000a0   Data           4  modcan.o(.data)
    modCANSendStatusSimpleFastLastTisk       0x200000a4   Data           4  modcan.o(.data)
    modCANSendStatusSimpleSlowLastTisk       0x200000a8   Data           4  modcan.o(.data)
    modCANSafetyCANMessageTimeout            0x200000ac   Data           4  modcan.o(.data)
    modCANLastRXID                           0x200000b0   Data           4  modcan.o(.data)
    modCANLastRXDifferLastTick               0x200000b4   Data           4  modcan.o(.data)
    modCANLastChargerHeartBeatTick           0x200000b8   Data           4  modcan.o(.data)
    modCANChargerTaskIntervalLastTick        0x200000bc   Data           4  modcan.o(.data)
    modCANPackStateHandle                    0x200000c0   Data           4  modcan.o(.data)
    modCANGeneralConfigHandle                0x200000c4   Data           4  modcan.o(.data)
    jumpBootloaderTrue                       0x200000c8   Data           1  modcommands.o(.data)
    modCommandsGeneralConfig                 0x200000d0   Data           4  modcommands.o(.data)
    modCommandsToBeSendConfig                0x200000d4   Data           4  modcommands.o(.data)
    modCommandsGeneralState                  0x200000d8   Data           4  modcommands.o(.data)
    modDisplayCurrentState                   0x200000e8   Data           1  moddisplay.o(.data)
    modDisplayPresent                        0x200000e9   Data           1  moddisplay.o(.data)
    modDisplayLastRefresh                    0x200000f0   Data           4  moddisplay.o(.data)
    modDisplayStartupDelay                   0x200000f4   Data           4  moddisplay.o(.data)
    STATStatuses                             0x20000114   Data          24  modeffect.o(.data)
    modHiAmpShieldRelayControllerRelayEnabledState 0x20000139   Data           1  modhiamp.o(.data)
    modHiAmpShieldRelayControllerRelayEnabledLastState 0x2000013a   Data           1  modhiamp.o(.data)
    dischargeHCEnable                        0x2000013b   Data           1  modhiamp.o(.data)
    modHiAmpShieldPresenceFanDriver          0x2000013c   Data           1  modhiamp.o(.data)
    modHiAmpShieldPresenceAuxADC             0x2000013d   Data           1  modhiamp.o(.data)
    modHiAmpShieldRelayControllerRelayEnabledDesiredLastState 0x2000013e   Data           1  modhiamp.o(.data)
    modHiAmpShieldPrePreChargeBulkCapChargeDetected 0x2000013f   Data           1  modhiamp.o(.data)
    modHiAmpPackStateHandle                  0x20000144   Data           4  modhiamp.o(.data)
    modHiAmpGeneralConfigHandle              0x20000148   Data           4  modhiamp.o(.data)
    modHiAmpShieldPresenceDetectLastTick     0x2000014c   Data           4  modhiamp.o(.data)
    modHiAmpShieldSamplingLastTick           0x20000150   Data           4  modhiamp.o(.data)
    modHiAmpShieldRelayTimeoutLastTick       0x20000154   Data           4  modhiamp.o(.data)
    modHiAmpShieldRelayStartPrechargeTimeStamp 0x20000158   Data           4  modhiamp.o(.data)
    modOperationalStateLastState             0x2000015c   Data           1  modoperationalstate.o(.data)
    modOperationalStateCurrentState          0x2000015d   Data           1  modoperationalstate.o(.data)
    modOperationalStateNewState              0x2000015e   Data           1  modoperationalstate.o(.data)
    packOperationalCellStateLastErrorState   0x2000015f   Data           1  modoperationalstate.o(.data)
    modOperationalStateForceOn               0x20000160   Data           1  modoperationalstate.o(.data)
    modOperationalStatePackStatehandle       0x20000164   Data           4  modoperationalstate.o(.data)
    modOperationalStateGeneralConfigHandle   0x20000168   Data           4  modoperationalstate.o(.data)
    modOperationalStateGeneralStateOfCharge  0x2000016c   Data           4  modoperationalstate.o(.data)
    modOperationalStateChargerTimeout        0x20000170   Data           4  modoperationalstate.o(.data)
    modOperationalStateChargedTimeout        0x20000174   Data           4  modoperationalstate.o(.data)
    modOperationalStatePreChargeTimeout      0x20000178   Data           4  modoperationalstate.o(.data)
    modOperationalStateStartupDelay          0x2000017c   Data           4  modoperationalstate.o(.data)
    modOperationalStateChargerDisconnectDetectDelay 0x20000180   Data           4  modoperationalstate.o(.data)
    modOperationalStateBatteryDeadDisplayTime 0x20000184   Data           4  modoperationalstate.o(.data)
    modOperationalStateErrorDisplayTime      0x20000188   Data           4  modoperationalstate.o(.data)
    modOperationalStateNotUsedResetDelay     0x2000018c   Data           4  modoperationalstate.o(.data)
    modOperationalStateNotUsedTime           0x20000190   Data           4  modoperationalstate.o(.data)
    modOperationalStatePSPDisableDelay       0x20000194   Data           4  modoperationalstate.o(.data)
    modOperationalStateWatchDogCountdownLastTick 0x20000198   Data           4  modoperationalstate.o(.data)
    modPowerElectronicsUnderAndOverVoltageErrorCount 0x200001a2   Data           1  modpowerelectronics.o(.data)
    modPowerElectronicsAllowForcedOnState    0x200001a3   Data           1  modpowerelectronics.o(.data)
    modPowerElectronicsISLErrorCount         0x200001a4   Data           1  modpowerelectronics.o(.data)
    modPowerElectronicsCellMonitorsTypeActive 0x200001a5   Data           1  modpowerelectronics.o(.data)
    modPowerElectronicsVoltageSenseError     0x200001a6   Data           1  modpowerelectronics.o(.data)
    modPowerElectronicsChargeDeratingActive  0x200001a7   Data           1  modpowerelectronics.o(.data)
    modPowerElectronicsPackStateHandle       0x200001b4   Data           4  modpowerelectronics.o(.data)
    modPowerElectronicsGeneralConfigHandle   0x200001b8   Data           4  modpowerelectronics.o(.data)
    modPowerElectronicsMeasureIntervalLastTick 0x200001bc   Data           4  modpowerelectronics.o(.data)
    modPowerElectronicsChargeRetryLastTick   0x200001c0   Data           4  modpowerelectronics.o(.data)
    modPowerElectronicsDisChargeLCRetryLastTick 0x200001c4   Data           4  modpowerelectronics.o(.data)
    modPowerElectronicsDisChargeHCRetryLastTick 0x200001c8   Data           4  modpowerelectronics.o(.data)
    modPowerElectronicsCellBalanceUpdateLastTick 0x200001cc   Data           4  modpowerelectronics.o(.data)
    modPowerElectronicsTempMeasureDelayLastTick 0x200001d0   Data           4  modpowerelectronics.o(.data)
    modPowerElectronicsChargeCurrentDetectionLastTick 0x200001d4   Data           4  modpowerelectronics.o(.data)
    modPowerElectronicsBalanceModeActiveLastTick 0x200001d8   Data           4  modpowerelectronics.o(.data)
    modPowerElectronicsWaterDetectDelayLastTick 0x200001dc   Data           4  modpowerelectronics.o(.data)
    modPowerElectronicsBuzzerUpdateIntervalLastTick 0x200001e0   Data           4  modpowerelectronics.o(.data)
    modPowerElectronicsTempPackVoltage       0x200001e4   Data           4  modpowerelectronics.o(.data)
    modPowerElectronicsChargeDiodeBypassHysteresis 0x200001e8   Data           4  modpowerelectronics.o(.data)
    modPowerElectronicsChargeIncreaseLastTick 0x200001ec   Data           4  modpowerelectronics.o(.data)
    modPowerElectronicsTemperatureArray      0x200001f0   Data           6  modpowerelectronics.o(.data)
    modPowerStatePulsePowerDownDesired       0x200001fa   Data           1  modpowerstate.o(.data)
    modPowerStateForceOnDesired              0x200001fb   Data           1  modpowerstate.o(.data)
    modPowerStateButtonPressedVar            0x200001fc   Data           1  modpowerstate.o(.data)
    modPowerStateLastButtonPressedVar        0x200001fd   Data           1  modpowerstate.o(.data)
    modPowerStateLastButtonFirstPress        0x200001fe   Data           1  modpowerstate.o(.data)
    modPowerStateButtonPulsToggleMode        0x200001ff   Data           1  modpowerstate.o(.data)
    modPowerStatePowerModeDirectHCDelay      0x20000200   Data           1  modpowerstate.o(.data)
    modPowerStateLongStartupButtonPress      0x20000201   Data           1  modpowerstate.o(.data)
    tempButtonPressed                        0x20000202   Data           1  modpowerstate.o(.data)
    modPowerStateGeneralConfigHandle         0x20000204   Data           4  modpowerstate.o(.data)
    modPowerStateButtonPressedDuration       0x20000208   Data           4  modpowerstate.o(.data)
    modPowerStateButtonPressedTimeStamp      0x2000020c   Data           4  modpowerstate.o(.data)
    modPowerStateStartupDelay                0x20000210   Data           4  modpowerstate.o(.data)
    modPowerStatePowerDownTimeout            0x20000214   Data           4  modpowerstate.o(.data)
    modStateOfChargePowerDownSavedFlag       0x20000218   Data           1  modstateofcharge.o(.data)
    modStateOfChargePackStatehandle          0x2000021c   Data           4  modstateofcharge.o(.data)
    modStateOfChargeGeneralConfigHandle      0x20000220   Data           4  modstateofcharge.o(.data)
    modStateOfChargeLargeCoulombTick         0x20000224   Data           4  modstateofcharge.o(.data)
    modStateOfChargeStoreSoCTick             0x20000228   Data           4  modstateofcharge.o(.data)
    textsize                                 0x20000230   Data           1  libgraphics.o(.data)
    rotation                                 0x20000231   Data           1  libgraphics.o(.data)
    wrap                                     0x20000232   Data           1  libgraphics.o(.data)
    _cp437                                   0x20000233   Data           1  libgraphics.o(.data)
    WIDTH                                    0x20000234   Data           2  libgraphics.o(.data)
    HEIGHT                                   0x20000236   Data           2  libgraphics.o(.data)
    _width                                   0x20000238   Data           2  libgraphics.o(.data)
    _height                                  0x2000023a   Data           2  libgraphics.o(.data)
    cursor_x                                 0x2000023c   Data           2  libgraphics.o(.data)
    cursor_y                                 0x2000023e   Data           2  libgraphics.o(.data)
    textcolor                                0x20000240   Data           2  libgraphics.o(.data)
    textbgcolor                              0x20000242   Data           2  libgraphics.o(.data)
    gfxFont                                  0x20000244   Data           4  libgraphics.o(.data)
    SystemCoreClock                          0x20000248   Data           4  system_stm32f3xx.o(.data)
    generalConfig                            0x2000024c   Data           4  main.o(.data)
    generalStateOfCharge                     0x20000250   Data           4  main.o(.data)
    __microlib_freelist                      0x20000258   Data           4  mvars.o(.data)
    __microlib_freelist_initialised          0x2000025c   Data           4  mvars.o(.data)
    pFlash                                   0x20000268   Data          32  stm32f3xx_hal_flash.o(.bss)
    hadc1                                    0x20000288   Data          84  driverhwadc.o(.bss)
    driverHWI2C1                             0x200002dc   Data          76  driverhwi2c1.o(.bss)
    driverHWI2C2                             0x20000328   Data          76  driverhwi2c2.o(.bss)
    driverHWSPI1Handle                       0x20000374   Data         100  driverhwspi1.o(.bss)
    driverHWUART2Handle                      0x200003d8   Data         112  driverhwuart2.o(.bss)
    driverHWUART2HDMAHandleRX                0x20000448   Data          60  driverhwuart2.o(.bss)
    driverHWUART2ReceiveBuffer               0x20000484   Data        1024  driverhwuart2.o(.bss)
    driverSWLTC6803ConfigStruct              0x20000884   Data          20  driverswltc6803.o(.bss)
    driverSWLTC6804ConfigStruct              0x200008b0   Data          24  driverswltc6804.o(.bss)
    driverSWMCP3221MovingAverage             0x200008c8   Data          40  driverswmcp3221.o(.bss)
    displayBufferReal                        0x20000901   Data        1024  driverswssd1306.o(.bss)
    displayBufferDesired                     0x20000d01   Data        1024  driverswssd1306.o(.bss)
    modCANHandle                             0x20001144   Data          64  modcan.o(.bss)
    modCommandsConfigStorage                 0x20003e60   Data         296  modcommands.o(.bss)
    modConfigGeneralConfig                   0x20003f88   Data         296  modconfig.o(.bss)
    modOperationalStateDisplayData           0x200040c0   Data          16  modoperationalstate.o(.bss)
    modStateOfChargeGeneralStateOfCharge     0x200040d0   Data          16  modstateofcharge.o(.bss)
    handleIWDG                               0x200052b0   Data          20  main.o(.bss)
    packState                                0x200052c4   Data         344  main.o(.bss)
    __heap_base                              0x20005420   Data           0  startup_stm32f303xc.o(HEAP)
    __heap_limit                             0x20005c20   Data           0  startup_stm32f303xc.o(HEAP)
    __initial_sp                             0x20006020   Data           0  startup_stm32f303xc.o(STACK)



==============================================================================

Memory Map of the image

  Image Entry point : 0x08000189

  Load Region LR_IROM1 (Base: 0x08000000, Size: 0x00000464, Max: 0x00000800, ABSOLUTE, COMPRESSED[0x0000021c])

    Execution Region ER_IROM1 (Base: 0x08000000, Size: 0x00000200, Max: 0x00000800, ABSOLUTE)

    Base Addr    Size         Type   Attr      Idx    E Section Name        Object

    0x08000000   0x00000188   Data   RO         6059    RESET               startup_stm32f303xc.o
    0x08000188   0x00000000   Code   RO         6337  * .ARM.Collect$$$$00000000  mc_w.l(entry.o)
    0x08000188   0x00000004   Code   RO         6473    .ARM.Collect$$$$00000001  mc_w.l(entry2.o)
    0x0800018c   0x00000004   Code   RO         6476    .ARM.Collect$$$$00000004  mc_w.l(entry5.o)
    0x08000190   0x00000000   Code   RO         6478    .ARM.Collect$$$$00000008  mc_w.l(entry7b.o)
    0x08000190   0x00000000   Code   RO         6480    .ARM.Collect$$$$0000000A  mc_w.l(entry8b.o)
    0x08000190   0x00000008   Code   RO         6481    .ARM.Collect$$$$0000000B  mc_w.l(entry9a.o)
    0x08000198   0x00000000   Code   RO         6483    .ARM.Collect$$$$0000000D  mc_w.l(entry10a.o)
    0x08000198   0x00000000   Code   RO         6485    .ARM.Collect$$$$0000000F  mc_w.l(entry11a.o)
    0x08000198   0x00000004   Code   RO         6474    .ARM.Collect$$$$00002712  mc_w.l(entry2.o)
    0x0800019c   0x00000024   Code   RO         6532    .text               mc_w.l(init.o)
    0x080001c0   0x0000000e   Code   RO         6545    i.__scatterload_copy  mc_w.l(handlers.o)
    0x080001ce   0x00000002   Code   RO         6546    i.__scatterload_null  mc_w.l(handlers.o)
    0x080001d0   0x0000000e   Code   RO         6547    i.__scatterload_zeroinit  mc_w.l(handlers.o)
    0x080001de   0x00000002   PAD
    0x080001e0   0x00000020   Data   RO         6543    Region$$Table       anon$$obj.o


    Execution Region RW_IRAM1 (Base: 0x20000000, Size: 0x00006020, Max: 0x0000c000, ABSOLUTE, COMPRESSED[0x0000001c])

    Base Addr    Size         Type   Attr      Idx    E Section Name        Object

    0x20000000   0x00000004   Data   RW         1945    .data               stm32f3xx_hal.o
    0x20000004   0x00000008   Data   RW         2767    .data               driverhwadc.o
    0x2000000c   0x00000004   Data   RW         2830    .data               driverhweeprom.o
    0x20000010   0x00000004   Data   RW         3169    .data               driverhwuart2.o
    0x20000014   0x00000010   Data   RW         3217    .data               driverswadc128d818.o
    0x20000024   0x00000010   Data   RW         3318    .data               driverswdcdc.o
    0x20000034   0x00000005   Data   RW         3440    .data               driverswemc2305.o
    0x20000039   0x00000001   PAD
    0x2000003a   0x00000002   Data   RW         3489    .data               driverswisl28022.o
    0x2000003c   0x00000010   Data   RW         3546    .data               driverswltc6803.o
    0x2000004c   0x00000014   Data   RW         3701    .data               driverswltc6804.o
    0x20000060   0x00000001   Data   RW         3846    .data               driverswmcp3221.o
    0x20000061   0x00000003   Data   RW         3888    .data               driverswpcal6416.o
    0x20000064   0x00000010   Data   RW         3934    .data               driverswsht21.o
    0x20000074   0x00000004   Data   RW         4015    .data               driverswssd1306.o
    0x20000078   0x0000000c   Data   RW         4152    .data               driverswstoragemanager.o
    0x20000084   0x00000004   Data   RW         4208    .data               driverswuart2.o
    0x20000088   0x00000040   Data   RW         4287    .data               modcan.o
    0x200000c8   0x00000014   Data   RW         4517    .data               modcommands.o
    0x200000dc   0x0000000c   Data   RW         4645    .data               moddelay.o
    0x200000e8   0x00000010   Data   RW         4697    .data               moddisplay.o
    0x200000f8   0x00000034   Data   RW         4742    .data               modeffect.o
    0x2000012c   0x0000000c   Data   RW         4814    .data               modflash.o
    0x20000138   0x00000024   Data   RW         4886    .data               modhiamp.o
    0x2000015c   0x00000040   Data   RW         4986    .data               modoperationalstate.o
    0x2000019c   0x0000005a   Data   RW         5087    .data               modpowerelectronics.o
    0x200001f6   0x00000002   PAD
    0x200001f8   0x00000020   Data   RW         5276    .data               modpowerstate.o
    0x20000218   0x00000014   Data   RW         5358    .data               modstateofcharge.o
    0x2000022c   0x00000004   Data   RW         5417    .data               modterminal.o
    0x20000230   0x00000018   Data   RW         5708    .data               libgraphics.o
    0x20000248   0x00000004   Data   RW         6194    .data               system_stm32f3xx.o
    0x2000024c   0x00000008   Data   RW         6234    .data               main.o
    0x20000254   0x00000004   Data   RW         6353    .data               mc_w.l(strtok.o)
    0x20000258   0x00000004   Data   RW         6498    .data               mc_w.l(mvars.o)
    0x2000025c   0x00000004   Data   RW         6499    .data               mc_w.l(mvars.o)
    0x20000260   0x00000004   Data   RW         6503    .data               mc_w.l(errno.o)
    0x20000264   0x00000004   PAD
    0x20000268   0x00000020   Zero   RW         2325    .bss                stm32f3xx_hal_flash.o
    0x20000288   0x00000054   Zero   RW         2765    .bss                driverhwadc.o
    0x200002dc   0x0000004c   Zero   RW         2901    .bss                driverhwi2c1.o
    0x20000328   0x0000004c   Zero   RW         2944    .bss                driverhwi2c2.o
    0x20000374   0x00000064   Zero   RW         3029    .bss                driverhwspi1.o
    0x200003d8   0x000004ac   Zero   RW         3168    .bss                driverhwuart2.o
    0x20000884   0x00000014   Zero   RW         3545    .bss                driverswltc6803.o
    0x20000898   0x00000030   Zero   RW         3699    .bss                driverswltc6804.o
    0x200008c8   0x00000028   Zero   RW         3845    .bss                driverswmcp3221.o
    0x200008f0   0x00000811   Zero   RW         4014    .bss                driverswssd1306.o
    0x20001101   0x00000003   PAD
    0x20001104   0x0000285c   Zero   RW         4286    .bss                modcan.o
    0x20003960   0x00000628   Zero   RW         4516    .bss                modcommands.o
    0x20003f88   0x00000128   Zero   RW         4585    .bss                modconfig.o
    0x200040b0   0x00000010   Zero   RW         4696    .bss                moddisplay.o
    0x200040c0   0x00000010   Zero   RW         4985    .bss                modoperationalstate.o
    0x200040d0   0x00000010   Zero   RW         5357    .bss                modstateofcharge.o
    0x200040e0   0x00000190   Zero   RW         5415    .bss                modterminal.o
    0x20004270   0x00001040   Zero   RW         5945    .bss                libpacket.o
    0x200052b0   0x0000016c   Zero   RW         6233    .bss                main.o
    0x2000541c   0x00000004   PAD
    0x20005420   0x00000800   Zero   RW         6058    HEAP                startup_stm32f303xc.o
    0x20005c20   0x00000400   Zero   RW         6057    STACK               startup_stm32f303xc.o



  Load Region LR_IROM2 (Base: 0x08001800, Size: 0x00011dec, Max: 0x00015800, ABSOLUTE)

    Execution Region ER_IROM2 (Base: 0x08001800, Size: 0x00011dec, Max: 0x00015800, ABSOLUTE)

    Base Addr    Size         Type   Attr      Idx    E Section Name        Object

    0x08001800   0x00000024   Code   RO         6060    .text               startup_stm32f303xc.o
    0x08001824   0x00000020   Code   RO         6340    .text               mc_w.l(llushr.o)
    0x08001844   0x00000024   Code   RO         6342    .text               mc_w.l(memcpya.o)
    0x08001868   0x00000024   Code   RO         6344    .text               mc_w.l(memseta.o)
    0x0800188c   0x0000001c   Code   RO         6346    .text               mc_w.l(strcmp.o)
    0x080018a8   0x0000001a   Code   RO         6348    .text               mc_w.l(memcmp.o)
    0x080018c2   0x00000012   Code   RO         6350    .text               mc_w.l(strcpy.o)
    0x080018d4   0x00000044   Code   RO         6352    .text               mc_w.l(strtok.o)
    0x08001918   0x00000038   Code   RO         6416    .text               mc_w.l(__0sscanf.o)
    0x08001950   0x0000014c   Code   RO         6418    .text               mc_w.l(_scanf_int.o)
    0x08001a9c   0x00000338   Code   RO         6420    .text               mc_w.l(scanf_fp.o)
    0x08001dd4   0x0000014e   Code   RO         6424    .text               mf_w.l(dadd.o)
    0x08001f22   0x000000e4   Code   RO         6426    .text               mf_w.l(dmul.o)
    0x08002006   0x000000de   Code   RO         6428    .text               mf_w.l(ddiv.o)
    0x080020e4   0x00000022   Code   RO         6430    .text               mf_w.l(dflti.o)
    0x08002106   0x0000001a   Code   RO         6432    .text               mf_w.l(dfltui.o)
    0x08002120   0x00000032   Code   RO         6434    .text               mf_w.l(dfixui.o)
    0x08002152   0x00000026   Code   RO         6436    .text               mf_w.l(f2d.o)
    0x08002178   0x00000030   Code   RO         6438    .text               mf_w.l(cdcmple.o)
    0x080021a8   0x00000038   Code   RO         6440    .text               mf_w.l(d2f.o)
    0x080021e0   0x0000002c   Code   RO         6490    .text               mc_w.l(uidiv.o)
    0x0800220c   0x00000062   Code   RO         6492    .text               mc_w.l(uldiv.o)
    0x0800226e   0x0000001e   Code   RO         6494    .text               mc_w.l(llshl.o)
    0x0800228c   0x00000024   Code   RO         6496    .text               mc_w.l(llsshr.o)
    0x080022b0   0x0000001c   Code   RO         6507    .text               mc_w.l(_chval.o)
    0x080022cc   0x00000028   Code   RO         6509    .text               mc_w.l(scanf_char.o)
    0x080022f4   0x00000040   Code   RO         6511    .text               mc_w.l(_sgetc.o)
    0x08002334   0x00000000   Code   RO         6513    .text               mc_w.l(iusefp.o)
    0x08002334   0x0000006e   Code   RO         6514    .text               mf_w.l(fepilogue.o)
    0x080023a2   0x00000018   Code   RO         6516    .text               mf_w.l(fscalb.o)
    0x080023ba   0x000000ba   Code   RO         6518    .text               mf_w.l(depilogue.o)
    0x08002474   0x00000088   Code   RO         6522    .text               mf_w.l(drnd.o)
    0x080024fc   0x00000018   Code   RO         6524    .text               mf_w.l(dfltul.o)
    0x08002514   0x00000030   Code   RO         6526    .text               mf_w.l(dfixul.o)
    0x08002544   0x00000030   Code   RO         6528    .text               mf_w.l(cdrcmple.o)
    0x08002574   0x0000000a   Code   RO         6535    .text               mc_w.l(isspace_c.o)
    0x0800257e   0x00000002   PAD
    0x08002580   0x0000032c   Code   RO         6537    .text               mc_w.l(_scanf.o)
    0x080028ac   0x00000028   Code   RO         6540    .text               mc_w.l(ctype_c.o)
    0x080028d4   0x0000003a   Code   RO         6551    .text               mc_w.l(__dczerorl.o)
    0x0800290e   0x00000002   PAD
    0x08002910   0x00000062   Code   RO          748    i.ADC_Disable       stm32f3xx_hal_adc_ex.o
    0x08002972   0x00000002   PAD
    0x08002974   0x00000060   Code   RO          749    i.ADC_Enable        stm32f3xx_hal_adc_ex.o
    0x080029d4   0x00000130   Code   RO          614    i.CAN_Receive_IT    stm32f3xx_hal_can.o
    0x08002b04   0x00000060   Code   RO          615    i.CAN_Transmit_IT   stm32f3xx_hal_can.o
    0x08002b64   0x0000000c   Code   RO         3164    i.DMA1_Channel6_IRQHandler  driverhwuart2.o
    0x08002b70   0x0000001e   Code   RO         2630    i.DMA_SetConfig     stm32f3xx_hal_dma.o
    0x08002b8e   0x00000002   PAD
    0x08002b90   0x00000024   Code   RO         2103    i.FLASH_MassErase   stm32f3xx_hal_flash_ex.o
    0x08002bb4   0x00000024   Code   RO         2108    i.FLASH_PageErase   stm32f3xx_hal_flash_ex.o
    0x08002bd8   0x0000001c   Code   RO         2311    i.FLASH_Program_HalfWord  stm32f3xx_hal_flash.o
    0x08002bf4   0x00000034   Code   RO         2312    i.FLASH_SetErrorCode  stm32f3xx_hal_flash.o
    0x08002c28   0x00000050   Code   RO         2313    i.FLASH_WaitForLastOperation  stm32f3xx_hal_flash.o
    0x08002c78   0x00000394   Code   RO          773    i.HAL_ADC_ConfigChannel  stm32f3xx_hal_adc_ex.o
    0x0800300c   0x00000006   Code   RO          775    i.HAL_ADC_GetValue  stm32f3xx_hal_adc_ex.o
    0x08003012   0x00000002   PAD
    0x08003014   0x00000248   Code   RO          777    i.HAL_ADC_Init      stm32f3xx_hal_adc_ex.o
    0x0800325c   0x0000003c   Code   RO         6068    i.HAL_ADC_MspInit   stm32f3xx_hal_msp.o
    0x08003298   0x0000011c   Code   RO          778    i.HAL_ADC_PollForConversion  stm32f3xx_hal_adc_ex.o
    0x080033b4   0x00000150   Code   RO          780    i.HAL_ADC_Start     stm32f3xx_hal_adc_ex.o
    0x08003504   0x000000f0   Code   RO          616    i.HAL_CAN_ConfigFilter  stm32f3xx_hal_can.o
    0x080035f4   0x00000002   Code   RO          618    i.HAL_CAN_ErrorCallback  stm32f3xx_hal_can.o
    0x080035f6   0x00000002   PAD
    0x080035f8   0x00000158   Code   RO          621    i.HAL_CAN_IRQHandler  stm32f3xx_hal_can.o
    0x08003750   0x0000014a   Code   RO          622    i.HAL_CAN_Init      stm32f3xx_hal_can.o
    0x0800389a   0x00000002   PAD
    0x0800389c   0x00000058   Code   RO         6070    i.HAL_CAN_MspInit   stm32f3xx_hal_msp.o
    0x080038f4   0x0000008a   Code   RO          626    i.HAL_CAN_Receive_IT  stm32f3xx_hal_can.o
    0x0800397e   0x00000002   PAD
    0x08003980   0x000000b0   Code   RO         4257    i.HAL_CAN_RxCpltCallback  modcan.o
    0x08003a30   0x00000188   Code   RO          629    i.HAL_CAN_Transmit  stm32f3xx_hal_can.o
    0x08003bb8   0x00000002   Code   RO          631    i.HAL_CAN_TxCpltCallback  stm32f3xx_hal_can.o
    0x08003bba   0x00000002   PAD
    0x08003bbc   0x000004b8   Code   RO         2636    i.HAL_DMA_IRQHandler  stm32f3xx_hal_dma.o
    0x08004074   0x00000050   Code   RO         2637    i.HAL_DMA_Init      stm32f3xx_hal_dma.o
    0x080040c4   0x00000058   Code   RO         2640    i.HAL_DMA_Start_IT  stm32f3xx_hal_dma.o
    0x0800411c   0x00000016   Code   RO         1933    i.HAL_Delay         stm32f3xx_hal.o
    0x08004132   0x00000002   PAD
    0x08004134   0x000000a8   Code   RO         2109    i.HAL_FLASHEx_Erase  stm32f3xx_hal_flash_ex.o
    0x080041dc   0x00000080   Code   RO         2322    i.HAL_FLASH_Program  stm32f3xx_hal_flash.o
    0x0800425c   0x00000024   Code   RO         2324    i.HAL_FLASH_Unlock  stm32f3xx_hal_flash.o
    0x08004280   0x00000188   Code   RO         2567    i.HAL_GPIO_Init     stm32f3xx_hal_gpio.o
    0x08004408   0x0000000a   Code   RO         2569    i.HAL_GPIO_ReadPin  stm32f3xx_hal_gpio.o
    0x08004412   0x0000000a   Code   RO         2571    i.HAL_GPIO_WritePin  stm32f3xx_hal_gpio.o
    0x0800441c   0x0000000c   Code   RO         1937    i.HAL_GetTick       stm32f3xx_hal.o
    0x08004428   0x00000056   Code   RO         1872    i.HAL_I2CEx_ConfigAnalogFilter  stm32f3xx_hal_i2c_ex.o
    0x0800447e   0x00000002   PAD
    0x08004480   0x000000b0   Code   RO         1431    i.HAL_I2C_Init      stm32f3xx_hal_i2c.o
    0x08004530   0x00000130   Code   RO         1437    i.HAL_I2C_Master_Receive  stm32f3xx_hal_i2c.o
    0x08004660   0x00000128   Code   RO         1442    i.HAL_I2C_Master_Transmit  stm32f3xx_hal_i2c.o
    0x08004788   0x00000070   Code   RO         6072    i.HAL_I2C_MspInit   stm32f3xx_hal_msp.o
    0x080047f8   0x00000096   Code   RO         2714    i.HAL_IWDG_Init     stm32f3xx_hal_iwdg.o
    0x0800488e   0x00000002   Code   RO         2715    i.HAL_IWDG_MspInit  stm32f3xx_hal_iwdg.o
    0x08004890   0x00000054   Code   RO         2716    i.HAL_IWDG_Refresh  stm32f3xx_hal_iwdg.o
    0x080048e4   0x00000064   Code   RO         2717    i.HAL_IWDG_Start    stm32f3xx_hal_iwdg.o
    0x08004948   0x00000010   Code   RO         1938    i.HAL_IncTick       stm32f3xx_hal.o
    0x08004958   0x00000024   Code   RO         1939    i.HAL_Init          stm32f3xx_hal.o
    0x0800497c   0x00000028   Code   RO         1940    i.HAL_InitTick      stm32f3xx_hal.o
    0x080049a4   0x00000070   Code   RO         6073    i.HAL_MspInit       stm32f3xx_hal_msp.o
    0x08004a14   0x00000016   Code   RO          169    i.HAL_NVIC_EnableIRQ  stm32f3xx_hal_cortex.o
    0x08004a2a   0x00000002   PAD
    0x08004a2c   0x00000040   Code   RO          175    i.HAL_NVIC_SetPriority  stm32f3xx_hal_cortex.o
    0x08004a6c   0x00000024   Code   RO          176    i.HAL_NVIC_SetPriorityGrouping  stm32f3xx_hal_cortex.o
    0x08004a90   0x00000218   Code   RO         2063    i.HAL_RCCEx_PeriphCLKConfig  stm32f3xx_hal_rcc_ex.o
    0x08004ca8   0x00000188   Code   RO         2189    i.HAL_RCC_ClockConfig  stm32f3xx_hal_rcc.o
    0x08004e30   0x00000048   Code   RO         2190    i.HAL_RCC_DeInit    stm32f3xx_hal_rcc.o
    0x08004e78   0x0000000c   Code   RO         2194    i.HAL_RCC_GetHCLKFreq  stm32f3xx_hal_rcc.o
    0x08004e84   0x00000030   Code   RO         2196    i.HAL_RCC_GetPCLK1Freq  stm32f3xx_hal_rcc.o
    0x08004eb4   0x00000030   Code   RO         2197    i.HAL_RCC_GetPCLK2Freq  stm32f3xx_hal_rcc.o
    0x08004ee4   0x00000064   Code   RO         2198    i.HAL_RCC_GetSysClockFreq  stm32f3xx_hal_rcc.o
    0x08004f48   0x000005ac   Code   RO         2201    i.HAL_RCC_OscConfig  stm32f3xx_hal_rcc.o
    0x080054f4   0x000000c0   Code   RO         1124    i.HAL_SPI_Init      stm32f3xx_hal_spi.o
    0x080055b4   0x0000009c   Code   RO         6075    i.HAL_SPI_MspInit   stm32f3xx_hal_msp.o
    0x08005650   0x000002b2   Code   RO         1133    i.HAL_SPI_TransmitReceive  stm32f3xx_hal_spi.o
    0x08005902   0x00000018   Code   RO          178    i.HAL_SYSTICK_CLKSourceConfig  stm32f3xx_hal_cortex.o
    0x0800591a   0x00000002   Code   RO          179    i.HAL_SYSTICK_Callback  stm32f3xx_hal_cortex.o
    0x0800591c   0x00000028   Code   RO          180    i.HAL_SYSTICK_Config  stm32f3xx_hal_cortex.o
    0x08005944   0x00000008   Code   RO          181    i.HAL_SYSTICK_IRQHandler  stm32f3xx_hal_cortex.o
    0x0800594c   0x00000002   Code   RO          302    i.HAL_UART_ErrorCallback  stm32f3xx_hal_uart.o
    0x0800594e   0x0000006a   Code   RO          306    i.HAL_UART_Init     stm32f3xx_hal_uart.o
    0x080059b8   0x00000048   Code   RO         6077    i.HAL_UART_MspInit  stm32f3xx_hal_msp.o
    0x08005a00   0x00000080   Code   RO          310    i.HAL_UART_Receive_DMA  stm32f3xx_hal_uart.o
    0x08005a80   0x00000002   Code   RO          312    i.HAL_UART_RxCpltCallback  stm32f3xx_hal_uart.o
    0x08005a82   0x00000002   Code   RO          313    i.HAL_UART_RxHalfCpltCallback  stm32f3xx_hal_uart.o
    0x08005a84   0x000000a4   Code   RO          314    i.HAL_UART_Transmit  stm32f3xx_hal_uart.o
    0x08005b28   0x00000022   Code   RO         1473    i.I2C_Flush_TXDR    stm32f3xx_hal_i2c.o
    0x08005b4a   0x00000002   PAD
    0x08005b4c   0x0000007c   Code   RO         1481    i.I2C_IsAcknowledgeFailed  stm32f3xx_hal_i2c.o
    0x08005bc8   0x00000024   Code   RO         1488    i.I2C_TransferConfig  stm32f3xx_hal_i2c.o
    0x08005bec   0x00000052   Code   RO         1489    i.I2C_WaitOnFlagUntilTimeout  stm32f3xx_hal_i2c.o
    0x08005c3e   0x00000002   PAD
    0x08005c40   0x00000080   Code   RO         1490    i.I2C_WaitOnRXNEFlagUntilTimeout  stm32f3xx_hal_i2c.o
    0x08005cc0   0x0000004e   Code   RO         1491    i.I2C_WaitOnSTOPFlagUntilTimeout  stm32f3xx_hal_i2c.o
    0x08005d0e   0x00000052   Code   RO         1492    i.I2C_WaitOnTXISFlagUntilTimeout  stm32f3xx_hal_i2c.o
    0x08005d60   0x00000020   Code   RO          182    i.NVIC_SetPriority  stm32f3xx_hal_cortex.o
    0x08005d80   0x00000002   Code   RO         6151    i.PendSV_Handler    stm32f3xx_it.o
    0x08005d82   0x00000030   Code   RO         1159    i.SPI_EndRxTxTransaction  stm32f3xx_hal_spi.o
    0x08005db2   0x000000a2   Code   RO         1166    i.SPI_WaitFifoStateUntilTimeout  stm32f3xx_hal_spi.o
    0x08005e54   0x0000008e   Code   RO         1167    i.SPI_WaitFlagStateUntilTimeout  stm32f3xx_hal_spi.o
    0x08005ee2   0x00000002   Code   RO         6152    i.SVC_Handler       stm32f3xx_it.o
    0x08005ee4   0x0000000e   Code   RO         6153    i.SysTick_Handler   stm32f3xx_it.o
    0x08005ef2   0x0000008e   Code   RO         6229    i.SystemClock_Config  main.o
    0x08005f80   0x00000070   Code   RO         6190    i.SystemCoreClockUpdate  system_stm32f3xx.o
    0x08005ff0   0x00000068   Code   RO         6191    i.SystemInit        system_stm32f3xx.o
    0x08006058   0x000000c8   Code   RO          319    i.UART_AdvFeatureConfig  stm32f3xx_hal_uart.o
    0x08006120   0x00000052   Code   RO          320    i.UART_CheckIdleState  stm32f3xx_hal_uart.o
    0x08006172   0x00000026   Code   RO          321    i.UART_DMAError     stm32f3xx_hal_uart.o
    0x08006198   0x0000002a   Code   RO          322    i.UART_DMAReceiveCplt  stm32f3xx_hal_uart.o
    0x080061c2   0x0000000a   Code   RO          323    i.UART_DMARxHalfCplt  stm32f3xx_hal_uart.o
    0x080061cc   0x000001d4   Code   RO          328    i.UART_SetConfig    stm32f3xx_hal_uart.o
    0x080063a0   0x00000096   Code   RO          330    i.UART_WaitOnFlagUntilTimeout  stm32f3xx_hal_uart.o
    0x08006436   0x00000002   PAD
    0x08006438   0x0000000c   Code   RO         4258    i.USB_LP_CAN_RX0_IRQHandler  modcan.o
    0x08006444   0x00000024   Code   RO         6366    i.__0vsnprintf      mc_w.l(printfa.o)
    0x08006468   0x00000054   Code   RO         6301    i.__hardfp_frexpf   m_wm.l(frexpf.o)
    0x080064bc   0x0000008e   Code   RO         6307    i.__hardfp_ldexpf   m_wm.l(ldexpf.o)
    0x0800654a   0x00000006   PAD
    0x08006550   0x000003c4   Code   RO         6319    i.__hardfp_log      m_wm.l(log.o)
    0x08006914   0x00000004   PAD
    0x08006918   0x000000e0   Code   RO         6333    i.__hardfp_round    m_wm.l(round.o)
    0x080069f8   0x000000f8   Code   RO         6470    i.__kernel_poly     m_wm.l(poly.o)
    0x08006af0   0x00000030   Code   RO         6442    i.__mathlib_dbl_divzero  m_wm.l(dunder.o)
    0x08006b20   0x00000014   Code   RO         6443    i.__mathlib_dbl_infnan  m_wm.l(dunder.o)
    0x08006b34   0x00000004   PAD
    0x08006b38   0x00000020   Code   RO         6445    i.__mathlib_dbl_invalid  m_wm.l(dunder.o)
    0x08006b58   0x00000010   Code   RO         6460    i.__mathlib_flt_overflow  m_wm.l(funder.o)
    0x08006b68   0x00000010   Code   RO         6462    i.__mathlib_flt_underflow  m_wm.l(funder.o)
    0x08006b78   0x0000000c   Code   RO         6502    i.__set_errno       mc_w.l(errno.o)
    0x08006b84   0x00000164   Code   RO         6368    i._fp_digits        mc_w.l(printfa.o)
    0x08006ce8   0x0000000e   Code   RO         6422    i._is_digit         mc_w.l(scanf_fp.o)
    0x08006cf6   0x00000002   PAD
    0x08006cf8   0x000006dc   Code   RO         6369    i._printf_core      mc_w.l(printfa.o)
    0x080073d4   0x00000024   Code   RO         6370    i._printf_post_padding  mc_w.l(printfa.o)
    0x080073f8   0x0000002e   Code   RO         6371    i._printf_pre_padding  mc_w.l(printfa.o)
    0x08007426   0x00000016   Code   RO         6372    i._snputc           mc_w.l(printfa.o)
    0x0800743c   0x00000046   Code   RO         3435    i.driverEMC2305GetFANRPM  driverswemc2305.o
    0x08007482   0x00000002   PAD
    0x08007484   0x00000068   Code   RO         3436    i.driverEMC2305GetFANStatus  driverswemc2305.o
    0x080074ec   0x00000058   Code   RO         2761    i.driverHWADCGetLoadVoltage  driverhwadc.o
    0x08007544   0x000000e4   Code   RO         2762    i.driverHWADCGetNTCValue  driverhwadc.o
    0x08007628   0x0000009c   Code   RO         2763    i.driverHWADCInit   driverhwadc.o
    0x080076c4   0x00000026   Code   RO         2764    i.driverHWADCSetInputChannel  driverhwadc.o
    0x080076ea   0x0000001e   Code   RO         2821    i.driverHWEEPROMEraseFlash  driverhweeprom.o
    0x08007708   0x0000003c   Code   RO         2822    i.driverHWEEPROMFindValidPage  driverhweeprom.o
    0x08007744   0x00000058   Code   RO         2823    i.driverHWEEPROMFormat  driverhweeprom.o
    0x0800779c   0x00000188   Code   RO         2824    i.driverHWEEPROMInit  driverhweeprom.o
    0x08007924   0x000000bc   Code   RO         2825    i.driverHWEEPROMPageTransfer  driverhweeprom.o
    0x080079e0   0x00000048   Code   RO         2826    i.driverHWEEPROMReadVariable  driverhweeprom.o
    0x08007a28   0x00000054   Code   RO         2827    i.driverHWEEPROMVerifyPageFullWriteVariable  driverhweeprom.o
    0x08007a7c   0x00000024   Code   RO         2828    i.driverHWEEPROMVerifyPageFullyErased  driverhweeprom.o
    0x08007aa0   0x0000001c   Code   RO         2829    i.driverHWEEPROMWriteVariable  driverhweeprom.o
    0x08007abc   0x0000009c   Code   RO         2898    i.driverHWI2C1Init  driverhwi2c1.o
    0x08007b58   0x00000028   Code   RO         2899    i.driverHWI2C1Read  driverhwi2c1.o
    0x08007b80   0x00000020   Code   RO         2900    i.driverHWI2C1Write  driverhwi2c1.o
    0x08007ba0   0x0000009c   Code   RO         2941    i.driverHWI2C2Init  driverhwi2c2.o
    0x08007c3c   0x00000024   Code   RO         2942    i.driverHWI2C2Read  driverhwi2c2.o
    0x08007c60   0x0000001c   Code   RO         2943    i.driverHWI2C2Write  driverhwi2c2.o
    0x08007c7c   0x00000078   Code   RO         2984    i.driverHWPowerStateInit  driverhwpowerstate.o
    0x08007cf4   0x00000024   Code   RO         2985    i.driverHWPowerStateReadInput  driverhwpowerstate.o
    0x08007d18   0x0000001c   Code   RO         2986    i.driverHWPowerStateSetOutput  driverhwpowerstate.o
    0x08007d34   0x0000005c   Code   RO         3026    i.driverHWSPI1Init  driverhwspi1.o
    0x08007d90   0x0000005c   Code   RO         3027    i.driverHWSPI1Write  driverhwspi1.o
    0x08007dec   0x0000008c   Code   RO         3028    i.driverHWSPI1WriteRead  driverhwspi1.o
    0x08007e78   0x0000001c   Code   RO         3071    i.driverHWSetOutput  driverhwstatus.o
    0x08007e94   0x00000054   Code   RO         3072    i.driverHWStatusInit  driverhwstatus.o
    0x08007ee8   0x0000002c   Code   RO         3110    i.driverHWSwitchesDisableAll  driverhwswitches.o
    0x08007f14   0x00000050   Code   RO         3113    i.driverHWSwitchesInit  driverhwswitches.o
    0x08007f64   0x0000001c   Code   RO         3114    i.driverHWSwitchesSetSwitchState  driverhwswitches.o
    0x08007f80   0x00000034   Code   RO         3165    i.driverHWUART2GetChar  driverhwuart2.o
    0x08007fb4   0x000000a8   Code   RO         3166    i.driverHWUART2Init  driverhwuart2.o
    0x0800805c   0x00000014   Code   RO         3167    i.driverHWUART2SendChar  driverhwuart2.o
    0x08008070   0x00000036   Code   RO         3214    i.driverSWADC128D818GetChannel  driverswadc128d818.o
    0x080080a6   0x00000002   PAD
    0x080080a8   0x000000c8   Code   RO         3215    i.driverSWADC128D818GetTemperature  driverswadc128d818.o
    0x08008170   0x000000dc   Code   RO         3216    i.driverSWADC128D818Init  driverswadc128d818.o
    0x0800824c   0x00000030   Code   RO         3309    i.driverSWDCDCCheckVoltage  driverswdcdc.o
    0x0800827c   0x00000054   Code   RO         3310    i.driverSWDCDCEnableTask  driverswdcdc.o
    0x080082d0   0x00000028   Code   RO         3311    i.driverSWDCDCGetAuxCurrent  driverswdcdc.o
    0x080082f8   0x00000028   Code   RO         3312    i.driverSWDCDCGetAuxVoltage  driverswdcdc.o
    0x08008320   0x0000000c   Code   RO         3313    i.driverSWDCDCGetEnabledState  driverswdcdc.o
    0x0800832c   0x0000007c   Code   RO         3315    i.driverSWDCDCInit  driverswdcdc.o
    0x080083a8   0x0000002c   Code   RO         3316    i.driverSWDCDCSetEnablePin  driverswdcdc.o
    0x080083d4   0x0000000c   Code   RO         3317    i.driverSWDCDCSetEnabledState  driverswdcdc.o
    0x080083e0   0x0000002c   Code   RO         3437    i.driverSWEMC2305Init  driverswemc2305.o
    0x0800840c   0x0000001c   Code   RO         3438    i.driverSWEMC2305SetFANDutyAll  driverswemc2305.o
    0x08008428   0x00000040   Code   RO         3439    i.driverSWEMC2305SetFANDutySingle  driverswemc2305.o
    0x08008468   0x00000088   Code   RO         3486    i.driverSWISL28022GetBusCurrent  driverswisl28022.o
    0x080084f0   0x0000007c   Code   RO         3487    i.driverSWISL28022GetBusVoltage  driverswisl28022.o
    0x0800856c   0x0000003c   Code   RO         3488    i.driverSWISL28022Init  driverswisl28022.o
    0x080085a8   0x00000032   Code   RO         3523    i.driverSWLTC6803CalcPEC  driverswltc6803.o
    0x080085da   0x00000002   PAD
    0x080085dc   0x000000b8   Code   RO         3524    i.driverSWLTC6803ConvertTemperatureExt  driverswltc6803.o
    0x08008694   0x00000024   Code   RO         3525    i.driverSWLTC6803ConvertTemperatureInt  driverswltc6803.o
    0x080086b8   0x00000018   Code   RO         3526    i.driverSWLTC6803EnableBalanceResistors  driverswltc6803.o
    0x080086d0   0x00000038   Code   RO         3527    i.driverSWLTC6803Init  driverswltc6803.o
    0x08008708   0x00000014   Code   RO         3528    i.driverSWLTC6803ReInit  driverswltc6803.o
    0x0800871c   0x00000108   Code   RO         3529    i.driverSWLTC6803ReadCellVoltages  driverswltc6803.o
    0x08008824   0x000000b0   Code   RO         3530    i.driverSWLTC6803ReadConfig  driverswltc6803.o
    0x080088d4   0x000000a4   Code   RO         3531    i.driverSWLTC6803ReadConfigRegisters  driverswltc6803.o
    0x08008978   0x000000a0   Code   RO         3532    i.driverSWLTC6803ReadFlagRegisters  driverswltc6803.o
    0x08008a18   0x0000008e   Code   RO         3534    i.driverSWLTC6803ReadTempVoltages  driverswltc6803.o
    0x08008aa6   0x00000002   PAD
    0x08008aa8   0x00000088   Code   RO         3535    i.driverSWLTC6803ReadVoltageFlags  driverswltc6803.o
    0x08008b30   0x00000006   Code   RO         3536    i.driverSWLTC6803ResetCellVoltageRegisters  driverswltc6803.o
    0x08008b36   0x00000022   Code   RO         3537    i.driverSWLTC6803SendCommand  driverswltc6803.o
    0x08008b58   0x0000000c   Code   RO         3538    i.driverSWLTC6803StartCellVoltageConversion  driverswltc6803.o
    0x08008b64   0x00000006   Code   RO         3539    i.driverSWLTC6803StartLoadedCellVoltageConversion  driverswltc6803.o
    0x08008b6a   0x00000006   Code   RO         3540    i.driverSWLTC6803StartTemperatureVoltageConversion  driverswltc6803.o
    0x08008b70   0x0000000a   Code   RO         3541    i.driverSWLTC6803Write  driverswltc6803.o
    0x08008b7a   0x00000002   PAD
    0x08008b7c   0x000000b4   Code   RO         3542    i.driverSWLTC6803WriteConfig  driverswltc6803.o
    0x08008c30   0x00000072   Code   RO         3543    i.driverSWLTC6803WriteConfigRegisters  driverswltc6803.o
    0x08008ca2   0x00000012   Code   RO         3544    i.driverSWLTC6803WriteRead  driverswltc6803.o
    0x08008cb4   0x00000034   Code   RO         3675    i.driverSWLTC6804CalcPEC15  driverswltc6804.o
    0x08008ce8   0x00000018   Code   RO         3676    i.driverSWLTC6804DelayMS  driverswltc6804.o
    0x08008d00   0x0000001c   Code   RO         3677    i.driverSWLTC6804EnableBalanceResistors  driverswltc6804.o
    0x08008d1c   0x00000060   Code   RO         3678    i.driverSWLTC6804Init  driverswltc6804.o
    0x08008d7c   0x00000056   Code   RO         3681    i.driverSWLTC6804ReadCellVoltageGroups  driverswltc6804.o
    0x08008dd2   0x00000118   Code   RO         3682    i.driverSWLTC6804ReadCellVoltageRegisters  driverswltc6804.o
    0x08008eea   0x00000002   PAD
    0x08008eec   0x00000078   Code   RO         3683    i.driverSWLTC6804ReadCellVoltages  driverswltc6804.o
    0x08008f64   0x00000080   Code   RO         3684    i.driverSWLTC6804ReadConfigRegister  driverswltc6804.o
    0x08008fe4   0x00000046   Code   RO         3685    i.driverSWLTC6804ReadStatusGroups  driverswltc6804.o
    0x0800902a   0x00000002   PAD
    0x0800902c   0x000001bc   Code   RO         3686    i.driverSWLTC6804ReadStatusValues  driverswltc6804.o
    0x080091e8   0x0000003c   Code   RO         3687    i.driverSWLTC6804ReadVoltageFlags  driverswltc6804.o
    0x08009224   0x0000002e   Code   RO         3690    i.driverSWLTC6804ResetCellVoltageRegisters  driverswltc6804.o
    0x08009252   0x00000042   Code   RO         3693    i.driverSWLTC6804StartCellVoltageConversion  driverswltc6804.o
    0x08009294   0x00000046   Code   RO         3694    i.driverSWLTC6804StartLoadedCellVoltageConversion  driverswltc6804.o
    0x080092da   0x00000034   Code   RO         3695    i.driverSWLTC6804WakeIC  driverswltc6804.o
    0x0800930e   0x0000000c   Code   RO         3696    i.driverSWLTC6804Write  driverswltc6804.o
    0x0800931a   0x00000002   PAD
    0x0800931c   0x00000128   Code   RO         3697    i.driverSWLTC6804WriteConfigRegister  driverswltc6804.o
    0x08009444   0x00000014   Code   RO         3698    i.driverSWLTC6804WriteRead  driverswltc6804.o
    0x08009458   0x000000e8   Code   RO         3842    i.driverSWMCP3221GetTemperature  driverswmcp3221.o
    0x08009540   0x00000014   Code   RO         3843    i.driverSWMCP3221GetValue  driverswmcp3221.o
    0x08009554   0x00000020   Code   RO         3844    i.driverSWMCP3221Init  driverswmcp3221.o
    0x08009574   0x0000007c   Code   RO         3886    i.driverSWPCAL6416Init  driverswpcal6416.o
    0x080095f0   0x00000040   Code   RO         3887    i.driverSWPCAL6416SetOutput  driverswpcal6416.o
    0x08009630   0x0000003c   Code   RO         3925    i.driverSWSHT21CalculateCRC  driverswsht21.o
    0x0800966c   0x0000003c   Code   RO         3926    i.driverSWSHT21CalculateHumidity  driverswsht21.o
    0x080096a8   0x0000003c   Code   RO         3927    i.driverSWSHT21CalculateTemperature  driverswsht21.o
    0x080096e4   0x0000000c   Code   RO         3928    i.driverSWSHT21GetHumidity  driverswsht21.o
    0x080096f0   0x0000000c   Code   RO         3929    i.driverSWSHT21GetTemperature  driverswsht21.o
    0x080096fc   0x00000024   Code   RO         3930    i.driverSWSHT21Init  driverswsht21.o
    0x08009720   0x00000064   Code   RO         3931    i.driverSWSHT21PollMeasureReady  driverswsht21.o
    0x08009784   0x00000040   Code   RO         3932    i.driverSWSHT21StartMeasurement  driverswsht21.o
    0x080097c4   0x00000010   Code   RO         3998    i.driverSWSSD1306ClearDisplay  driverswssd1306.o
    0x080097d4   0x00000010   Code   RO         3999    i.driverSWSSD1306ClearDisplayBuffers  driverswssd1306.o
    0x080097e4   0x00000020   Code   RO         4000    i.driverSWSSD1306Command  driverswssd1306.o
    0x08009804   0x00000094   Code   RO         4002    i.driverSWSSD1306DisplayAsync  driverswssd1306.o
    0x08009898   0x000000d0   Code   RO         4005    i.driverSWSSD1306DrawPixel  driverswssd1306.o
    0x08009968   0x00000010   Code   RO         4006    i.driverSWSSD1306FillBuffer  driverswssd1306.o
    0x08009978   0x000000d0   Code   RO         4007    i.driverSWSSD1306Init  driverswssd1306.o
    0x08009a48   0x00000010   Code   RO         4146    i.driverSWStorageManagerEraseData  driverswstoragemanager.o
    0x08009a58   0x00000020   Code   RO         4147    i.driverSWStorageManagerGetOffsetFromLocation  driverswstoragemanager.o
    0x08009a78   0x00000054   Code   RO         4148    i.driverSWStorageManagerGetStruct  driverswstoragemanager.o
    0x08009acc   0x00000020   Code   RO         4149    i.driverSWStorageManagerGetStructSize  driverswstoragemanager.o
    0x08009aec   0x00000050   Code   RO         4150    i.driverSWStorageManagerInit  driverswstoragemanager.o
    0x08009b3c   0x00000054   Code   RO         4151    i.driverSWStorageManagerStoreStruct  driverswstoragemanager.o
    0x08009b90   0x00000024   Code   RO         4205    i.driverSWUART2Init  driverswuart2.o
    0x08009bb4   0x0000002c   Code   RO         4207    i.driverSWUART2Task  driverswuart2.o
    0x08009be0   0x00000050   Code   RO         6388    i.free              mc_w.l(malloc.o)
    0x08009c30   0x00000014   Code   RO         5502    i.libBufferAppend_float16  libbuffer.o
    0x08009c44   0x00000012   Code   RO         5503    i.libBufferAppend_float32  libbuffer.o
    0x08009c56   0x00000002   PAD
    0x08009c58   0x0000006c   Code   RO         5504    i.libBufferAppend_float32_auto  libbuffer.o
    0x08009cc4   0x00000016   Code   RO         5505    i.libBufferAppend_int16  libbuffer.o
    0x08009cda   0x0000002a   Code   RO         5507    i.libBufferAppend_int32  libbuffer.o
    0x08009d04   0x0000000c   Code   RO         5509    i.libBufferAppend_int8  libbuffer.o
    0x08009d10   0x00000016   Code   RO         5510    i.libBufferAppend_uint16  libbuffer.o
    0x08009d26   0x00000016   Code   RO         5511    i.libBufferAppend_uint16_LSBFirst  libbuffer.o
    0x08009d3c   0x0000002a   Code   RO         5512    i.libBufferAppend_uint32  libbuffer.o
    0x08009d66   0x0000002a   Code   RO         5513    i.libBufferAppend_uint32_LSBFirst  libbuffer.o
    0x08009d90   0x0000000c   Code   RO         5514    i.libBufferAppend_uint8  libbuffer.o
    0x08009d9c   0x00000070   Code   RO         5517    i.libBufferGet_float32_auto  libbuffer.o
    0x08009e0c   0x00000010   Code   RO         5518    i.libBufferGet_int16  libbuffer.o
    0x08009e1c   0x0000000e   Code   RO         5521    i.libBufferGet_uint16  libbuffer.o
    0x08009e2a   0x00000018   Code   RO         5522    i.libBufferGet_uint32  libbuffer.o
    0x08009e42   0x0000000a   Code   RO         5523    i.libBufferGet_uint8  libbuffer.o
    0x08009e4c   0x0000002c   Code   RO         5637    i.libCRCCalcCRC16   libcrc.o
    0x08009e78   0x00000188   Code   RO         5675    i.libGraphicsDrawChar  libgraphics.o
    0x0800a000   0x00000012   Code   RO         5679    i.libGraphicsDrawFastVLine  libgraphics.o
    0x0800a012   0x000000a0   Code   RO         5680    i.libGraphicsDrawLine  libgraphics.o
    0x0800a0b2   0x00000004   Code   RO         5681    i.libGraphicsDrawPixel  libgraphics.o
    0x0800a0b6   0x00000028   Code   RO         5688    i.libGraphicsFillRect  libgraphics.o
    0x0800a0de   0x00000002   PAD
    0x0800a0e0   0x0000000c   Code   RO         5694    i.libGraphicsGetRotation  libgraphics.o
    0x0800a0ec   0x0000000c   Code   RO         5696    i.libGraphicsHeight  libgraphics.o
    0x0800a0f8   0x0000002c   Code   RO         5697    i.libGraphicsInit   libgraphics.o
    0x0800a124   0x0000000c   Code   RO         5699    i.libGraphicsSetCursor  libgraphics.o
    0x0800a130   0x0000000c   Code   RO         5702    i.libGraphicsSetTextColor_0  libgraphics.o
    0x0800a13c   0x00000010   Code   RO         5704    i.libGraphicsSetTextSize  libgraphics.o
    0x0800a14c   0x0000000c   Code   RO         5706    i.libGraphicsWidth  libgraphics.o
    0x0800a158   0x0000011c   Code   RO         5707    i.libGraphicsWrite  libgraphics.o
    0x0800a274   0x00000014   Code   RO         5941    i.libPacketInit     libpacket.o
    0x0800a288   0x000000bc   Code   RO         5942    i.libPacketProcessByte  libpacket.o
    0x0800a344   0x0000008c   Code   RO         5943    i.libPacketSendPacket  libpacket.o
    0x0800a3d0   0x00000034   Code   RO         5976    i.libRingBufferAdd  libringbuffer.o
    0x0800a404   0x00000014   Code   RO         5978    i.libRingBufferIncrEnd  libringbuffer.o
    0x0800a418   0x00000014   Code   RO         5979    i.libRingBufferIncrStart  libringbuffer.o
    0x0800a42c   0x00000080   Code   RO         5980    i.libRingBufferInit  libringbuffer.o
    0x0800a4ac   0x0000000c   Code   RO         5981    i.libRingBufferIsEmpty  libringbuffer.o
    0x0800a4b8   0x00000010   Code   RO         5982    i.libRingBufferIsFull  libringbuffer.o
    0x0800a4c8   0x0000002e   Code   RO         5983    i.libRingBufferNew  libringbuffer.o
    0x0800a4f6   0x0000002a   Code   RO         5984    i.libRingBufferNextEndIndex  libringbuffer.o
    0x0800a520   0x00000004   Code   RO         5985    i.libRingBufferNumElements  libringbuffer.o
    0x0800a524   0x00000030   Code   RO         5986    i.libRingBufferPeek  libringbuffer.o
    0x0800a554   0x00000038   Code   RO         5987    i.libRingBufferPull  libringbuffer.o
    0x0800a58c   0x000000a8   Code   RO         6230    i.main              main.o
    0x0800a634   0x00000034   Code   RO         6231    i.mainWatchDogInitAndStart  main.o
    0x0800a668   0x0000006c   Code   RO         6389    i.malloc            mc_w.l(malloc.o)
    0x0800a6d4   0x0000001c   Code   RO         4259    i.modCANGetCANID    modcan.o
    0x0800a6f0   0x0000001c   Code   RO         4260    i.modCANGetDestinationID  modcan.o
    0x0800a70c   0x0000001c   Code   RO         4261    i.modCANGetPacketID  modcan.o
    0x0800a728   0x0000002c   Code   RO         4262    i.modCANHandleCANOpenMessage  modcan.o
    0x0800a754   0x0000005c   Code   RO         4263    i.modCANHandleKeepAliveSafetyMessage  modcan.o
    0x0800a7b0   0x000000f0   Code   RO         4264    i.modCANHandleSubTaskCharger  modcan.o
    0x0800a8a0   0x000000b0   Code   RO         4265    i.modCANInit        modcan.o
    0x0800a950   0x00000020   Code   RO         4266    i.modCANOpenBMSSendHeartBeat  modcan.o
    0x0800a970   0x00000020   Code   RO         4267    i.modCANOpenChargerCheckPresent  modcan.o
    0x0800a990   0x0000005c   Code   RO         4268    i.modCANOpenChargerSetCurrentVoltageReady  modcan.o
    0x0800a9ec   0x00000028   Code   RO         4269    i.modCANOpenChargerStartNode  modcan.o
    0x0800aa14   0x00000040   Code   RO         4270    i.modCANRXWatchDog  modcan.o
    0x0800aa54   0x0000010c   Code   RO         4271    i.modCANSendBuffer  modcan.o
    0x0800ab60   0x00000014   Code   RO         4272    i.modCANSendPacketWrapper  modcan.o
    0x0800ab74   0x0000010c   Code   RO         4273    i.modCANSendSimpleStatusFast  modcan.o
    0x0800ac80   0x00000274   Code   RO         4274    i.modCANSendSimpleStatusSlow  modcan.o
    0x0800aef4   0x00000184   Code   RO         4282    i.modCANSubTaskHandleCommunication  modcan.o
    0x0800b078   0x00000078   Code   RO         4283    i.modCANTask        modcan.o
    0x0800b0f0   0x0000002c   Code   RO         4284    i.modCANTransmitExtID  modcan.o
    0x0800b11c   0x0000002c   Code   RO         4285    i.modCANTransmitStandardID  modcan.o
    0x0800b148   0x00000010   Code   RO         4510    i.modCommandsInit   modcommands.o
    0x0800b158   0x00000024   Code   RO         4511    i.modCommandsJumpToMainApplication  modcommands.o
    0x0800b17c   0x00000038   Code   RO         4512    i.modCommandsPrintf  modcommands.o
    0x0800b1b4   0x00000e10   Code   RO         4513    i.modCommandsProcessPacket  modcommands.o
    0x0800bfc4   0x00000010   Code   RO         4514    i.modCommandsSendPacket  modcommands.o
    0x0800bfd4   0x0000000c   Code   RO         4515    i.modCommandsSetSendFunction  modcommands.o
    0x0800bfe0   0x00000014   Code   RO         4578    i.modConfigInit     modconfig.o
    0x0800bff4   0x0000000c   Code   RO         4579    i.modConfigLoadConfig  modconfig.o
    0x0800c000   0x0000022c   Code   RO         4580    i.modConfigLoadDefaultConfig  modconfig.o
    0x0800c22c   0x0000001c   Code   RO         4581    i.modConfigStoreAndLoadDefaultConfig  modconfig.o
    0x0800c248   0x0000000c   Code   RO         4582    i.modConfigStoreConfig  modconfig.o
    0x0800c254   0x00000020   Code   RO         4583    i.modConfigStoreDefaultConfig  modconfig.o
    0x0800c274   0x00000028   Code   RO         4640    i.modDelayInit      moddelay.o
    0x0800c29c   0x00000034   Code   RO         4641    i.modDelayTick100ms  moddelay.o
    0x0800c2d0   0x00000020   Code   RO         4643    i.modDelayTick1ms   moddelay.o
    0x0800c2f0   0x0000001a   Code   RO         4644    i.modDelayTick1msNoRST  moddelay.o
    0x0800c30a   0x00000002   PAD
    0x0800c30c   0x00000044   Code   RO         4693    i.modDisplayInit    moddisplay.o
    0x0800c350   0x00000288   Code   RO         4694    i.modDisplayShowInfo  moddisplay.o
    0x0800c5d8   0x00000038   Code   RO         4695    i.modDisplayTask    moddisplay.o
    0x0800c610   0x00000028   Code   RO         4734    i.modEffectChangeState  modeffect.o
    0x0800c638   0x00000012   Code   RO         4735    i.modEffectInit     modeffect.o
    0x0800c64a   0x00000002   PAD
    0x0800c64c   0x00000070   Code   RO         4736    i.modEffectTask     modeffect.o
    0x0800c6bc   0x0000004c   Code   RO         4737    i.modEffectTaskBlinkLong  modeffect.o
    0x0800c708   0x0000004c   Code   RO         4738    i.modEffectTaskBlinkShort  modeffect.o
    0x0800c754   0x00000038   Code   RO         4739    i.modEffectTaskBlinkShortLong  modeffect.o
    0x0800c78c   0x00000024   Code   RO         4740    i.modEffectTaskFlash  modeffect.o
    0x0800c7b0   0x00000024   Code   RO         4741    i.modEffectTaskFlashFast  modeffect.o
    0x0800c7d4   0x00000048   Code   RO         4808    i.modFlashEraseNewAppData  modflash.o
    0x0800c81c   0x00000084   Code   RO         4809    i.modFlashJumpToBootloader  modflash.o
    0x0800c8a0   0x0000004c   Code   RO         4811    i.modFlashWriteByte  modflash.o
    0x0800c8ec   0x00000038   Code   RO         4812    i.modFlashWriteNewAppData  modflash.o
    0x0800c924   0x0000008c   Code   RO         4872    i.modHiAmpInit      modhiamp.o
    0x0800c9b0   0x00000020   Code   RO         4873    i.modHiAmpShieldMainShuntMonitorInit  modhiamp.o
    0x0800c9d0   0x00000074   Code   RO         4874    i.modHiAmpShieldPresentCheck  modhiamp.o
    0x0800ca44   0x0000008c   Code   RO         4875    i.modHiAmpShieldRelayControllerPassSampledInput  modhiamp.o
    0x0800cad0   0x0000002c   Code   RO         4876    i.modHiAmpShieldRelayControllerSetRelayOutputState  modhiamp.o
    0x0800cafc   0x00000168   Code   RO         4877    i.modHiAmpShieldRelayControllerTask  modhiamp.o
    0x0800cc64   0x00000098   Code   RO         4878    i.modHiAmpShieldResetSensors  modhiamp.o
    0x0800ccfc   0x0000002c   Code   RO         4879    i.modHiAmpShieldResetVariables  modhiamp.o
    0x0800cd28   0x000000ba   Code   RO         4880    i.modHiAmpShieldScanI2CDevices  modhiamp.o
    0x0800cde2   0x00000002   PAD
    0x0800cde4   0x0000001c   Code   RO         4881    i.modHiAmpShieldSetFANSpeedAll  modhiamp.o
    0x0800ce00   0x00000024   Code   RO         4882    i.modHiAmpShieldShuntMonitorGetCurrent  modhiamp.o
    0x0800ce24   0x0000001c   Code   RO         4883    i.modHiAmpShieldShuntMonitorGetVoltage  modhiamp.o
    0x0800ce40   0x00000148   Code   RO         4884    i.modHiAmpShieldTemperatureHumidityMeasureTask  modhiamp.o
    0x0800cf88   0x00000154   Code   RO         4885    i.modHiAmpTask      modhiamp.o
    0x0800d0dc   0x00000034   Code   RO         4976    i.modOperationalStateDelayedDisable  modoperationalstate.o
    0x0800d110   0x00000068   Code   RO         4977    i.modOperationalStateHandleChargerDisconnect  modoperationalstate.o
    0x0800d178   0x0000003c   Code   RO         4978    i.modOperationalStateInit  modoperationalstate.o
    0x0800d1b4   0x00000028   Code   RO         4979    i.modOperationalStatePowerDownDelayCheck  modoperationalstate.o
    0x0800d1dc   0x00000014   Code   RO         4980    i.modOperationalStateSetAllStates  modoperationalstate.o
    0x0800d1f0   0x0000050c   Code   RO         4982    i.modOperationalStateTask  modoperationalstate.o
    0x0800d6fc   0x00000010   Code   RO         4983    i.modOperationalStateTerminateOperation  modoperationalstate.o
    0x0800d70c   0x00000014   Code   RO         4984    i.modOperationalStateUpdateStates  modoperationalstate.o
    0x0800d720   0x0000000c   Code   RO         5054    i.modPowerElectronicsAllowForcedOn  modpowerelectronics.o
    0x0800d72c   0x00000040   Code   RO         5055    i.modPowerElectronicsCalcPackCurrent  modpowerelectronics.o
    0x0800d76c   0x00000110   Code   RO         5056    i.modPowerElectronicsCalcTempStats  modpowerelectronics.o
    0x0800d87c   0x00000104   Code   RO         5057    i.modPowerElectronicsCalcThrottle  modpowerelectronics.o
    0x0800d980   0x00000088   Code   RO         5058    i.modPowerElectronicsCalculateCellStats  modpowerelectronics.o
    0x0800da08   0x00000018   Code   RO         5059    i.modPowerElectronicsCellMonitorsCheckAndSolveInitState  modpowerelectronics.o
    0x0800da20   0x000000ac   Code   RO         5060    i.modPowerElectronicsCellMonitorsCheckConfigAndReadAnalogData  modpowerelectronics.o
    0x0800dacc   0x00000034   Code   RO         5061    i.modPowerElectronicsCellMonitorsEnableBalanceResistors  modpowerelectronics.o
    0x0800db00   0x000000b8   Code   RO         5062    i.modPowerElectronicsCellMonitorsInit  modpowerelectronics.o
    0x0800dbb8   0x00000038   Code   RO         5063    i.modPowerElectronicsCellMonitorsReadVoltageFlags  modpowerelectronics.o
    0x0800dbf0   0x0000003c   Code   RO         5064    i.modPowerElectronicsCellMonitorsStartCellConversion  modpowerelectronics.o
    0x0800dc2c   0x00000048   Code   RO         5065    i.modPowerElectronicsCellMonitorsStartLoadedCellConversion  modpowerelectronics.o
    0x0800dc74   0x00000020   Code   RO         5066    i.modPowerElectronicsCellMonitorsStartTemperatureConversion  modpowerelectronics.o
    0x0800dc94   0x0000008c   Code   RO         5068    i.modPowerElectronicsCheckWaterSensors  modpowerelectronics.o
    0x0800dd20   0x0000002c   Code   RO         5069    i.modPowerElectronicsDisableAll  modpowerelectronics.o
    0x0800dd4c   0x0000002c   Code   RO         5070    i.modPowerElectronicsHCSafetyCANAndPowerButtonCheck  modpowerelectronics.o
    0x0800dd78   0x00000174   Code   RO         5071    i.modPowerElectronicsInit  modpowerelectronics.o
    0x0800deec   0x00000020   Code   RO         5072    i.modPowerElectronicsInitISL  modpowerelectronics.o
    0x0800df0c   0x00000036   Code   RO         5073    i.modPowerElectronicsMapVariableFloat  modpowerelectronics.o
    0x0800df42   0x00000002   PAD
    0x0800df44   0x00000010   Code   RO         5075    i.modPowerElectronicsResetBalanceModeActiveTimeout  modpowerelectronics.o
    0x0800df54   0x0000002c   Code   RO         5076    i.modPowerElectronicsSetCharge  modpowerelectronics.o
    0x0800df80   0x00000054   Code   RO         5077    i.modPowerElectronicsSetDisCharge  modpowerelectronics.o
    0x0800dfd4   0x0000002c   Code   RO         5078    i.modPowerElectronicsSetPreCharge  modpowerelectronics.o
    0x0800e000   0x00000050   Code   RO         5079    i.modPowerElectronicsSortCells  modpowerelectronics.o
    0x0800e050   0x000000f0   Code   RO         5080    i.modPowerElectronicsSubTaskBalaning  modpowerelectronics.o
    0x0800e140   0x00000068   Code   RO         5081    i.modPowerElectronicsSubTaskBuzzer  modpowerelectronics.o
    0x0800e1a8   0x000001b4   Code   RO         5082    i.modPowerElectronicsSubTaskVoltageWatch  modpowerelectronics.o
    0x0800e35c   0x000001f4   Code   RO         5083    i.modPowerElectronicsTask  modpowerelectronics.o
    0x0800e550   0x00000724   Code   RO         5084    i.modPowerElectronicsTerminalCellConnectionTest  modpowerelectronics.o
    0x0800ec74   0x00000064   Code   RO         5085    i.modPowerElectronicsUpdateSwitches  modpowerelectronics.o
    0x0800ecd8   0x0000000c   Code   RO         5266    i.modPowerStateButtonPressedOnTurnon  modpowerstate.o
    0x0800ece4   0x00000014   Code   RO         5267    i.modPowerStateChargerDetected  modpowerstate.o
    0x0800ecf8   0x0000001c   Code   RO         5268    i.modPowerStateForceOnRequest  modpowerstate.o
    0x0800ed14   0x0000000c   Code   RO         5269    i.modPowerStateGetButtonPressedState  modpowerstate.o
    0x0800ed20   0x0000000c   Code   RO         5270    i.modPowerStateGetLongButtonPressState  modpowerstate.o
    0x0800ed2c   0x00000064   Code   RO         5271    i.modPowerStateInit  modpowerstate.o
    0x0800ed90   0x00000024   Code   RO         5272    i.modPowerStatePowerdownRequest  modpowerstate.o
    0x0800edb4   0x00000020   Code   RO         5273    i.modPowerStateSetConfigHandle  modpowerstate.o
    0x0800edd4   0x00000008   Code   RO         5274    i.modPowerStateSetState  modpowerstate.o
    0x0800eddc   0x00000098   Code   RO         5275    i.modPowerStateTask  modpowerstate.o
    0x0800ee74   0x0000002c   Code   RO         5350    i.modStateOfChargeInit  modstateofcharge.o
    0x0800eea0   0x0000000c   Code   RO         5351    i.modStateOfChargeLoadStateOfCharge  modstateofcharge.o
    0x0800eeac   0x0000001c   Code   RO         5352    i.modStateOfChargePowerDownSave  modstateofcharge.o
    0x0800eec8   0x000000f4   Code   RO         5353    i.modStateOfChargeProcess  modstateofcharge.o
    0x0800efbc   0x0000005c   Code   RO         5354    i.modStateOfChargeStoreAndLoadDefaultStateOfCharge  modstateofcharge.o
    0x0800f018   0x0000000c   Code   RO         5355    i.modStateOfChargeStoreStateOfCharge  modstateofcharge.o
    0x0800f024   0x0000001c   Code   RO         5356    i.modStateOfChargeVoltageEvent  modstateofcharge.o
    0x0800f040   0x00001880   Code   RO         5413    i.modTerminalProcessString  modterminal.o
    0x080108c0   0x00000060   Code   RO         5414    i.modTerminalRegisterCommandCallBack  modterminal.o
    0x08010920   0x00000020   Code   RO         5448    i.modUARTInit       moduart.o
    0x08010940   0x0000001c   Code   RO         5449    i.modUARTProcessPacket  moduart.o
    0x0801095c   0x00000018   Code   RO         5450    i.modUARTSendPacket  moduart.o
    0x08010974   0x00000006   Code   RO         5451    i.modUARTSendPacketWrapper  moduart.o
    0x0801097a   0x00000002   PAD
    0x0801097c   0x00000022   Code   RO         5452    i.modUARTTask       moduart.o
    0x0801099e   0x00000038   Code   RO         4584    i.modconfigHardwareLimitsApply  modconfig.o
    0x080109d6   0x00000020   Data   RO         2202    .constdata          stm32f3xx_hal_rcc.o
    0x080109f6   0x00000002   PAD
    0x080109f8   0x00000030   Data   RO         2766    .constdata          driverhwadc.o
    0x08010a28   0x00000030   Data   RO         2902    .constdata          driverhwi2c1.o
    0x08010a58   0x00000030   Data   RO         2945    .constdata          driverhwi2c2.o
    0x08010a88   0x0000003c   Data   RO         2987    .constdata          driverhwpowerstate.o
    0x08010ac4   0x00000024   Data   RO         3073    .constdata          driverhwstatus.o
    0x08010ae8   0x00000078   Data   RO         3115    .constdata          driverhwswitches.o
    0x08010b60   0x00000400   Data   RO         3700    .constdata          driverswltc6804.o
    0x08010f60   0x00000190   Data   RO         4813    .constdata          modflash.o
    0x080110f0   0x00000200   Data   RO         5638    .constdata          libcrc.o
    0x080112f0   0x00000500   Data   RO         5652    .constdata          libglcdfont.o
    0x080117f0   0x00001c00   Data   RO         5926    .constdata          liblogos.o
    0x080133f0   0x00000010   Data   RO         6192    .constdata          system_stm32f3xx.o
    0x08013400   0x00000008   Data   RO         6193    .constdata          system_stm32f3xx.o
    0x08013408   0x00000038   Data   RO         6322    .constdata          m_wm.l(log.o)
    0x08013440   0x00000008   Data   RO         6472    .constdata          m_wm.l(qnan.o)
    0x08013448   0x00000040   Data   RO         6541    .constdata          mc_w.l(ctype_c.o)
    0x08013488   0x00000055   Data   RO         5086    .conststring        modpowerelectronics.o
    0x080134dd   0x00000003   PAD
    0x080134e0   0x0000010a   Data   RO         5416    .conststring        modterminal.o


==============================================================================

Image component sizes


      Code (inc. data)   RO Data    RW Data    ZI Data      Debug   Object Name

       510         38         48          8         84       4673   driverhwadc.o
       978         58          0          4          0       8522   driverhweeprom.o
       228         34         48          0         76       3439   driverhwi2c1.o
       220         34         48          0         76       3419   driverhwi2c2.o
       184         16         60          0          0       3453   driverhwpowerstate.o
       324         18          0          0        100       3296   driverhwspi1.o
       112         14         36          0          0       2821   driverhwstatus.o
       152         16        120          0          0       3361   driverhwswitches.o
       252         38          0          4       1196       3363   driverhwuart2.o
       474         32          0         16          0       2972   driverswadc128d818.o
       404         58          0         16          0      33948   driverswdcdc.o
       310         28          0          5          0       4578   driverswemc2305.o
       320         20          0          2          0       2823   driverswisl28022.o
      1798        116          0         16         20      17278   driverswltc6803.o
      1950         82       1024         20         48      19242   driverswltc6804.o
       284         30          0          1         40       3031   driverswmcp3221.o
       188         10          0          3          0       1695   driverswpcal6416.o
       404         60          0         16          0       7070   driverswsht21.o
       644         44          0          4       2065       5659   driverswssd1306.o
       328         24          0         12          0       6536   driverswstoragemanager.o
        80          8          0          4          0       2420   driverswuart2.o
       538         24          0          0          0      11245   libbuffer.o
        44          6        512          0          0       1294   libcrc.o
         0          0       1280          0          0        559   libglcdfont.o
      1018         50          0         24          0      11234   libgraphics.o
         0          0       7168          0          0        535   liblogos.o
       348         24          0          0       4160       3213   libpacket.o
       444         38          0          0          0       8130   libringbuffer.o
       362         20          0          8        364       3047   main.o
      2864        170          0         64      10332      21675   modcan.o
      3736         76          0         20       1576      33435   modcommands.o
       716        112          0          0        296       4827   modconfig.o
       150         14          0         12          0      30438   moddelay.o
       772         58          0         16         16       2631   moddisplay.o
       450         42          0         52          0       5741   modeffect.o
       336         36        400         12          0       8311   modflash.o
      1974         82          0         36          0      11169   modhiamp.o
      1604         54          0         64         16      12163   modoperationalstate.o
      5558        824         85         90          0      28111   modpowerelectronics.o
       412         50          0         32          0       7592   modpowerstate.o
       460         78          0         20         16       5618   modstateofcharge.o
      6368       4108        266          4        400       4367   modterminal.o
       124         12          0          0          0       2946   moduart.o
        36          8        392          0       3072        836   startup_stm32f303xc.o
       126         22          0          4          0       3835   stm32f3xx_hal.o
      2320        104          0          0          0       7870   stm32f3xx_hal_adc_ex.o
      1848         26          0          0          0       7748   stm32f3xx_hal_can.o
       228         14          0          0          0      32233   stm32f3xx_hal_cortex.o
      1406         20          0          0          0       3907   stm32f3xx_hal_dma.o
       324         42          0          0         32       4349   stm32f3xx_hal_flash.o
       240         28          0          0          0       3405   stm32f3xx_hal_flash_ex.o
       412         28          0          0          0       3151   stm32f3xx_hal_gpio.o
      1340         34          0          0          0      10942   stm32f3xx_hal_i2c.o
        86          0          0          0          0       1155   stm32f3xx_hal_i2c_ex.o
       336          0          0          0          0       3515   stm32f3xx_hal_iwdg.o
       600         58          0          0          0       4497   stm32f3xx_hal_msp.o
         0          0          0          0          0     615852   stm32f3xx_hal_pwr_ex.o
      2124        100         32          0          0       6945   stm32f3xx_hal_rcc.o
       536         14          0          0          0       1616   stm32f3xx_hal_rcc_ex.o
      1234          0          0          0          0       5469   stm32f3xx_hal_spi.o
      1394         68          0          0          0      10391   stm32f3xx_hal_uart.o
        18          0          0          0          0       1437   stm32f3xx_it.o
       216         44         24          4          0       2203   system_stm32f3xx.o

    ----------------------------------------------------------------------
     53302       7266      11582        596      23992    1093236   Object Totals
         0          0         32          0          0          0   (incl. Generated)
        56          0          7          3          7          0   (incl. Padding)

    ----------------------------------------------------------------------

      Code (inc. data)   RO Data    RW Data    ZI Data      Debug   Library Member Name

       100         28          0          0          0        372   dunder.o
        84          4          0          0          0        116   frexpf.o
        32         12          0          0          0        232   funder.o
       142          0          0          0          0        156   ldexpf.o
       964         92         56          0          0        316   log.o
       248          0          0          0          0        152   poly.o
         0          0          8          0          0          0   qnan.o
       224         30          0          0          0        172   round.o
        56          8          0          0          0         84   __0sscanf.o
        58          0          0          0          0          0   __dczerorl.o
        28          0          0          0          0         68   _chval.o
       812          4          0          0          0        112   _scanf.o
       332          0          0          0          0         96   _scanf_int.o
        64          0          0          0          0         84   _sgetc.o
        40          6         64          0          0         68   ctype_c.o
         0          0          0          0          0          0   entry.o
         0          0          0          0          0          0   entry10a.o
         0          0          0          0          0          0   entry11a.o
         8          4          0          0          0          0   entry2.o
         4          0          0          0          0          0   entry5.o
         0          0          0          0          0          0   entry7b.o
         0          0          0          0          0          0   entry8b.o
         8          4          0          0          0          0   entry9a.o
        12          6          0          4          0         68   errno.o
        30          0          0          0          0          0   handlers.o
        36          8          0          0          0         68   init.o
        10          0          0          0          0         68   isspace_c.o
         0          0          0          0          0          0   iusefp.o
        30          0          0          0          0         68   llshl.o
        36          0          0          0          0         68   llsshr.o
        32          0          0          0          0         68   llushr.o
       188         20          0          0          0        160   malloc.o
        26          0          0          0          0         80   memcmp.o
        36          0          0          0          0         68   memcpya.o
        36          0          0          0          0        108   memseta.o
         0          0          0          8          0          0   mvars.o
      2252         84          0          0          0        508   printfa.o
        40          8          0          0          0         84   scanf_char.o
       838         12          0          0          0        216   scanf_fp.o
        28          0          0          0          0         76   strcmp.o
        18          0          0          0          0         68   strcpy.o
        68          6          0          4          0         80   strtok.o
        44          0          0          0          0         80   uidiv.o
        98          0          0          0          0         92   uldiv.o
        48          0          0          0          0         68   cdcmple.o
        48          0          0          0          0         68   cdrcmple.o
        56          0          0          0          0         88   d2f.o
       334          0          0          0          0        148   dadd.o
       222          0          0          0          0        100   ddiv.o
       186          0          0          0          0        176   depilogue.o
        50          0          0          0          0         76   dfixui.o
        48          0          0          0          0         68   dfixul.o
        34          0          0          0          0         76   dflti.o
        26          0          0          0          0         76   dfltui.o
        24          0          0          0          0         76   dfltul.o
       228          0          0          0          0         96   dmul.o
       136          4          0          0          0         92   drnd.o
        38          0          0          0          0         68   f2d.o
       110          0          0          0          0        168   fepilogue.o
        24          0          0          0          0         68   fscalb.o

    ----------------------------------------------------------------------
      8696        344        128         16          4       5568   Library Totals
        22          4          0          0          4          0   (incl. Padding)

    ----------------------------------------------------------------------

      Code (inc. data)   RO Data    RW Data    ZI Data      Debug   Library Name

      1794        166         64          0          0       1516   m_wm.l
      5268        170         64         16          0       2540   mc_w.l
      1612          4          0          0          0       1512   mf_w.l

    ----------------------------------------------------------------------
      8696        344        128         16          4       5568   Library Totals

    ----------------------------------------------------------------------

==============================================================================


      Code (inc. data)   RO Data    RW Data    ZI Data      Debug   

     61998       7610      11710        612      23996    1058300   Grand Totals
     61998       7610      11710         28      23996    1058300   ELF Image Totals (compressed)
     61998       7610      11710         28          0          0   ROM Totals

==============================================================================

    Total RO  Size (Code + RO Data)                73708 (  71.98kB)
    Total RW  Size (RW Data + ZI Data)             24608 (  24.03kB)
    Total ROM Size (Code + RO Data + RW Data)      73736 (  72.01kB)

==============================================================================

